Archive member included because of file (symbol)

C:\data\workspaces\github\de.protos.demos\src\XMC2GoBlinky\etrice.runtime.c.FreeRTOS\Debug\libXMC2GoBlinky.etrice.runtime.c.FreeRTOS.a(etLogger.o)
                              src-gen/XMC2GoDemoModel/XMC2Go_PingPong_subSysRef_Runner.o (etLogger_logInfo)
C:\data\workspaces\github\de.protos.demos\src\XMC2GoBlinky\etrice.runtime.c.FreeRTOS\Debug\libXMC2GoBlinky.etrice.runtime.c.FreeRTOS.a(etPlatformLifecycle.o)
                              src-gen/XMC2GoDemoModel/XMC2Go_PingPong_subSysRef_Runner.o (etUserEntry)
C:\data\workspaces\github\de.protos.demos\src\XMC2GoBlinky\etrice.runtime.c.FreeRTOS\Debug\libXMC2GoBlinky.etrice.runtime.c.FreeRTOS.a(etTime.o)
                              src-gen/room/basic/service/timing/ATimingService.o (getTimeFromTarget)
C:\data\workspaces\github\de.protos.demos\src\XMC2GoBlinky\etrice.runtime.c.FreeRTOS\Debug\libXMC2GoBlinky.etrice.runtime.c.FreeRTOS.a(etActor.o)
                              src-gen/room/basic/service/timing/ATimingService.o (handleSystemEvent)
C:\data\workspaces\github\de.protos.demos\src\XMC2GoBlinky\etrice.runtime.c.FreeRTOS\Debug\libXMC2GoBlinky.etrice.runtime.c.FreeRTOS.a(etPort.o)
                              src-gen/room/basic/service/timing/PTimer.o (etPort_sendMessage)
C:\data\workspaces\github\de.protos.demos\src\XMC2GoBlinky\etrice.runtime.c.FreeRTOS\Debug\libXMC2GoBlinky.etrice.runtime.c.FreeRTOS.a(etMessageService.o)
                              src-gen/XMC2GoDemoModel/XMC2Go_PingPong_subSysRef.o (etMessageService_init)
C:\data\workspaces\github\de.protos.demos\src\XMC2GoBlinky\etrice.runtime.c.FreeRTOS\Debug\libXMC2GoBlinky.etrice.runtime.c.FreeRTOS.a(etSystemProtocol.o)
                              C:\data\workspaces\github\de.protos.demos\src\XMC2GoBlinky\etrice.runtime.c.FreeRTOS\Debug\libXMC2GoBlinky.etrice.runtime.c.FreeRTOS.a(etMessageService.o) (etSystemProtocolConjPort_poll)
C:\data\workspaces\github\de.protos.demos\src\XMC2GoBlinky\etrice.runtime.c.FreeRTOS\Debug\libXMC2GoBlinky.etrice.runtime.c.FreeRTOS.a(tasks.o)
                              C:\data\workspaces\github\de.protos.demos\src\XMC2GoBlinky\etrice.runtime.c.FreeRTOS\Debug\libXMC2GoBlinky.etrice.runtime.c.FreeRTOS.a(etPlatformLifecycle.o) (vTaskStartScheduler)
C:\data\workspaces\github\de.protos.demos\src\XMC2GoBlinky\etrice.runtime.c.FreeRTOS\Debug\libXMC2GoBlinky.etrice.runtime.c.FreeRTOS.a(timers.o)
                              C:\data\workspaces\github\de.protos.demos\src\XMC2GoBlinky\etrice.runtime.c.FreeRTOS\Debug\libXMC2GoBlinky.etrice.runtime.c.FreeRTOS.a(tasks.o) (xTimerCreateTimerTask)
C:\data\workspaces\github\de.protos.demos\src\XMC2GoBlinky\etrice.runtime.c.FreeRTOS\Debug\libXMC2GoBlinky.etrice.runtime.c.FreeRTOS.a(heap_1.o)
                              C:\data\workspaces\github\de.protos.demos\src\XMC2GoBlinky\etrice.runtime.c.FreeRTOS\Debug\libXMC2GoBlinky.etrice.runtime.c.FreeRTOS.a(tasks.o) (pvPortMalloc)
C:\data\workspaces\github\de.protos.demos\src\XMC2GoBlinky\etrice.runtime.c.FreeRTOS\Debug\libXMC2GoBlinky.etrice.runtime.c.FreeRTOS.a(port.o)
                              C:\data\workspaces\github\de.protos.demos\src\XMC2GoBlinky\etrice.runtime.c.FreeRTOS\Debug\libXMC2GoBlinky.etrice.runtime.c.FreeRTOS.a(tasks.o) (pxPortInitialiseStack)
C:\data\workspaces\github\de.protos.demos\src\XMC2GoBlinky\etrice.runtime.c.FreeRTOS\Debug\libXMC2GoBlinky.etrice.runtime.c.FreeRTOS.a(etMutex.o)
                              C:\data\workspaces\github\de.protos.demos\src\XMC2GoBlinky\etrice.runtime.c.FreeRTOS\Debug\libXMC2GoBlinky.etrice.runtime.c.FreeRTOS.a(etMessageService.o) (etMutex_construct)
C:\data\workspaces\github\de.protos.demos\src\XMC2GoBlinky\etrice.runtime.c.FreeRTOS\Debug\libXMC2GoBlinky.etrice.runtime.c.FreeRTOS.a(etPlatform.o)
                              C:\data\workspaces\github\de.protos.demos\src\XMC2GoBlinky\etrice.runtime.c.FreeRTOS\Debug\libXMC2GoBlinky.etrice.runtime.c.FreeRTOS.a(etPlatformLifecycle.o) (initHw)
C:\data\workspaces\github\de.protos.demos\src\XMC2GoBlinky\etrice.runtime.c.FreeRTOS\Debug\libXMC2GoBlinky.etrice.runtime.c.FreeRTOS.a(etSema.o)
                              C:\data\workspaces\github\de.protos.demos\src\XMC2GoBlinky\etrice.runtime.c.FreeRTOS\Debug\libXMC2GoBlinky.etrice.runtime.c.FreeRTOS.a(etMessageService.o) (etSema_construct)
C:\data\workspaces\github\de.protos.demos\src\XMC2GoBlinky\etrice.runtime.c.FreeRTOS\Debug\libXMC2GoBlinky.etrice.runtime.c.FreeRTOS.a(etThread.o)
                              C:\data\workspaces\github\de.protos.demos\src\XMC2GoBlinky\etrice.runtime.c.FreeRTOS\Debug\libXMC2GoBlinky.etrice.runtime.c.FreeRTOS.a(etMessageService.o) (etThread_construct)
C:\data\workspaces\github\de.protos.demos\src\XMC2GoBlinky\etrice.runtime.c.FreeRTOS\Debug\libXMC2GoBlinky.etrice.runtime.c.FreeRTOS.a(etTimer.o)
[...]
Memory Configuration

Name             Origin             Length             Attributes
FLASH            0x10001000         0x00010000         xr
SRAM             0x20000000         0x00004000         !xr
*default*        0x00000000         0xffffffff

Linker script and memory map

LOAD src-gen/room/basic/service/timing/ATimingService.o
LOAD src-gen/room/basic/service/timing/PTimer.o
LOAD src-gen/XMC2GoDemoModel/ADimmer.o
LOAD src-gen/XMC2GoDemoModel/MrPing.o
LOAD src-gen/XMC2GoDemoModel/MrPong.o
LOAD src-gen/XMC2GoDemoModel/PingPongData.o
LOAD src-gen/XMC2GoDemoModel/PingPongProtocol.o
LOAD src-gen/XMC2GoDemoModel/PingPongTop.o
LOAD src-gen/XMC2GoDemoModel/XMC2Go_PingPong_subSysRef.o
LOAD src-gen/XMC2GoDemoModel/XMC2Go_PingPong_subSysRef_Runner.o
LOAD src-gen/DaveInterface/PIO004.o
LOAD src-gen/DaveInterface/PUART001.o
LOAD src-gen/DaveInterface/PWMSP001.o
LOAD Startup/startup_XMC1100.o
LOAD Startup/system_XMC1100.o
LOAD Lib/System_LibcStubs.o
LOAD Dave/Generated/src/UART001/UART001.o
LOAD Dave/Generated/src/UART001/UART001_Conf.o
LOAD Dave/Generated/src/PWMSP001/PWMSP001.o
LOAD Dave/Generated/src/PWMSP001/PWMSP001_Conf.o
LOAD Dave/Generated/src/IO004/IO004.o
LOAD Dave/Generated/src/IO004/IO004_Conf.o
LOAD Dave/Generated/src/DAVESupport/DAVE3.o
LOAD Dave/Generated/src/DAVESupport/MULTIPLEXER.o
LOAD Dave/Generated/src/CLK002/CLK002.o
LOAD Dave/Generated/src/CCU4GLOBAL/CCU4GLOBAL.o
LOAD Dave/Generated/src/CCU4GLOBAL/CCU4GLOBAL_Conf.o
LOAD C:\data\workspaces\github\de.protos.demos\src\XMC2GoBlinky\etrice.runtime.c.FreeRTOS\Debug\libXMC2GoBlinky.etrice.runtime.c.FreeRTOS.a
START GROUP
LOAD c:/dave-3.1.10/arm-gcc/bin/../lib/gcc/arm-none-eabi/4.7.4/armv6-m\libgcc.a
LOAD c:/dave-3.1.10/arm-gcc/bin/../lib/gcc/arm-none-eabi/4.7.4/../../../../arm-none-eabi/lib/armv6-m\libg.a
LOAD c:/dave-3.1.10/arm-gcc/bin/../lib/gcc/arm-none-eabi/4.7.4/../../../../arm-none-eabi/lib/armv6-m\libc.a
END GROUP
                0x00000800                stack_size = 0x800

.text           0x10001000     0x97b4
                0x10001000                sText = .
 *(.Xmc1100.reset)
 .Xmc1100.reset
                0x10001000       0x2c Startup/startup_XMC1100.o
                0x10001000                __Xmc1100_interrupt_vector_cortex_m
                0x10001018                __Xmc1100_reset_cortex_m
 *(.Xmc1100.postreset)
 .Xmc1100.postreset
                0x1000102c       0xa0 Startup/startup_XMC1100.o
 *(.XmcStartup)
 .XmcStartup    0x100010cc        0x8 Startup/startup_XMC1100.o
                0x100010cc                software_init_hook
                0x100010d0                hardware_init_hook
 *(.text .text.* .gnu.linkonce.t.*)
 .text          0x100010d4        0x0 src-gen/room/basic/service/timing/ATimingService.o
 .text.setState
                0x100010d4       0x1c src-gen/room/basic/service/timing/ATimingService.o
 .text.getState
                0x100010f0       0x18 src-gen/room/basic/service/timing/ATimingService.o
 .text.entry_Operational
                0x10001108       0x10 src-gen/room/basic/service/timing/ATimingService.o
 .text.do_Operational
                0x10001118       0xa4 src-gen/room/basic/service/timing/ATimingService.o
 .text.action_TRANS_INITIAL_TO__Operational
                0x100011bc       0x64 src-gen/room/basic/service/timing/ATimingService.o
 .text.action_TRANS_tr1_FROM_Operational_TO_Operational_BY_startTimeouttimer_tr1
                0x10001220       0x94 src-gen/room/basic/service/timing/ATimingService.o
 .text.action_TRANS_tr3_FROM_Operational_TO_Operational_BY_startTimertimer_tr3
                0x100012b4       0x94 src-gen/room/basic/service/timing/ATimingService.o
 .text.action_TRANS_tr4_FROM_Operational_TO_Operational_BY_killtimer_tr4
                0x10001348       0x20 src-gen/room/basic/service/timing/ATimingService.o
 .text.exitTo   0x10001368       0x4c src-gen/room/basic/service/timing/ATimingService.o
 .text.executeTransitionChain
                0x100013b4       0x84 src-gen/room/basic/service/timing/ATimingService.o
 .text.enterHistory
                0x10001438       0x78 src-gen/room/basic/service/timing/ATimingService.o
 .text.ATimingService_executeInitTransition
                0x100014b0       0x58 src-gen/room/basic/service/timing/ATimingService.o
 .text.ATimingService_receiveEvent
                0x10001508      0x124 src-gen/room/basic/service/timing/ATimingService.o
 .text.ATimingService_init
                0x1000162c       0x3c src-gen/room/basic/service/timing/ATimingService.o
                0x1000162c                ATimingService_init
 .text.ATimingService_receiveMessage
                0x10001668       0x24 src-gen/room/basic/service/timing/ATimingService.o
                0x10001668                ATimingService_receiveMessage
 .text.ATimingService_execute
                0x1000168c       0x1c src-gen/room/basic/service/timing/ATimingService.o
                0x1000168c                ATimingService_execute
 .text.ATimingService_getTcb
                0x100016a8       0x34 src-gen/room/basic/service/timing/ATimingService.o
                0x100016a8                ATimingService_getTcb
 .text.ATimingService_returnTcb
                0x100016dc       0x24 src-gen/room/basic/service/timing/ATimingService.o
                0x100016dc                ATimingService_returnTcb
 .text.ATimingService_removeTcbFromUsedList
                0x10001700       0x88 src-gen/room/basic/service/timing/ATimingService.o
                0x10001700                ATimingService_removeTcbFromUsedList
 .text.ATimingService_putTcbToUsedList
                0x10001788       0x8c src-gen/room/basic/service/timing/ATimingService.o
                0x10001788                ATimingService_putTcbToUsedList
 .text.ATimingService_isTimeGreater
                0x10001814       0x48 src-gen/room/basic/service/timing/ATimingService.o
                0x10001814                ATimingService_isTimeGreater
 .text.ATimingService_addTime
                0x1000185c       0x58 src-gen/room/basic/service/timing/ATimingService.o
                0x1000185c                ATimingService_addTime
 .text          0x100018b4        0x0 src-gen/room/basic/service/timing/PTimer.o
 .text.PTimerPort_timeout
                0x100018b4       0x1c src-gen/room/basic/service/timing/PTimer.o
                0x100018b4                PTimerPort_timeout
 .text.PTimerReplPort_timeout_broadcast
                0x100018d0       0x3c src-gen/room/basic/service/timing/PTimer.o
                0x100018d0                PTimerReplPort_timeout_broadcast
 .text.PTimerReplPort_timeout
                0x1000190c       0x38 src-gen/room/basic/service/timing/PTimer.o
                0x1000190c                PTimerReplPort_timeout
 .text.PTimerReplPort_getReplication
                0x10001944       0x18 src-gen/room/basic/service/timing/PTimer.o
                0x10001944                PTimerReplPort_getReplication
 .text.PTimerConjPort_startTimer
                0x1000195c       0x30 src-gen/room/basic/service/timing/PTimer.o
                0x1000195c                PTimerConjPort_startTimer
 .text.PTimerConjReplPort_startTimer_broadcast
                0x1000198c       0x40 src-gen/room/basic/service/timing/PTimer.o
                0x1000198c                PTimerConjReplPort_startTimer_broadcast
 .text.PTimerConjReplPort_startTimer
                0x100019cc       0x28 src-gen/room/basic/service/timing/PTimer.o
                0x100019cc                PTimerConjReplPort_startTimer
 .text.PTimerConjPort_startTimeout
                0x100019f4       0x30 src-gen/room/basic/service/timing/PTimer.o
                0x100019f4                PTimerConjPort_startTimeout
 .text.PTimerConjReplPort_startTimeout_broadcast
                0x10001a24       0x40 src-gen/room/basic/service/timing/PTimer.o
                0x10001a24                PTimerConjReplPort_startTimeout_broadcast
 .text.PTimerConjReplPort_startTimeout
                0x10001a64       0x28 src-gen/room/basic/service/timing/PTimer.o
                0x10001a64                PTimerConjReplPort_startTimeout
 .text.PTimerConjPort_kill
                0x10001a8c       0x30 src-gen/room/basic/service/timing/PTimer.o
                0x10001a8c                PTimerConjPort_kill
 .text.PTimerConjReplPort_kill_broadcast
                0x10001abc       0x38 src-gen/room/basic/service/timing/PTimer.o
                0x10001abc                PTimerConjReplPort_kill_broadcast
 .text.PTimerConjReplPort_kill
                0x10001af4       0x20 src-gen/room/basic/service/timing/PTimer.o
                0x10001af4                PTimerConjReplPort_kill
 .text.PTimerConjReplPort_getReplication
                0x10001b14       0x18 src-gen/room/basic/service/timing/PTimer.o
                0x10001b14                PTimerConjReplPort_getReplication
 .text.PTimerConjPort_timeout_receiveHandler
                0x10001b2c       0x3c src-gen/room/basic/service/timing/PTimer.o
                0x10001b2c                PTimerConjPort_timeout_receiveHandler
 .text          0x10001b68        0x0 src-gen/XMC2GoDemoModel/ADimmer.o
 .text.setState
                0x10001b68       0x1c src-gen/XMC2GoDemoModel/ADimmer.o
 .text.getState
                0x10001b84       0x18 src-gen/XMC2GoDemoModel/ADimmer.o
 .text.action_TRANS_INITIAL_TO__goingOn
                0x10001b9c       0x34 src-gen/XMC2GoDemoModel/ADimmer.o
 .text.action_TRANS_tr2_FROM_cp0_TO_goingOn_COND_tr2
                0x10001bd0       0x24 src-gen/XMC2GoDemoModel/ADimmer.o
 .text.action_TRANS_tr4_FROM_cp1_TO_off
                0x10001bf4       0x28 src-gen/XMC2GoDemoModel/ADimmer.o
 .text.action_TRANS_tr5_FROM_cp1_TO_goingOff_COND_tr5
                0x10001c1c       0x24 src-gen/XMC2GoDemoModel/ADimmer.o
 .text.exitTo   0x10001c40       0x70 src-gen/XMC2GoDemoModel/ADimmer.o
 .text.executeTransitionChain
                0x10001cb0       0xb8 src-gen/XMC2GoDemoModel/ADimmer.o
 .text.enterHistory
                0x10001d68       0x7c src-gen/XMC2GoDemoModel/ADimmer.o
 .text.ADimmer_executeInitTransition
                0x10001de4       0x58 src-gen/XMC2GoDemoModel/ADimmer.o
 .text.ADimmer_receiveEvent
                0x10001e3c      0x10c src-gen/XMC2GoDemoModel/ADimmer.o
 .text.ADimmer_init
                0x10001f48       0x3c src-gen/XMC2GoDemoModel/ADimmer.o
                0x10001f48                ADimmer_init
 .text.ADimmer_receiveMessage
                0x10001f84       0x24 src-gen/XMC2GoDemoModel/ADimmer.o
                0x10001f84                ADimmer_receiveMessage
 .text          0x10001fa8        0x0 src-gen/XMC2GoDemoModel/MrPing.o
 .text.setState
                0x10001fa8       0x1c src-gen/XMC2GoDemoModel/MrPing.o
 .text.getState
                0x10001fc4       0x18 src-gen/XMC2GoDemoModel/MrPing.o
 .text.action_TRANS_INITIAL_TO__running
                0x10001fdc       0x74 src-gen/XMC2GoDemoModel/MrPing.o
 .text.action_TRANS_tr0_FROM_running_TO_running_BY_pongp0_tr0
                0x10002050       0x5c src-gen/XMC2GoDemoModel/MrPing.o
 .text.action_TRANS_tr1_FROM_running_TO_running_BY_timeouttimer_tr1
                0x100020ac       0x24 src-gen/XMC2GoDemoModel/MrPing.o
 .text.exitTo   0x100020d0       0x4c src-gen/XMC2GoDemoModel/MrPing.o
 .text.executeTransitionChain
                0x1000211c       0x60 src-gen/XMC2GoDemoModel/MrPing.o
 .text.enterHistory
                0x1000217c       0x68 src-gen/XMC2GoDemoModel/MrPing.o
 .text.MrPing_executeInitTransition
                0x100021e4       0x58 src-gen/XMC2GoDemoModel/MrPing.o
 .text.MrPing_receiveEvent
                0x1000223c       0xe8 src-gen/XMC2GoDemoModel/MrPing.o
 .text.MrPing_init
                0x10002324       0x3c src-gen/XMC2GoDemoModel/MrPing.o
                0x10002324                MrPing_init
 .text.MrPing_receiveMessage
                0x10002360       0x24 src-gen/XMC2GoDemoModel/MrPing.o
                0x10002360                MrPing_receiveMessage
 .text          0x10002384        0x0 src-gen/XMC2GoDemoModel/MrPong.o
 .text.setState
                0x10002384       0x1c src-gen/XMC2GoDemoModel/MrPong.o
 .text.getState
                0x100023a0       0x18 src-gen/XMC2GoDemoModel/MrPong.o
 .text.action_TRANS_tr0_FROM_running_TO_running_BY_pingp0_tr0
                0x100023b8       0x24 src-gen/XMC2GoDemoModel/MrPong.o
 .text.exitTo   0x100023dc       0x4c src-gen/XMC2GoDemoModel/MrPong.o
 .text.executeTransitionChain
                0x10002428       0x44 src-gen/XMC2GoDemoModel/MrPong.o
 .text.enterHistory
                0x1000246c       0x68 src-gen/XMC2GoDemoModel/MrPong.o
 .text.MrPong_executeInitTransition
                0x100024d4       0x58 src-gen/XMC2GoDemoModel/MrPong.o
 .text.MrPong_receiveEvent
                0x1000252c       0xd4 src-gen/XMC2GoDemoModel/MrPong.o
 .text.MrPong_init
                0x10002600       0x3c src-gen/XMC2GoDemoModel/MrPong.o
                0x10002600                MrPong_init
 .text.MrPong_receiveMessage
                0x1000263c       0x24 src-gen/XMC2GoDemoModel/MrPong.o
                0x1000263c                MrPong_receiveMessage
 .text          0x10002660        0x0 src-gen/XMC2GoDemoModel/PingPongData.o
 .text.PingPongData_getData
                0x10002660       0x48 src-gen/XMC2GoDemoModel/PingPongData.o
                0x10002660                PingPongData_getData
 .text.PingPongData_initData
                0x100026a8       0x2c src-gen/XMC2GoDemoModel/PingPongData.o
                0x100026a8                PingPongData_initData
 .text.PingPongData_deepCopy
                0x100026d4       0x20 src-gen/XMC2GoDemoModel/PingPongData.o
                0x100026d4                PingPongData_deepCopy
 .text          0x100026f4        0x0 src-gen/XMC2GoDemoModel/PingPongProtocol.o
 .text.PingPongProtocolPort_pong
                0x100026f4       0x20 src-gen/XMC2GoDemoModel/PingPongProtocol.o
                0x100026f4                PingPongProtocolPort_pong
 .text.PingPongProtocolReplPort_pong_broadcast
                0x10002714       0x40 src-gen/XMC2GoDemoModel/PingPongProtocol.o
                0x10002714                PingPongProtocolReplPort_pong_broadcast
 .text.PingPongProtocolReplPort_pong
                0x10002754       0x3c src-gen/XMC2GoDemoModel/PingPongProtocol.o
                0x10002754                PingPongProtocolReplPort_pong
 .text.PingPongProtocolReplPort_getReplication
                0x10002790       0x18 src-gen/XMC2GoDemoModel/PingPongProtocol.o
                0x10002790                PingPongProtocolReplPort_getReplication
 .text.PingPongProtocolConjPort_ping
                0x100027a8       0x20 src-gen/XMC2GoDemoModel/PingPongProtocol.o
                0x100027a8                PingPongProtocolConjPort_ping
 .text.PingPongProtocolConjReplPort_ping_broadcast
                0x100027c8       0x40 src-gen/XMC2GoDemoModel/PingPongProtocol.o
                0x100027c8                PingPongProtocolConjReplPort_ping_broadcast
 .text.PingPongProtocolConjReplPort_ping
                0x10002808       0x3c src-gen/XMC2GoDemoModel/PingPongProtocol.o
                0x10002808                PingPongProtocolConjReplPort_ping
 .text.PingPongProtocolConjReplPort_getReplication
                0x10002844       0x18 src-gen/XMC2GoDemoModel/PingPongProtocol.o
                0x10002844                PingPongProtocolConjReplPort_getReplication
 .text          0x1000285c        0x0 src-gen/XMC2GoDemoModel/PingPongTop.o
 .text.PingPongTop_init
                0x1000285c       0x10 src-gen/XMC2GoDemoModel/PingPongTop.o
                0x1000285c                PingPongTop_init
 .text.PingPongTop_receiveMessage
                0x1000286c       0x14 src-gen/XMC2GoDemoModel/PingPongTop.o
                0x1000286c                PingPongTop_receiveMessage
 .text          0x10002880        0x0 src-gen/XMC2GoDemoModel/XMC2Go_PingPong_subSysRef.o
 .text.MsgDispatcher_LowPrioThread_receiveMessage
                0x10002880      0x130 src-gen/XMC2GoDemoModel/XMC2Go_PingPong_subSysRef.o
 .text.MsgDispatcher_HighPrioThread_poll
                0x100029b0       0x14 src-gen/XMC2GoDemoModel/XMC2Go_PingPong_subSysRef.o
 .text.MsgDispatcher_HighPrioThread_receiveMessage
                0x100029c4      0x118 src-gen/XMC2GoDemoModel/XMC2Go_PingPong_subSysRef.o
 .text.XMC2Go_PingPong_subSysRef_initMessageServices
                0x10002adc       0x94 src-gen/XMC2GoDemoModel/XMC2Go_PingPong_subSysRef.o
 .text.XMC2Go_PingPong_subSysRef_startMessageServices
                0x10002b70       0x20 src-gen/XMC2GoDemoModel/XMC2Go_PingPong_subSysRef.o
 .text.XMC2Go_PingPong_subSysRef_stopMessageServices
                0x10002b90       0x20 src-gen/XMC2GoDemoModel/XMC2Go_PingPong_subSysRef.o
 .text.XMC2Go_PingPong_subSysRef_destroyMessageServices
                0x10002bb0       0x20 src-gen/XMC2GoDemoModel/XMC2Go_PingPong_subSysRef.o
 .text.XMC2Go_PingPong_subSysRef_init
                0x10002bd0       0x2c src-gen/XMC2GoDemoModel/XMC2Go_PingPong_subSysRef.o
                0x10002bd0                XMC2Go_PingPong_subSysRef_init
 .text.XMC2Go_PingPong_subSysRef_start
                0x10002bfc       0x24 src-gen/XMC2GoDemoModel/XMC2Go_PingPong_subSysRef.o
                0x10002bfc                XMC2Go_PingPong_subSysRef_start
 .text.XMC2Go_PingPong_subSysRef_run
                0x10002c20       0x14 src-gen/XMC2GoDemoModel/XMC2Go_PingPong_subSysRef.o
                0x10002c20                XMC2Go_PingPong_subSysRef_run
 .text.XMC2Go_PingPong_subSysRef_stop
                0x10002c34       0x24 src-gen/XMC2GoDemoModel/XMC2Go_PingPong_subSysRef.o
                0x10002c34                XMC2Go_PingPong_subSysRef_stop
 .text.XMC2Go_PingPong_subSysRef_destroy
                0x10002c58       0x24 src-gen/XMC2GoDemoModel/XMC2Go_PingPong_subSysRef.o
                0x10002c58                XMC2Go_PingPong_subSysRef_destroy
 .text.XMC2Go_PingPong_subSysRef_shutdown
                0x10002c7c       0x24 src-gen/XMC2GoDemoModel/XMC2Go_PingPong_subSysRef.o
                0x10002c7c                XMC2Go_PingPong_subSysRef_shutdown
 .text.XMC2Go_PingPong_subSysRef_constructActorInstances
                0x10002ca0        0x8 src-gen/XMC2GoDemoModel/XMC2Go_PingPong_subSysRef.o
 .text.XMC2Go_PingPong_subSysRef_initActorInstances
                0x10002ca8       0x50 src-gen/XMC2GoDemoModel/XMC2Go_PingPong_subSysRef.o
 .text          0x10002cf8        0x0 src-gen/XMC2GoDemoModel/XMC2Go_PingPong_subSysRef_Runner.o
 .text.main     0x10002cf8       0xb0 src-gen/XMC2GoDemoModel/XMC2Go_PingPong_subSysRef_Runner.o
                0x10002cf8                main
 .text          0x10002da8        0x0 src-gen/DaveInterface/PIO004.o
 .text.PIO004ReplPort_getReplication
                0x10002da8       0x18 src-gen/DaveInterface/PIO004.o
                0x10002da8                PIO004ReplPort_getReplication
 .text.PIO004ConjPort_setInstance
                0x10002dc0       0x40 src-gen/DaveInterface/PIO004.o
                0x10002dc0                PIO004ConjPort_setInstance
 .text.PIO004ConjPort_readPin
                0x10002e00       0x24 src-gen/DaveInterface/PIO004.o
                0x10002e00                PIO004ConjPort_readPin
 .text.PIO004ConjPort_setPin
                0x10002e24       0x24 src-gen/DaveInterface/PIO004.o
                0x10002e24                PIO004ConjPort_setPin
 .text.PIO004ConjPort_setOutputValue
                0x10002e48       0x44 src-gen/DaveInterface/PIO004.o
                0x10002e48                PIO004ConjPort_setOutputValue
 .text.PIO004ConjPort_resetPin
                0x10002e8c       0x28 src-gen/DaveInterface/PIO004.o
                0x10002e8c                PIO004ConjPort_resetPin
 .text.PIO004ConjPort_togglePin
                0x10002eb4       0x28 src-gen/DaveInterface/PIO004.o
                0x10002eb4                PIO004ConjPort_togglePin
 .text.PIO004ConjPort_disableOutputBuffer
                0x10002edc       0x28 src-gen/DaveInterface/PIO004.o
                0x10002edc                PIO004ConjPort_disableOutputBuffer
 .text.PIO004ConjPort_enableOutputBuffer
                0x10002f04       0x28 src-gen/DaveInterface/PIO004.o
                0x10002f04                PIO004ConjPort_enableOutputBuffer
 .text.PIO004ConjReplPort_getReplication
                0x10002f2c       0x18 src-gen/DaveInterface/PIO004.o
                0x10002f2c                PIO004ConjReplPort_getReplication
 .text          0x10002f44        0x0 src-gen/DaveInterface/PUART001.o
 .text.PUART001ReplPort_getReplication
                0x10002f44       0x18 src-gen/DaveInterface/PUART001.o
                0x10002f44                PUART001ReplPort_getReplication
 .text.PUART001ConjPort_dummy
                0x10002f5c       0x1c src-gen/DaveInterface/PUART001.o
                0x10002f5c                PUART001ConjPort_dummy
 .text.PUART001ConjReplPort_dummy_broadcast
                0x10002f78       0x3c src-gen/DaveInterface/PUART001.o
                0x10002f78                PUART001ConjReplPort_dummy_broadcast
 .text.PUART001ConjReplPort_dummy
                0x10002fb4       0x38 src-gen/DaveInterface/PUART001.o
                0x10002fb4                PUART001ConjReplPort_dummy
 .text.PUART001ConjPort_setInstance
                0x10002fec       0x24 src-gen/DaveInterface/PUART001.o
                0x10002fec                PUART001ConjPort_setInstance
 .text.PUART001ConjPort_readDataBytes
                0x10003010       0x38 src-gen/DaveInterface/PUART001.o
                0x10003010                PUART001ConjPort_readDataBytes
 .text.PUART001ConjPort_writeDataBytes
                0x10003048       0x38 src-gen/DaveInterface/PUART001.o
                0x10003048                PUART001ConjPort_writeDataBytes
 .text.PUART001ConjReplPort_getReplication
                0x10003080       0x18 src-gen/DaveInterface/PUART001.o
                0x10003080                PUART001ConjReplPort_getReplication
 .text          0x10003098        0x0 src-gen/DaveInterface/PWMSP001.o
 .text.PWMSP001ReplPort_getReplication
                0x10003098       0x18 src-gen/DaveInterface/PWMSP001.o
                0x10003098                PWMSP001ReplPort_getReplication
 .text.PWMSP001ConjPort_setInstance
                0x100030b0       0x3c src-gen/DaveInterface/PWMSP001.o
                0x100030b0                PWMSP001ConjPort_setInstance
 .text.PWMSP001ConjPort_setDutyCycle
                0x100030ec       0x30 src-gen/DaveInterface/PWMSP001.o
                0x100030ec                PWMSP001ConjPort_setDutyCycle
 .text.PWMSP001ConjReplPort_getReplication
                0x1000311c       0x18 src-gen/DaveInterface/PWMSP001.o
                0x1000311c                PWMSP001ConjReplPort_getReplication
 .text          0x10003134       0x30 Startup/startup_XMC1100.o
                0x10003134                NMI_Handler
                0x10003136                HardFault_Handler
                0x1000313e                SCU_0_IRQHandler
                0x10003140                SCU_1_IRQHandler
                0x10003142                SCU_2_IRQHandler
                0x10003144                ERU0_0_IRQHandler
                0x10003146                ERU0_1_IRQHandler
                0x10003148                ERU0_2_IRQHandler
                0x1000314a                ERU0_3_IRQHandler
                0x1000314c                VADC0_C0_0_IRQHandler
                0x1000314e                VADC0_C0_1_IRQHandler
                0x10003150                CCU40_0_IRQHandler
                0x10003152                CCU40_1_IRQHandler
                0x10003154                CCU40_2_IRQHandler
                0x10003156                CCU40_3_IRQHandler
                0x10003158                USIC0_0_IRQHandler
                0x1000315a                USIC0_1_IRQHandler
                0x1000315c                USIC0_2_IRQHandler
                0x1000315e                USIC0_3_IRQHandler
                0x10003160                USIC0_4_IRQHandler
                0x10003162                USIC0_5_IRQHandler
 .text          0x10003164        0x0 Startup/system_XMC1100.o
 .text.SystemInit
                0x10003164        0xc Startup/system_XMC1100.o
                0x10003164                SystemInit
 .text.SystemCoreClockUpdate
                0x10003170       0x5c Startup/system_XMC1100.o
                0x10003170                SystemCoreClockUpdate
 .text          0x100031cc        0x0 Lib/System_LibcStubs.o
 .text._open    0x100031cc       0x18 Lib/System_LibcStubs.o
                0x100031cc                _open
 .text._lseek   0x100031e4       0x18 Lib/System_LibcStubs.o
                0x100031e4                _lseek
 .text._read    0x100031fc       0x18 Lib/System_LibcStubs.o
                0x100031fc                _read
 .text._write   0x10003214       0x18 Lib/System_LibcStubs.o
                0x10003214                _write
 .text._close   0x1000322c       0x10 Lib/System_LibcStubs.o
                0x1000322c                _close
 .text._fstat   0x1000323c       0x24 Lib/System_LibcStubs.o
                0x1000323c                _fstat
 .text._link    0x10003260       0x24 Lib/System_LibcStubs.o
                0x10003260                _link
 .text._unlink  0x10003284       0x14 Lib/System_LibcStubs.o
                0x10003284                _unlink
 .text._sbrk    0x10003298       0x6c Lib/System_LibcStubs.o
                0x10003298                _sbrk
 .text._times   0x10003304       0x14 Lib/System_LibcStubs.o
                0x10003304                _times
 .text._wait    0x10003318       0x14 Lib/System_LibcStubs.o
                0x10003318                _wait
 .text._kill    0x1000332c       0x18 Lib/System_LibcStubs.o
                0x1000332c                _kill
 .text._fork    0x10003344       0x10 Lib/System_LibcStubs.o
                0x10003344                _fork
 .text._getpid  0x10003354       0x10 Lib/System_LibcStubs.o
                0x10003354                _getpid
 .text._exit    0x10003364        0xc Lib/System_LibcStubs.o
                0x10003364                _exit
 .text._init    0x10003370        0x8 Lib/System_LibcStubs.o
                0x10003370                _init
 .text._isatty  0x10003378       0x14 Lib/System_LibcStubs.o
                0x10003378                _isatty
 .text          0x1000338c        0x0 Dave/Generated/src/UART001/UART001.o
 .text.UART001_lInit
                0x1000338c      0x1b4 Dave/Generated/src/UART001/UART001.o
                0x1000338c                UART001_lInit
 .text.UART001_lConfigTXPin
                0x10003540       0xe0 Dave/Generated/src/UART001/UART001.o
                0x10003540                UART001_lConfigTXPin
 .text.UART001_labsRealType
                0x10003620       0x30 Dave/Generated/src/UART001/UART001.o
                0x10003620                UART001_labsRealType
 .text.UART001_lConfigureBaudRate
                0x10003650      0x51c Dave/Generated/src/UART001/UART001.o
                0x10003650                UART001_lConfigureBaudRate
 .text.UART001_Init
                0x10003b6c       0x8c Dave/Generated/src/UART001/UART001.o
                0x10003b6c                UART001_Init
 .text.UART001_DeInit
                0x10003bf8       0x10 Dave/Generated/src/UART001/UART001.o
                0x10003bf8                UART001_DeInit
 .text.UART001_Configure
                0x10003c08      0x110 Dave/Generated/src/UART001/UART001.o
                0x10003c08                UART001_Configure
 .text.UART001_ReadDataMultiple
                0x10003d18       0x74 Dave/Generated/src/UART001/UART001.o
                0x10003d18                UART001_ReadDataMultiple
 .text.UART001_ReadDataBytes
                0x10003d8c       0x74 Dave/Generated/src/UART001/UART001.o
                0x10003d8c                UART001_ReadDataBytes
 .text.UART001_WriteDataMultiple
                0x10003e00       0x80 Dave/Generated/src/UART001/UART001.o
                0x10003e00                UART001_WriteDataMultiple
 .text.UART001_WriteDataBytes
                0x10003e80       0x80 Dave/Generated/src/UART001/UART001.o
                0x10003e80                UART001_WriteDataBytes
 .text.UART001_GetFlagStatus
                0x10003f00       0x8c Dave/Generated/src/UART001/UART001.o
                0x10003f00                UART001_GetFlagStatus
 .text.UART001_ClearFlag
                0x10003f8c       0x88 Dave/Generated/src/UART001/UART001.o
                0x10003f8c                UART001_ClearFlag
 .text          0x10004014        0x0 Dave/Generated/src/UART001/UART001_Conf.o
 .text          0x10004014        0x0 Dave/Generated/src/PWMSP001/PWMSP001.o
 .text.PWMSP001_Init
                0x10004014       0x98 Dave/Generated/src/PWMSP001/PWMSP001.o
                0x10004014                PWMSP001_Init
 .text.PWMSP001_lInit
                0x100040ac      0x2f0 Dave/Generated/src/PWMSP001/PWMSP001.o
                0x100040ac                PWMSP001_lInit
 .text.PWMSP001_Deinit
                0x1000439c      0x14c Dave/Generated/src/PWMSP001/PWMSP001.o
                0x1000439c                PWMSP001_Deinit
 .text.PWMSP001_Start
                0x100044e8      0x178 Dave/Generated/src/PWMSP001/PWMSP001.o
                0x100044e8                PWMSP001_Start
 .text.PWMSP001_Stop
                0x10004660       0x98 Dave/Generated/src/PWMSP001/PWMSP001.o
                0x10004660                PWMSP001_Stop
 .text.PWMSP001_SetCompare
                0x100046f8       0x84 Dave/Generated/src/PWMSP001/PWMSP001.o
                0x100046f8                PWMSP001_SetCompare
 .text.PWMSP001_lSetCompareEdgeAlign
                0x1000477c       0x48 Dave/Generated/src/PWMSP001/PWMSP001.o
                0x1000477c                PWMSP001_lSetCompareEdgeAlign
 .text.PWMSP001_lSetCompareEdgeAlignTimerConcat
                0x100047c4       0x94 Dave/Generated/src/PWMSP001/PWMSP001.o
                0x100047c4                PWMSP001_lSetCompareEdgeAlignTimerConcat
 .text.PWMSP001_lSetCompareCenterAlign
                0x10004858       0x44 Dave/Generated/src/PWMSP001/PWMSP001.o
                0x10004858                PWMSP001_lSetCompareCenterAlign
 .text.PWMSP001_SetDutyCycle
                0x1000489c       0x5c Dave/Generated/src/PWMSP001/PWMSP001.o
                0x1000489c                PWMSP001_SetDutyCycle
 .text.PWMSP001_lSetDutyEdgeAlign
                0x100048f8       0x8c Dave/Generated/src/PWMSP001/PWMSP001.o
                0x100048f8                PWMSP001_lSetDutyEdgeAlign
 .text.PWMSP001_lSetDutyEdgeAlignTimerConcat
                0x10004984       0xf8 Dave/Generated/src/PWMSP001/PWMSP001.o
                0x10004984                PWMSP001_lSetDutyEdgeAlignTimerConcat
 .text.PWMSP001_lSetDutyCenterAlign
                0x10004a7c       0x88 Dave/Generated/src/PWMSP001/PWMSP001.o
                0x10004a7c                PWMSP001_lSetDutyCenterAlign
 .text.PWMSP001_SetPeriodAndCompare
                0x10004b04       0x98 Dave/Generated/src/PWMSP001/PWMSP001.o
                0x10004b04                PWMSP001_SetPeriodAndCompare
 .text.PWMSP001_SetPeriod
                0x10004b9c       0xc4 Dave/Generated/src/PWMSP001/PWMSP001.o
                0x10004b9c                PWMSP001_SetPeriod
 .text.PWMSP001_SetPwmFreqAndDutyCycle
                0x10004c60      0x108 Dave/Generated/src/PWMSP001/PWMSP001.o
                0x10004c60                PWMSP001_SetPwmFreqAndDutyCycle
 .text.PWMSP001_SetPwmFreq
                0x10004d68      0x118 Dave/Generated/src/PWMSP001/PWMSP001.o
                0x10004d68                PWMSP001_SetPwmFreq
 .text.PWMSP001_lSetPwmFreqTimerConcat
                0x10004e80       0xb0 Dave/Generated/src/PWMSP001/PWMSP001.o
                0x10004e80                PWMSP001_lSetPwmFreqTimerConcat
 .text.PWMSP001_SetTimerVal
                0x10004f30       0x50 Dave/Generated/src/PWMSP001/PWMSP001.o
                0x10004f30                PWMSP001_SetTimerVal
 .text.PWMSP001_GetTimerStatus
                0x10004f80       0x64 Dave/Generated/src/PWMSP001/PWMSP001.o
                0x10004f80                PWMSP001_GetTimerStatus
 .text.PWMSP001_GetTimerRegsVal
                0x10004fe4       0xcc Dave/Generated/src/PWMSP001/PWMSP001.o
                0x10004fe4                PWMSP001_GetTimerRegsVal
 .text.PWMSP001_GetPeriodReg
                0x100050b0       0x68 Dave/Generated/src/PWMSP001/PWMSP001.o
                0x100050b0                PWMSP001_GetPeriodReg
 .text.PWMSP001_SWRequestShadowTransfer
                0x10005118       0x88 Dave/Generated/src/PWMSP001/PWMSP001.o
                0x10005118                PWMSP001_SWRequestShadowTransfer
 .text.PWMSP001_ResetTrapFlag
                0x100051a0       0x84 Dave/Generated/src/PWMSP001/PWMSP001.o
                0x100051a0                PWMSP001_ResetTrapFlag
 .text.PWMSP001_lConfigureSecondSlice
                0x10005224      0x24c Dave/Generated/src/PWMSP001/PWMSP001.o
                0x10005224                PWMSP001_lConfigureSecondSlice
 .text.PWMSP001_EnableEvent
                0x10005470       0x78 Dave/Generated/src/PWMSP001/PWMSP001.o
                0x10005470                PWMSP001_EnableEvent
 .text.PWMSP001_DisableEvent
                0x100054e8       0x7c Dave/Generated/src/PWMSP001/PWMSP001.o
                0x100054e8                PWMSP001_DisableEvent
 .text.PWMSP001_ClearPendingEvent
                0x10005564       0x78 Dave/Generated/src/PWMSP001/PWMSP001.o
                0x10005564                PWMSP001_ClearPendingEvent
 .text.PWMSP001_SetPendingEvent
                0x100055dc       0x78 Dave/Generated/src/PWMSP001/PWMSP001.o
                0x100055dc                PWMSP001_SetPendingEvent
 .text.PWMSP001_GetPendingEvent
                0x10005654       0xac Dave/Generated/src/PWMSP001/PWMSP001.o
                0x10005654                PWMSP001_GetPendingEvent
 .text          0x10005700        0x0 Dave/Generated/src/PWMSP001/PWMSP001_Conf.o
 .text          0x10005700        0x0 Dave/Generated/src/IO004/IO004.o
 .text.IO004_Init
                0x10005700       0x38 Dave/Generated/src/IO004/IO004.o
                0x10005700                IO004_Init
 .text.IO004_DisableOutputDriver
                0x10005738      0x1b4 Dave/Generated/src/IO004/IO004.o
                0x10005738                IO004_DisableOutputDriver
 .text.IO004_EnableOutputDriver
                0x100058ec      0x1b4 Dave/Generated/src/IO004/IO004.o
                0x100058ec                IO004_EnableOutputDriver
 .text          0x10005aa0        0x0 Dave/Generated/src/IO004/IO004_Conf.o
 .text          0x10005aa0        0x0 Dave/Generated/src/DAVESupport/DAVE3.o
 .text.DAVE_Init
                0x10005aa0       0x24 Dave/Generated/src/DAVESupport/DAVE3.o
                0x10005aa0                DAVE_Init
 .text          0x10005ac4        0x0 Dave/Generated/src/DAVESupport/MULTIPLEXER.o
 .text.DAVE_MUX_Init
                0x10005ac4      0x100 Dave/Generated/src/DAVESupport/MULTIPLEXER.o
                0x10005ac4                DAVE_MUX_Init
 .text.DAVE_MUX_PreInit
                0x10005bc4       0x18 Dave/Generated/src/DAVESupport/MULTIPLEXER.o
                0x10005bc4                DAVE_MUX_PreInit
 .text          0x10005bdc        0x0 Dave/Generated/src/CLK002/CLK002.o
 .text.CLK002_Init
                0x10005bdc       0x38 Dave/Generated/src/CLK002/CLK002.o
                0x10005bdc                CLK002_Init
 .text.AllowClkInitByStartup
                0x10005c14        0xc Dave/Generated/src/CLK002/CLK002.o
                0x10005c14                AllowClkInitByStartup
 .text.CLK002_lDivUpdate
                0x10005c20       0x78 Dave/Generated/src/CLK002/CLK002.o
 .text.CLK002_lFrequencyUpScaling
                0x10005c98       0xbc Dave/Generated/src/CLK002/CLK002.o
 .text.CLK002_lFrequencyDownScaling
                0x10005d54       0xb0 Dave/Generated/src/CLK002/CLK002.o
 .text          0x10005e04        0x0 Dave/Generated/src/CCU4GLOBAL/CCU4GLOBAL.o
 .text.CCU4GLOBAL_Init
                0x10005e04       0x48 Dave/Generated/src/CCU4GLOBAL/CCU4GLOBAL.o
                0x10005e04                CCU4GLOBAL_Init
 .text.CCU4Global_lInit
                0x10005e4c       0x7c Dave/Generated/src/CCU4GLOBAL/CCU4GLOBAL.o
 .text          0x10005ec8        0x0 Dave/Generated/src/CCU4GLOBAL/CCU4GLOBAL_Conf.o
 .text          0x10005ec8        0x0 C:\data\workspaces\github\de.protos.demos\src\XMC2GoBlinky\etrice.runtime.c.FreeRTOS\Debug\libXMC2GoBlinky.etrice.runtime.c.FreeRTOS.a(etLogger.o)
 .text.etLogger_logError
                0x10005ec8       0x10 C:\data\workspaces\github\de.protos.demos\src\XMC2GoBlinky\etrice.runtime.c.FreeRTOS\Debug\libXMC2GoBlinky.etrice.runtime.c.FreeRTOS.a(etLogger.o)
                0x10005ec8                etLogger_logError
 .text.etLogger_logWarning
                0x10005ed8       0x10 C:\data\workspaces\github\de.protos.demos\src\XMC2GoBlinky\etrice.runtime.c.FreeRTOS\Debug\libXMC2GoBlinky.etrice.runtime.c.FreeRTOS.a(etLogger.o)
                0x10005ed8                etLogger_logWarning
 .text.etLogger_logInfo
                0x10005ee8       0x10 C:\data\workspaces\github\de.protos.demos\src\XMC2GoBlinky\etrice.runtime.c.FreeRTOS\Debug\libXMC2GoBlinky.etrice.runtime.c.FreeRTOS.a(etLogger.o)
                0x10005ee8                etLogger_logInfo
 .text.etLogger_logErrorF
                0x10005ef8       0x10 C:\data\workspaces\github\de.protos.demos\src\XMC2GoBlinky\etrice.runtime.c.FreeRTOS\Debug\libXMC2GoBlinky.etrice.runtime.c.FreeRTOS.a(etLogger.o)
                0x10005ef8                etLogger_logErrorF
 .text.etLogger_logWarningF
                0x10005f08       0x10 C:\data\workspaces\github\de.protos.demos\src\XMC2GoBlinky\etrice.runtime.c.FreeRTOS\Debug\libXMC2GoBlinky.etrice.runtime.c.FreeRTOS.a(etLogger.o)
                0x10005f08                etLogger_logWarningF
 .text.etLogger_logInfoF
                0x10005f18       0x10 C:\data\workspaces\github\de.protos.demos\src\XMC2GoBlinky\etrice.runtime.c.FreeRTOS\Debug\libXMC2GoBlinky.etrice.runtime.c.FreeRTOS.a(etLogger.o)
                0x10005f18                etLogger_logInfoF
 .text.etLogger_fopen
                0x10005f28       0x14 C:\data\workspaces\github\de.protos.demos\src\XMC2GoBlinky\etrice.runtime.c.FreeRTOS\Debug\libXMC2GoBlinky.etrice.runtime.c.FreeRTOS.a(etLogger.o)
                0x10005f28                etLogger_fopen
 .text.etLogger_fclose
                0x10005f3c       0x14 C:\data\workspaces\github\de.protos.demos\src\XMC2GoBlinky\etrice.runtime.c.FreeRTOS\Debug\libXMC2GoBlinky.etrice.runtime.c.FreeRTOS.a(etLogger.o)
                0x10005f3c                etLogger_fclose
 .text.etLogger_fprintf
                0x10005f50       0x18 C:\data\workspaces\github\de.protos.demos\src\XMC2GoBlinky\etrice.runtime.c.FreeRTOS\Debug\libXMC2GoBlinky.etrice.runtime.c.FreeRTOS.a(etLogger.o)
                0x10005f50                etLogger_fprintf
 .text          0x10005f68        0x0 C:\data\workspaces\github\de.protos.demos\src\XMC2GoBlinky\etrice.runtime.c.FreeRTOS\Debug\libXMC2GoBlinky.etrice.runtime.c.FreeRTOS.a(etPlatformLifecycle.o)
 .text.etUserEntry
                0x10005f68        0xc C:\data\workspaces\github\de.protos.demos\src\XMC2GoBlinky\etrice.runtime.c.FreeRTOS\Debug\libXMC2GoBlinky.etrice.runtime.c.FreeRTOS.a(etPlatformLifecycle.o)
                0x10005f68                etUserEntry
 .text.etUserPreRun
                0x10005f74        0xc C:\data\workspaces\github\de.protos.demos\src\XMC2GoBlinky\etrice.runtime.c.FreeRTOS\Debug\libXMC2GoBlinky.etrice.runtime.c.FreeRTOS.a(etPlatformLifecycle.o)
                0x10005f74                etUserPreRun
 .text.etUserPostRun
                0x10005f80        0x8 C:\data\workspaces\github\de.protos.demos\src\XMC2GoBlinky\etrice.runtime.c.FreeRTOS\Debug\libXMC2GoBlinky.etrice.runtime.c.FreeRTOS.a(etPlatformLifecycle.o)
                0x10005f80                etUserPostRun
 .text.etUserExit
                0x10005f88        0x8 C:\data\workspaces\github\de.protos.demos\src\XMC2GoBlinky\etrice.runtime.c.FreeRTOS\Debug\libXMC2GoBlinky.etrice.runtime.c.FreeRTOS.a(etPlatformLifecycle.o)
                0x10005f88                etUserExit
 .text          0x10005f90        0x0 C:\data\workspaces\github\de.protos.demos\src\XMC2GoBlinky\etrice.runtime.c.FreeRTOS\Debug\libXMC2GoBlinky.etrice.runtime.c.FreeRTOS.a(etTime.o)
 .text.etTime_init
                0x10005f90       0x18 C:\data\workspaces\github\de.protos.demos\src\XMC2GoBlinky\etrice.runtime.c.FreeRTOS\Debug\libXMC2GoBlinky.etrice.runtime.c.FreeRTOS.a(etTime.o)
                0x10005f90                etTime_init
 .text.getTimeFromTarget
                0x10005fa8       0x24 C:\data\workspaces\github\de.protos.demos\src\XMC2GoBlinky\etrice.runtime.c.FreeRTOS\Debug\libXMC2GoBlinky.etrice.runtime.c.FreeRTOS.a(etTime.o)
                0x10005fa8                getTimeFromTarget
 .text.vApplicationTickHook
                0x10005fcc       0x4c C:\data\workspaces\github\de.protos.demos\src\XMC2GoBlinky\etrice.runtime.c.FreeRTOS\Debug\libXMC2GoBlinky.etrice.runtime.c.FreeRTOS.a(etTime.o)
                0x10005fcc                vApplicationTickHook
 .text          0x10006018        0x0 C:\data\workspaces\github\de.protos.demos\src\XMC2GoBlinky\etrice.runtime.c.FreeRTOS\Debug\libXMC2GoBlinky.etrice.runtime.c.FreeRTOS.a(etActor.o)
 .text.handleSystemEvent
                0x10006018       0x18 C:\data\workspaces\github\de.protos.demos\src\XMC2GoBlinky\etrice.runtime.c.FreeRTOS\Debug\libXMC2GoBlinky.etrice.runtime.c.FreeRTOS.a(etActor.o)
                0x10006018                handleSystemEvent
 .text          0x10006030        0x0 C:\data\workspaces\github\de.protos.demos\src\XMC2GoBlinky\etrice.runtime.c.FreeRTOS\Debug\libXMC2GoBlinky.etrice.runtime.c.FreeRTOS.a(etPort.o)
 .text.etPort_sendMessage
                0x10006030       0x88 C:\data\workspaces\github\de.protos.demos\src\XMC2GoBlinky\etrice.runtime.c.FreeRTOS\Debug\libXMC2GoBlinky.etrice.runtime.c.FreeRTOS.a(etPort.o)
                0x10006030                etPort_sendMessage
 .text          0x100060b8        0x0 C:\data\workspaces\github\de.protos.demos\src\XMC2GoBlinky\etrice.runtime.c.FreeRTOS\Debug\libXMC2GoBlinky.etrice.runtime.c.FreeRTOS.a(etMessageService.o)
 .text.etMessageService_init
                0x100060b8       0xc8 C:\data\workspaces\github\de.protos.demos\src\XMC2GoBlinky\etrice.runtime.c.FreeRTOS\Debug\libXMC2GoBlinky.etrice.runtime.c.FreeRTOS.a(etMessageService.o)
                0x100060b8                etMessageService_init
 .text.etMessageService_start
                0x10006180       0x38 C:\data\workspaces\github\de.protos.demos\src\XMC2GoBlinky\etrice.runtime.c.FreeRTOS\Debug\libXMC2GoBlinky.etrice.runtime.c.FreeRTOS.a(etMessageService.o)
                0x10006180                etMessageService_start
 .text.etMessageService_stop
                0x100061b8       0x50 C:\data\workspaces\github\de.protos.demos\src\XMC2GoBlinky\etrice.runtime.c.FreeRTOS\Debug\libXMC2GoBlinky.etrice.runtime.c.FreeRTOS.a(etMessageService.o)
                0x100061b8                etMessageService_stop
 .text.etMessageService_destroy
                0x10006208       0x2c C:\data\workspaces\github\de.protos.demos\src\XMC2GoBlinky\etrice.runtime.c.FreeRTOS\Debug\libXMC2GoBlinky.etrice.runtime.c.FreeRTOS.a(etMessageService.o)
                0x10006208                etMessageService_destroy
 .text.etMessageService_initMessagePool
                0x10006234       0x68 C:\data\workspaces\github\de.protos.demos\src\XMC2GoBlinky\etrice.runtime.c.FreeRTOS\Debug\libXMC2GoBlinky.etrice.runtime.c.FreeRTOS.a(etMessageService.o)
                0x10006234                etMessageService_initMessagePool
 .text.etMessageService_pushMessage
                0x1000629c       0x3c C:\data\workspaces\github\de.protos.demos\src\XMC2GoBlinky\etrice.runtime.c.FreeRTOS\Debug\libXMC2GoBlinky.etrice.runtime.c.FreeRTOS.a(etMessageService.o)
                0x1000629c                etMessageService_pushMessage
 .text.etMessageService_popMessage
                0x100062d8       0x34 C:\data\workspaces\github\de.protos.demos\src\XMC2GoBlinky\etrice.runtime.c.FreeRTOS\Debug\libXMC2GoBlinky.etrice.runtime.c.FreeRTOS.a(etMessageService.o)
                0x100062d8                etMessageService_popMessage
 .text.etMessageService_getMessageBuffer
                0x1000630c       0x90 C:\data\workspaces\github\de.protos.demos\src\XMC2GoBlinky\etrice.runtime.c.FreeRTOS\Debug\libXMC2GoBlinky.etrice.runtime.c.FreeRTOS.a(etMessageService.o)
                0x1000630c                etMessageService_getMessageBuffer
 .text.etMessageService_returnMessageBuffer
                0x1000639c       0x34 C:\data\workspaces\github\de.protos.demos\src\XMC2GoBlinky\etrice.runtime.c.FreeRTOS\Debug\libXMC2GoBlinky.etrice.runtime.c.FreeRTOS.a(etMessageService.o)
                0x1000639c                etMessageService_returnMessageBuffer
 .text.etMessageService_deliverAllMessages
                0x100063d0       0x84 C:\data\workspaces\github\de.protos.demos\src\XMC2GoBlinky\etrice.runtime.c.FreeRTOS\Debug\libXMC2GoBlinky.etrice.runtime.c.FreeRTOS.a(etMessageService.o)
 .text.etMessageService_getMessagePoolLowWaterMark
                0x10006454       0x2c C:\data\workspaces\github\de.protos.demos\src\XMC2GoBlinky\etrice.runtime.c.FreeRTOS\Debug\libXMC2GoBlinky.etrice.runtime.c.FreeRTOS.a(etMessageService.o)
                0x10006454                etMessageService_getMessagePoolLowWaterMark
 .text.etMessageService_timerCallback
                0x10006480       0x34 C:\data\workspaces\github\de.protos.demos\src\XMC2GoBlinky\etrice.runtime.c.FreeRTOS\Debug\libXMC2GoBlinky.etrice.runtime.c.FreeRTOS.a(etMessageService.o)
 .text          0x100064b4        0x0 C:\data\workspaces\github\de.protos.demos\src\XMC2GoBlinky\etrice.runtime.c.FreeRTOS\Debug\libXMC2GoBlinky.etrice.runtime.c.FreeRTOS.a(etSystemProtocol.o)
 .text.etSystemProtocolReplPort_getReplication
                0x100064b4       0x18 C:\data\workspaces\github\de.protos.demos\src\XMC2GoBlinky\etrice.runtime.c.FreeRTOS\Debug\libXMC2GoBlinky.etrice.runtime.c.FreeRTOS.a(etSystemProtocol.o)
                0x100064b4                etSystemProtocolReplPort_getReplication
 .text.etSystemProtocolConjPort_poll
                0x100064cc       0x1c C:\data\workspaces\github\de.protos.demos\src\XMC2GoBlinky\etrice.runtime.c.FreeRTOS\Debug\libXMC2GoBlinky.etrice.runtime.c.FreeRTOS.a(etSystemProtocol.o)
                0x100064cc                etSystemProtocolConjPort_poll
 .text.etSystemProtocolConjReplPort_poll_broadcast
                0x100064e8       0x3c C:\data\workspaces\github\de.protos.demos\src\XMC2GoBlinky\etrice.runtime.c.FreeRTOS\Debug\libXMC2GoBlinky.etrice.runtime.c.FreeRTOS.a(etSystemProtocol.o)
                0x100064e8                etSystemProtocolConjReplPort_poll_broadcast
 .text.etSystemProtocolConjReplPort_poll
                0x10006524       0x38 C:\data\workspaces\github\de.protos.demos\src\XMC2GoBlinky\etrice.runtime.c.FreeRTOS\Debug\libXMC2GoBlinky.etrice.runtime.c.FreeRTOS.a(etSystemProtocol.o)
                0x10006524                etSystemProtocolConjReplPort_poll
 .text.etSystemProtocolConjPort_terminate
                0x1000655c       0x1c C:\data\workspaces\github\de.protos.demos\src\XMC2GoBlinky\etrice.runtime.c.FreeRTOS\Debug\libXMC2GoBlinky.etrice.runtime.c.FreeRTOS.a(etSystemProtocol.o)
                0x1000655c                etSystemProtocolConjPort_terminate
 .text.etSystemProtocolConjReplPort_terminate_broadcast
                0x10006578       0x3c C:\data\workspaces\github\de.protos.demos\src\XMC2GoBlinky\etrice.runtime.c.FreeRTOS\Debug\libXMC2GoBlinky.etrice.runtime.c.FreeRTOS.a(etSystemProtocol.o)
                0x10006578                etSystemProtocolConjReplPort_terminate_broadcast
 .text.etSystemProtocolConjReplPort_terminate
                0x100065b4       0x38 C:\data\workspaces\github\de.protos.demos\src\XMC2GoBlinky\etrice.runtime.c.FreeRTOS\Debug\libXMC2GoBlinky.etrice.runtime.c.FreeRTOS.a(etSystemProtocol.o)
                0x100065b4                etSystemProtocolConjReplPort_terminate
 .text.etSystemProtocolConjReplPort_getReplication
                0x100065ec       0x18 C:\data\workspaces\github\de.protos.demos\src\XMC2GoBlinky\etrice.runtime.c.FreeRTOS\Debug\libXMC2GoBlinky.etrice.runtime.c.FreeRTOS.a(etSystemProtocol.o)
                0x100065ec                etSystemProtocolConjReplPort_getReplication
 .text.etSystemProtocol_getMessageString
                0x10006604       0x30 C:\data\workspaces\github\de.protos.demos\src\XMC2GoBlinky\etrice.runtime.c.FreeRTOS\Debug\libXMC2GoBlinky.etrice.runtime.c.FreeRTOS.a(etSystemProtocol.o)
                0x10006604                etSystemProtocol_getMessageString
 .text          0x10006634        0x0 C:\data\workspaces\github\de.protos.demos\src\XMC2GoBlinky\etrice.runtime.c.FreeRTOS\Debug\libXMC2GoBlinky.etrice.runtime.c.FreeRTOS.a(tasks.o)
 .text.xTaskGenericCreate
                0x10006634      0x16c C:\data\workspaces\github\de.protos.demos\src\XMC2GoBlinky\etrice.runtime.c.FreeRTOS\Debug\libXMC2GoBlinky.etrice.runtime.c.FreeRTOS.a(tasks.o)
                0x10006634                xTaskGenericCreate
 .text.vTaskDelete
                0x100067a0       0xac C:\data\workspaces\github\de.protos.demos\src\XMC2GoBlinky\etrice.runtime.c.FreeRTOS\Debug\libXMC2GoBlinky.etrice.runtime.c.FreeRTOS.a(tasks.o)
                0x100067a0                vTaskDelete
 .text.vTaskDelayUntil
                0x1000684c       0xc0 C:\data\workspaces\github\de.protos.demos\src\XMC2GoBlinky\etrice.runtime.c.FreeRTOS\Debug\libXMC2GoBlinky.etrice.runtime.c.FreeRTOS.a(tasks.o)
                0x1000684c                vTaskDelayUntil
 .text.vTaskDelay
                0x1000690c       0x64 C:\data\workspaces\github\de.protos.demos\src\XMC2GoBlinky\etrice.runtime.c.FreeRTOS\Debug\libXMC2GoBlinky.etrice.runtime.c.FreeRTOS.a(tasks.o)
                0x1000690c                vTaskDelay
 .text.uxTaskPriorityGet
                0x10006970       0x34 C:\data\workspaces\github\de.protos.demos\src\XMC2GoBlinky\etrice.runtime.c.FreeRTOS\Debug\libXMC2GoBlinky.etrice.runtime.c.FreeRTOS.a(tasks.o)
                0x10006970                uxTaskPriorityGet
 .text.vTaskPrioritySet
                0x100069a4      0x120 C:\data\workspaces\github\de.protos.demos\src\XMC2GoBlinky\etrice.runtime.c.FreeRTOS\Debug\libXMC2GoBlinky.etrice.runtime.c.FreeRTOS.a(tasks.o)
                0x100069a4                vTaskPrioritySet
 .text.vTaskSuspend
                0x10006ac4       0xb8 C:\data\workspaces\github\de.protos.demos\src\XMC2GoBlinky\etrice.runtime.c.FreeRTOS\Debug\libXMC2GoBlinky.etrice.runtime.c.FreeRTOS.a(tasks.o)
                0x10006ac4                vTaskSuspend
 .text.prvTaskIsTaskSuspended
                0x10006b7c       0x60 C:\data\workspaces\github\de.protos.demos\src\XMC2GoBlinky\etrice.runtime.c.FreeRTOS\Debug\libXMC2GoBlinky.etrice.runtime.c.FreeRTOS.a(tasks.o)
 .text.vTaskResume
                0x10006bdc       0x9c C:\data\workspaces\github\de.protos.demos\src\XMC2GoBlinky\etrice.runtime.c.FreeRTOS\Debug\libXMC2GoBlinky.etrice.runtime.c.FreeRTOS.a(tasks.o)
                0x10006bdc                vTaskResume
 .text.xTaskResumeFromISR
                0x10006c78       0xbc C:\data\workspaces\github\de.protos.demos\src\XMC2GoBlinky\etrice.runtime.c.FreeRTOS\Debug\libXMC2GoBlinky.etrice.runtime.c.FreeRTOS.a(tasks.o)
                0x10006c78                xTaskResumeFromISR
 .text.vTaskStartScheduler
                0x10006d34       0x74 C:\data\workspaces\github\de.protos.demos\src\XMC2GoBlinky\etrice.runtime.c.FreeRTOS\Debug\libXMC2GoBlinky.etrice.runtime.c.FreeRTOS.a(tasks.o)
                0x10006d34                vTaskStartScheduler
 .text.vTaskEndScheduler
                0x10006da8       0x18 C:\data\workspaces\github\de.protos.demos\src\XMC2GoBlinky\etrice.runtime.c.FreeRTOS\Debug\libXMC2GoBlinky.etrice.runtime.c.FreeRTOS.a(tasks.o)
                0x10006da8                vTaskEndScheduler
 .text.vTaskSuspendAll
                0x10006dc0       0x18 C:\data\workspaces\github\de.protos.demos\src\XMC2GoBlinky\etrice.runtime.c.FreeRTOS\Debug\libXMC2GoBlinky.etrice.runtime.c.FreeRTOS.a(tasks.o)
                0x10006dc0                vTaskSuspendAll
 .text.xTaskResumeAll
                0x10006dd8      0x108 C:\data\workspaces\github\de.protos.demos\src\XMC2GoBlinky\etrice.runtime.c.FreeRTOS\Debug\libXMC2GoBlinky.etrice.runtime.c.FreeRTOS.a(tasks.o)
                0x10006dd8                xTaskResumeAll
 .text.xTaskGetTickCount
                0x10006ee0       0x24 C:\data\workspaces\github\de.protos.demos\src\XMC2GoBlinky\etrice.runtime.c.FreeRTOS\Debug\libXMC2GoBlinky.etrice.runtime.c.FreeRTOS.a(tasks.o)
                0x10006ee0                xTaskGetTickCount
 .text.xTaskGetTickCountFromISR
                0x10006f04       0x2c C:\data\workspaces\github\de.protos.demos\src\XMC2GoBlinky\etrice.runtime.c.FreeRTOS\Debug\libXMC2GoBlinky.etrice.runtime.c.FreeRTOS.a(tasks.o)
                0x10006f04                xTaskGetTickCountFromISR
 .text.uxTaskGetNumberOfTasks
                0x10006f30       0x14 C:\data\workspaces\github\de.protos.demos\src\XMC2GoBlinky\etrice.runtime.c.FreeRTOS\Debug\libXMC2GoBlinky.etrice.runtime.c.FreeRTOS.a(tasks.o)
                0x10006f30                uxTaskGetNumberOfTasks
 .text.uxTaskGetSystemState
                0x10006f44       0xfc C:\data\workspaces\github\de.protos.demos\src\XMC2GoBlinky\etrice.runtime.c.FreeRTOS\Debug\libXMC2GoBlinky.etrice.runtime.c.FreeRTOS.a(tasks.o)
                0x10006f44                uxTaskGetSystemState
 .text.xTaskIncrementTick
                0x10007040      0x180 C:\data\workspaces\github\de.protos.demos\src\XMC2GoBlinky\etrice.runtime.c.FreeRTOS\Debug\libXMC2GoBlinky.etrice.runtime.c.FreeRTOS.a(tasks.o)
                0x10007040                xTaskIncrementTick
 .text.vTaskSwitchContext
                0x100071c0       0xf0 C:\data\workspaces\github\de.protos.demos\src\XMC2GoBlinky\etrice.runtime.c.FreeRTOS\Debug\libXMC2GoBlinky.etrice.runtime.c.FreeRTOS.a(tasks.o)
                0x100071c0                vTaskSwitchContext
 .text.vTaskPlaceOnEventList
                0x100072b0       0x6c C:\data\workspaces\github\de.protos.demos\src\XMC2GoBlinky\etrice.runtime.c.FreeRTOS\Debug\libXMC2GoBlinky.etrice.runtime.c.FreeRTOS.a(tasks.o)
                0x100072b0                vTaskPlaceOnEventList
 .text.vTaskPlaceOnUnorderedEventList
                0x1000731c       0x8c C:\data\workspaces\github\de.protos.demos\src\XMC2GoBlinky\etrice.runtime.c.FreeRTOS\Debug\libXMC2GoBlinky.etrice.runtime.c.FreeRTOS.a(tasks.o)
                0x1000731c                vTaskPlaceOnUnorderedEventList
 .text.vTaskPlaceOnEventListRestricted
                0x100073a8       0x50 C:\data\workspaces\github\de.protos.demos\src\XMC2GoBlinky\etrice.runtime.c.FreeRTOS\Debug\libXMC2GoBlinky.etrice.runtime.c.FreeRTOS.a(tasks.o)
                0x100073a8                vTaskPlaceOnEventListRestricted
 .text.xTaskRemoveFromEventList
                0x100073f8       0xb8 C:\data\workspaces\github\de.protos.demos\src\XMC2GoBlinky\etrice.runtime.c.FreeRTOS\Debug\libXMC2GoBlinky.etrice.runtime.c.FreeRTOS.a(tasks.o)
                0x100073f8                xTaskRemoveFromEventList
 .text.xTaskRemoveFromUnorderedEventList
                0x100074b0       0xb0 C:\data\workspaces\github\de.protos.demos\src\XMC2GoBlinky\etrice.runtime.c.FreeRTOS\Debug\libXMC2GoBlinky.etrice.runtime.c.FreeRTOS.a(tasks.o)
                0x100074b0                xTaskRemoveFromUnorderedEventList
 .text.vTaskSetTimeOutState
                0x10007560       0x30 C:\data\workspaces\github\de.protos.demos\src\XMC2GoBlinky\etrice.runtime.c.FreeRTOS\Debug\libXMC2GoBlinky.etrice.runtime.c.FreeRTOS.a(tasks.o)
                0x10007560                vTaskSetTimeOutState
 .text.xTaskCheckForTimeOut
                0x10007590       0x9c C:\data\workspaces\github\de.protos.demos\src\XMC2GoBlinky\etrice.runtime.c.FreeRTOS\Debug\libXMC2GoBlinky.etrice.runtime.c.FreeRTOS.a(tasks.o)
                0x10007590                xTaskCheckForTimeOut
 .text.vTaskMissedYield
                0x1000762c       0x14 C:\data\workspaces\github\de.protos.demos\src\XMC2GoBlinky\etrice.runtime.c.FreeRTOS\Debug\libXMC2GoBlinky.etrice.runtime.c.FreeRTOS.a(tasks.o)
                0x1000762c                vTaskMissedYield
 .text.uxTaskGetTaskNumber
                0x10007640       0x28 C:\data\workspaces\github\de.protos.demos\src\XMC2GoBlinky\etrice.runtime.c.FreeRTOS\Debug\libXMC2GoBlinky.etrice.runtime.c.FreeRTOS.a(tasks.o)
                0x10007640                uxTaskGetTaskNumber
 .text.vTaskSetTaskNumber
                0x10007668       0x20 C:\data\workspaces\github\de.protos.demos\src\XMC2GoBlinky\etrice.runtime.c.FreeRTOS\Debug\libXMC2GoBlinky.etrice.runtime.c.FreeRTOS.a(tasks.o)
                0x10007668                vTaskSetTaskNumber
 .text.prvIdleTask
                0x10007688       0x14 C:\data\workspaces\github\de.protos.demos\src\XMC2GoBlinky\etrice.runtime.c.FreeRTOS\Debug\libXMC2GoBlinky.etrice.runtime.c.FreeRTOS.a(tasks.o)
 .text.prvInitialiseTCBVariables
                0x1000769c       0x94 C:\data\workspaces\github\de.protos.demos\src\XMC2GoBlinky\etrice.runtime.c.FreeRTOS\Debug\libXMC2GoBlinky.etrice.runtime.c.FreeRTOS.a(tasks.o)
 .text.prvInitialiseTaskLists
                0x10007730       0x88 C:\data\workspaces\github\de.protos.demos\src\XMC2GoBlinky\etrice.runtime.c.FreeRTOS\Debug\libXMC2GoBlinky.etrice.runtime.c.FreeRTOS.a(tasks.o)
 .text.prvCheckTasksWaitingTermination
                0x100077b8       0x74 C:\data\workspaces\github\de.protos.demos\src\XMC2GoBlinky\etrice.runtime.c.FreeRTOS\Debug\libXMC2GoBlinky.etrice.runtime.c.FreeRTOS.a(tasks.o)
 .text.prvAddCurrentTaskToDelayedList
                0x1000782c       0x6c C:\data\workspaces\github\de.protos.demos\src\XMC2GoBlinky\etrice.runtime.c.FreeRTOS\Debug\libXMC2GoBlinky.etrice.runtime.c.FreeRTOS.a(tasks.o)
 .text.prvAllocateTCBAndStack
                0x10007898       0x70 C:\data\workspaces\github\de.protos.demos\src\XMC2GoBlinky\etrice.runtime.c.FreeRTOS\Debug\libXMC2GoBlinky.etrice.runtime.c.FreeRTOS.a(tasks.o)
 .text.prvListTaskWithinSingleList
                0x10007908      0x11c C:\data\workspaces\github\de.protos.demos\src\XMC2GoBlinky\etrice.runtime.c.FreeRTOS\Debug\libXMC2GoBlinky.etrice.runtime.c.FreeRTOS.a(tasks.o)
 .text.prvTaskCheckFreeStackSpace
                0x10007a24       0x34 C:\data\workspaces\github\de.protos.demos\src\XMC2GoBlinky\etrice.runtime.c.FreeRTOS\Debug\libXMC2GoBlinky.etrice.runtime.c.FreeRTOS.a(tasks.o)
 .text.prvDeleteTCB
                0x10007a58       0x20 C:\data\workspaces\github\de.protos.demos\src\XMC2GoBlinky\etrice.runtime.c.FreeRTOS\Debug\libXMC2GoBlinky.etrice.runtime.c.FreeRTOS.a(tasks.o)
 .text.prvResetNextTaskUnblockTime
                0x10007a78       0x44 C:\data\workspaces\github\de.protos.demos\src\XMC2GoBlinky\etrice.runtime.c.FreeRTOS\Debug\libXMC2GoBlinky.etrice.runtime.c.FreeRTOS.a(tasks.o)
 .text.xTaskGetCurrentTaskHandle
                0x10007abc       0x1c C:\data\workspaces\github\de.protos.demos\src\XMC2GoBlinky\etrice.runtime.c.FreeRTOS\Debug\libXMC2GoBlinky.etrice.runtime.c.FreeRTOS.a(tasks.o)
                0x10007abc                xTaskGetCurrentTaskHandle
 .text.xTaskGetSchedulerState
                0x10007ad8       0x38 C:\data\workspaces\github\de.protos.demos\src\XMC2GoBlinky\etrice.runtime.c.FreeRTOS\Debug\libXMC2GoBlinky.etrice.runtime.c.FreeRTOS.a(tasks.o)
                0x10007ad8                xTaskGetSchedulerState
 .text.vTaskPriorityInherit
                0x10007b10       0xbc C:\data\workspaces\github\de.protos.demos\src\XMC2GoBlinky\etrice.runtime.c.FreeRTOS\Debug\libXMC2GoBlinky.etrice.runtime.c.FreeRTOS.a(tasks.o)
                0x10007b10                vTaskPriorityInherit
 .text.vTaskPriorityDisinherit
                0x10007bcc       0x84 C:\data\workspaces\github\de.protos.demos\src\XMC2GoBlinky\etrice.runtime.c.FreeRTOS\Debug\libXMC2GoBlinky.etrice.runtime.c.FreeRTOS.a(tasks.o)
                0x10007bcc                vTaskPriorityDisinherit
 .text.uxTaskResetEventItemValue
                0x10007c50       0x2c C:\data\workspaces\github\de.protos.demos\src\XMC2GoBlinky\etrice.runtime.c.FreeRTOS\Debug\libXMC2GoBlinky.etrice.runtime.c.FreeRTOS.a(tasks.o)
                0x10007c50                uxTaskResetEventItemValue
 .text          0x10007c7c        0x0 C:\data\workspaces\github\de.protos.demos\src\XMC2GoBlinky\etrice.runtime.c.FreeRTOS\Debug\libXMC2GoBlinky.etrice.runtime.c.FreeRTOS.a(timers.o)
 .text.xTimerCreateTimerTask
                0x10007c7c       0x60 C:\data\workspaces\github\de.protos.demos\src\XMC2GoBlinky\etrice.runtime.c.FreeRTOS\Debug\libXMC2GoBlinky.etrice.runtime.c.FreeRTOS.a(timers.o)
                0x10007c7c                xTimerCreateTimerTask
 .text.xTimerCreate
                0x10007cdc       0x6c C:\data\workspaces\github\de.protos.demos\src\XMC2GoBlinky\etrice.runtime.c.FreeRTOS\Debug\libXMC2GoBlinky.etrice.runtime.c.FreeRTOS.a(timers.o)
                0x10007cdc                xTimerCreate
 .text.xTimerGenericCommand
                0x10007d48       0xa0 C:\data\workspaces\github\de.protos.demos\src\XMC2GoBlinky\etrice.runtime.c.FreeRTOS\Debug\libXMC2GoBlinky.etrice.runtime.c.FreeRTOS.a(timers.o)
                0x10007d48                xTimerGenericCommand
 .text.pcTimerGetTimerName
                0x10007de8       0x18 C:\data\workspaces\github\de.protos.demos\src\XMC2GoBlinky\etrice.runtime.c.FreeRTOS\Debug\libXMC2GoBlinky.etrice.runtime.c.FreeRTOS.a(timers.o)
                0x10007de8                pcTimerGetTimerName
 .text.prvProcessExpiredTimer
                0x10007e00       0x74 C:\data\workspaces\github\de.protos.demos\src\XMC2GoBlinky\etrice.runtime.c.FreeRTOS\Debug\libXMC2GoBlinky.etrice.runtime.c.FreeRTOS.a(timers.o)
 .text.prvTimerTask
                0x10007e74       0x28 C:\data\workspaces\github\de.protos.demos\src\XMC2GoBlinky\etrice.runtime.c.FreeRTOS\Debug\libXMC2GoBlinky.etrice.runtime.c.FreeRTOS.a(timers.o)
 .text.prvProcessTimerOrBlockTask
                0x10007e9c       0x78 C:\data\workspaces\github\de.protos.demos\src\XMC2GoBlinky\etrice.runtime.c.FreeRTOS\Debug\libXMC2GoBlinky.etrice.runtime.c.FreeRTOS.a(timers.o)
 .text.prvGetNextExpireTime
                0x10007f14       0x40 C:\data\workspaces\github\de.protos.demos\src\XMC2GoBlinky\etrice.runtime.c.FreeRTOS\Debug\libXMC2GoBlinky.etrice.runtime.c.FreeRTOS.a(timers.o)
 .text.prvSampleTimeNow
                0x10007f54       0x40 C:\data\workspaces\github\de.protos.demos\src\XMC2GoBlinky\etrice.runtime.c.FreeRTOS\Debug\libXMC2GoBlinky.etrice.runtime.c.FreeRTOS.a(timers.o)
 .text.prvInsertTimerInActiveList
                0x10007f94       0x84 C:\data\workspaces\github\de.protos.demos\src\XMC2GoBlinky\etrice.runtime.c.FreeRTOS\Debug\libXMC2GoBlinky.etrice.runtime.c.FreeRTOS.a(timers.o)
 .text.prvProcessReceivedCommands
                0x10008018      0x110 C:\data\workspaces\github\de.protos.demos\src\XMC2GoBlinky\etrice.runtime.c.FreeRTOS\Debug\libXMC2GoBlinky.etrice.runtime.c.FreeRTOS.a(timers.o)
 .text.prvSwitchTimerLists
                0x10008128       0xb8 C:\data\workspaces\github\de.protos.demos\src\XMC2GoBlinky\etrice.runtime.c.FreeRTOS\Debug\libXMC2GoBlinky.etrice.runtime.c.FreeRTOS.a(timers.o)
 .text.prvCheckForValidListAndQueue
                0x100081e0       0x80 C:\data\workspaces\github\de.protos.demos\src\XMC2GoBlinky\etrice.runtime.c.FreeRTOS\Debug\libXMC2GoBlinky.etrice.runtime.c.FreeRTOS.a(timers.o)
 .text.xTimerIsTimerActive
                0x10008260       0x2c C:\data\workspaces\github\de.protos.demos\src\XMC2GoBlinky\etrice.runtime.c.FreeRTOS\Debug\libXMC2GoBlinky.etrice.runtime.c.FreeRTOS.a(timers.o)
                0x10008260                xTimerIsTimerActive
 .text.pvTimerGetTimerID
                0x1000828c       0x18 C:\data\workspaces\github\de.protos.demos\src\XMC2GoBlinky\etrice.runtime.c.FreeRTOS\Debug\libXMC2GoBlinky.etrice.runtime.c.FreeRTOS.a(timers.o)
                0x1000828c                pvTimerGetTimerID
 .text          0x100082a4        0x0 C:\data\workspaces\github\de.protos.demos\src\XMC2GoBlinky\etrice.runtime.c.FreeRTOS\Debug\libXMC2GoBlinky.etrice.runtime.c.FreeRTOS.a(heap_1.o)
 .text.pvPortMalloc
                0x100082a4       0x94 C:\data\workspaces\github\de.protos.demos\src\XMC2GoBlinky\etrice.runtime.c.FreeRTOS\Debug\libXMC2GoBlinky.etrice.runtime.c.FreeRTOS.a(heap_1.o)
                0x100082a4                pvPortMalloc
 .text.vPortFree
                0x10008338       0x18 C:\data\workspaces\github\de.protos.demos\src\XMC2GoBlinky\etrice.runtime.c.FreeRTOS\Debug\libXMC2GoBlinky.etrice.runtime.c.FreeRTOS.a(heap_1.o)
                0x10008338                vPortFree
 .text.vPortInitialiseBlocks
                0x10008350       0x14 C:\data\workspaces\github\de.protos.demos\src\XMC2GoBlinky\etrice.runtime.c.FreeRTOS\Debug\libXMC2GoBlinky.etrice.runtime.c.FreeRTOS.a(heap_1.o)
                0x10008350                vPortInitialiseBlocks
 .text.xPortGetFreeHeapSize
                0x10008364       0x1c C:\data\workspaces\github\de.protos.demos\src\XMC2GoBlinky\etrice.runtime.c.FreeRTOS\Debug\libXMC2GoBlinky.etrice.runtime.c.FreeRTOS.a(heap_1.o)
                0x10008364                xPortGetFreeHeapSize
 .text          0x10008380        0x0 C:\data\workspaces\github\de.protos.demos\src\XMC2GoBlinky\etrice.runtime.c.FreeRTOS\Debug\libXMC2GoBlinky.etrice.runtime.c.FreeRTOS.a(port.o)
 .text.pxPortInitialiseStack
                0x10008380       0x54 C:\data\workspaces\github\de.protos.demos\src\XMC2GoBlinky\etrice.runtime.c.FreeRTOS\Debug\libXMC2GoBlinky.etrice.runtime.c.FreeRTOS.a(port.o)
                0x10008380                pxPortInitialiseStack
 .text.prvTaskExitError
                0x100083d4       0x18 C:\data\workspaces\github\de.protos.demos\src\XMC2GoBlinky\etrice.runtime.c.FreeRTOS\Debug\libXMC2GoBlinky.etrice.runtime.c.FreeRTOS.a(port.o)
 .text.SVC_Handler
                0x100083ec        0x8 C:\data\workspaces\github\de.protos.demos\src\XMC2GoBlinky\etrice.runtime.c.FreeRTOS\Debug\libXMC2GoBlinky.etrice.runtime.c.FreeRTOS.a(port.o)
                0x100083ec                SVC_Handler
 .text.vPortStartFirstTask
                0x100083f4       0x20 C:\data\workspaces\github\de.protos.demos\src\XMC2GoBlinky\etrice.runtime.c.FreeRTOS\Debug\libXMC2GoBlinky.etrice.runtime.c.FreeRTOS.a(port.o)
 .text.xPortStartScheduler
                0x10008414       0x44 C:\data\workspaces\github\de.protos.demos\src\XMC2GoBlinky\etrice.runtime.c.FreeRTOS\Debug\libXMC2GoBlinky.etrice.runtime.c.FreeRTOS.a(port.o)
                0x10008414                xPortStartScheduler
 .text.vPortEndScheduler
                0x10008458       0x1c C:\data\workspaces\github\de.protos.demos\src\XMC2GoBlinky\etrice.runtime.c.FreeRTOS\Debug\libXMC2GoBlinky.etrice.runtime.c.FreeRTOS.a(port.o)
                0x10008458                vPortEndScheduler
 .text.vPortYield
                0x10008474       0x1c C:\data\workspaces\github\de.protos.demos\src\XMC2GoBlinky\etrice.runtime.c.FreeRTOS\Debug\libXMC2GoBlinky.etrice.runtime.c.FreeRTOS.a(port.o)
                0x10008474                vPortYield
 .text.vPortEnterCritical
                0x10008490       0x20 C:\data\workspaces\github\de.protos.demos\src\XMC2GoBlinky\etrice.runtime.c.FreeRTOS\Debug\libXMC2GoBlinky.etrice.runtime.c.FreeRTOS.a(port.o)
                0x10008490                vPortEnterCritical
 .text.vPortExitCritical
                0x100084b0       0x2c C:\data\workspaces\github\de.protos.demos\src\XMC2GoBlinky\etrice.runtime.c.FreeRTOS\Debug\libXMC2GoBlinky.etrice.runtime.c.FreeRTOS.a(port.o)
                0x100084b0                vPortExitCritical
 .text.ulSetInterruptMaskFromISR
                0x100084dc        0xc C:\data\workspaces\github\de.protos.demos\src\XMC2GoBlinky\etrice.runtime.c.FreeRTOS\Debug\libXMC2GoBlinky.etrice.runtime.c.FreeRTOS.a(port.o)
                0x100084dc                ulSetInterruptMaskFromISR
 .text.vClearInterruptMaskFromISR
                0x100084e8        0x8 C:\data\workspaces\github\de.protos.demos\src\XMC2GoBlinky\etrice.runtime.c.FreeRTOS\Debug\libXMC2GoBlinky.etrice.runtime.c.FreeRTOS.a(port.o)
                0x100084e8                vClearInterruptMaskFromISR
 .text.PendSV_Handler
                0x100084f0       0x44 C:\data\workspaces\github\de.protos.demos\src\XMC2GoBlinky\etrice.runtime.c.FreeRTOS\Debug\libXMC2GoBlinky.etrice.runtime.c.FreeRTOS.a(port.o)
                0x100084f0                PendSV_Handler
 .text.SysTick_Handler
                0x10008534       0x34 C:\data\workspaces\github\de.protos.demos\src\XMC2GoBlinky\etrice.runtime.c.FreeRTOS\Debug\libXMC2GoBlinky.etrice.runtime.c.FreeRTOS.a(port.o)
                0x10008534                SysTick_Handler
 .text.prvSetupTimerInterrupt
                0x10008568       0x30 C:\data\workspaces\github\de.protos.demos\src\XMC2GoBlinky\etrice.runtime.c.FreeRTOS\Debug\libXMC2GoBlinky.etrice.runtime.c.FreeRTOS.a(port.o)
 .text          0x10008598        0x0 C:\data\workspaces\github\de.protos.demos\src\XMC2GoBlinky\etrice.runtime.c.FreeRTOS\Debug\libXMC2GoBlinky.etrice.runtime.c.FreeRTOS.a(etMutex.o)
 .text.etMutex_construct
                0x10008598       0x24 C:\data\workspaces\github\de.protos.demos\src\XMC2GoBlinky\etrice.runtime.c.FreeRTOS\Debug\libXMC2GoBlinky.etrice.runtime.c.FreeRTOS.a(etMutex.o)
                0x10008598                etMutex_construct
 .text.etMutex_destruct
                0x100085bc       0x18 C:\data\workspaces\github\de.protos.demos\src\XMC2GoBlinky\etrice.runtime.c.FreeRTOS\Debug\libXMC2GoBlinky.etrice.runtime.c.FreeRTOS.a(etMutex.o)
                0x100085bc                etMutex_destruct
 .text.etMutex_enter
                0x100085d4       0x24 C:\data\workspaces\github\de.protos.demos\src\XMC2GoBlinky\etrice.runtime.c.FreeRTOS\Debug\libXMC2GoBlinky.etrice.runtime.c.FreeRTOS.a(etMutex.o)
                0x100085d4                etMutex_enter
 .text.etMutex_leave
                0x100085f8       0x20 C:\data\workspaces\github\de.protos.demos\src\XMC2GoBlinky\etrice.runtime.c.FreeRTOS\Debug\libXMC2GoBlinky.etrice.runtime.c.FreeRTOS.a(etMutex.o)
                0x100085f8                etMutex_leave
 .text          0x10008618        0x0 C:\data\workspaces\github\de.protos.demos\src\XMC2GoBlinky\etrice.runtime.c.FreeRTOS\Debug\libXMC2GoBlinky.etrice.runtime.c.FreeRTOS.a(etPlatform.o)
 .text.initHw   0x10008618       0x10 C:\data\workspaces\github\de.protos.demos\src\XMC2GoBlinky\etrice.runtime.c.FreeRTOS\Debug\libXMC2GoBlinky.etrice.runtime.c.FreeRTOS.a(etPlatform.o)
                0x10008618                initHw
 .text.vApplicationMallocFailedHook
                0x10008628        0x8 C:\data\workspaces\github\de.protos.demos\src\XMC2GoBlinky\etrice.runtime.c.FreeRTOS\Debug\libXMC2GoBlinky.etrice.runtime.c.FreeRTOS.a(etPlatform.o)
                0x10008628                vApplicationMallocFailedHook
 .text.vApplicationStackOverflowHook
                0x10008630       0x10 C:\data\workspaces\github\de.protos.demos\src\XMC2GoBlinky\etrice.runtime.c.FreeRTOS\Debug\libXMC2GoBlinky.etrice.runtime.c.FreeRTOS.a(etPlatform.o)
                0x10008630                vApplicationStackOverflowHook
 .text.vApplicationIdleHook
                0x10008640       0x14 C:\data\workspaces\github\de.protos.demos\src\XMC2GoBlinky\etrice.runtime.c.FreeRTOS\Debug\libXMC2GoBlinky.etrice.runtime.c.FreeRTOS.a(etPlatform.o)
                0x10008640                vApplicationIdleHook
 .text          0x10008654        0x0 C:\data\workspaces\github\de.protos.demos\src\XMC2GoBlinky\etrice.runtime.c.FreeRTOS\Debug\libXMC2GoBlinky.etrice.runtime.c.FreeRTOS.a(etSema.o)
 .text.etSema_construct
                0x10008654       0x28 C:\data\workspaces\github\de.protos.demos\src\XMC2GoBlinky\etrice.runtime.c.FreeRTOS\Debug\libXMC2GoBlinky.etrice.runtime.c.FreeRTOS.a(etSema.o)
                0x10008654                etSema_construct
 .text.etSema_destruct
                0x1000867c       0x18 C:\data\workspaces\github\de.protos.demos\src\XMC2GoBlinky\etrice.runtime.c.FreeRTOS\Debug\libXMC2GoBlinky.etrice.runtime.c.FreeRTOS.a(etSema.o)
                0x1000867c                etSema_destruct
 .text.etSema_wakeup
                0x10008694       0x20 C:\data\workspaces\github\de.protos.demos\src\XMC2GoBlinky\etrice.runtime.c.FreeRTOS\Debug\libXMC2GoBlinky.etrice.runtime.c.FreeRTOS.a(etSema.o)
                0x10008694                etSema_wakeup
 .text.etSema_waitForWakeup
                0x100086b4       0x24 C:\data\workspaces\github\de.protos.demos\src\XMC2GoBlinky\etrice.runtime.c.FreeRTOS\Debug\libXMC2GoBlinky.etrice.runtime.c.FreeRTOS.a(etSema.o)
                0x100086b4                etSema_waitForWakeup
 .text          0x100086d8        0x0 C:\data\workspaces\github\de.protos.demos\src\XMC2GoBlinky\etrice.runtime.c.FreeRTOS\Debug\libXMC2GoBlinky.etrice.runtime.c.FreeRTOS.a(etThread.o)
 .text.etThread_construct
                0x100086d8       0x5c C:\data\workspaces\github\de.protos.demos\src\XMC2GoBlinky\etrice.runtime.c.FreeRTOS\Debug\libXMC2GoBlinky.etrice.runtime.c.FreeRTOS.a(etThread.o)
                0x100086d8                etThread_construct
 .text.etThread_start
                0x10008734       0x10 C:\data\workspaces\github\de.protos.demos\src\XMC2GoBlinky\etrice.runtime.c.FreeRTOS\Debug\libXMC2GoBlinky.etrice.runtime.c.FreeRTOS.a(etThread.o)
                0x10008734                etThread_start
 .text.etThread_execute
                0x10008744       0x1c C:\data\workspaces\github\de.protos.demos\src\XMC2GoBlinky\etrice.runtime.c.FreeRTOS\Debug\libXMC2GoBlinky.etrice.runtime.c.FreeRTOS.a(etThread.o)
                0x10008744                etThread_execute
 .text.etThread_destruct
                0x10008760       0x18 C:\data\workspaces\github\de.protos.demos\src\XMC2GoBlinky\etrice.runtime.c.FreeRTOS\Debug\libXMC2GoBlinky.etrice.runtime.c.FreeRTOS.a(etThread.o)
                0x10008760                etThread_destruct
 .text.etThread_sleep
                0x10008778       0x10 C:\data\workspaces\github\de.protos.demos\src\XMC2GoBlinky\etrice.runtime.c.FreeRTOS\Debug\libXMC2GoBlinky.etrice.runtime.c.FreeRTOS.a(etThread.o)
                0x10008778                etThread_sleep
 .text          0x10008788        0x0 C:\data\workspaces\github\de.protos.demos\src\XMC2GoBlinky\etrice.runtime.c.FreeRTOS\Debug\libXMC2GoBlinky.etrice.runtime.c.FreeRTOS.a(etTimer.o)
 .text.etTimer_construct
                0x10008788       0x7c C:\data\workspaces\github\de.protos.demos\src\XMC2GoBlinky\etrice.runtime.c.FreeRTOS\Debug\libXMC2GoBlinky.etrice.runtime.c.FreeRTOS.a(etTimer.o)
                0x10008788                etTimer_construct
 .text.etTimer_start
                0x10008804       0x30 C:\data\workspaces\github\de.protos.demos\src\XMC2GoBlinky\etrice.runtime.c.FreeRTOS\Debug\libXMC2GoBlinky.etrice.runtime.c.FreeRTOS.a(etTimer.o)
                0x10008804                etTimer_start
 .text.etTimer_stop
                0x10008834       0x2c C:\data\workspaces\github\de.protos.demos\src\XMC2GoBlinky\etrice.runtime.c.FreeRTOS\Debug\libXMC2GoBlinky.etrice.runtime.c.FreeRTOS.a(etTimer.o)
                0x10008834                etTimer_stop
 .text.etTimer_destruct
                0x10008860       0x2c C:\data\workspaces\github\de.protos.demos\src\XMC2GoBlinky\etrice.runtime.c.FreeRTOS\Debug\libXMC2GoBlinky.etrice.runtime.c.FreeRTOS.a(etTimer.o)
                0x10008860                etTimer_destruct
 .text.etTimer_callback
                0x1000888c       0x28 C:\data\workspaces\github\de.protos.demos\src\XMC2GoBlinky\etrice.runtime.c.FreeRTOS\Debug\libXMC2GoBlinky.etrice.runtime.c.FreeRTOS.a(etTimer.o)
                0x1000888c                etTimer_callback
 .text          0x100088b4        0x0 C:\data\workspaces\github\de.protos.demos\src\XMC2GoBlinky\etrice.runtime.c.FreeRTOS\Debug\libXMC2GoBlinky.etrice.runtime.c.FreeRTOS.a(etMessageQueue.o)
 .text.etMessageQueue_init
                0x100088b4       0x2c C:\data\workspaces\github\de.protos.demos\src\XMC2GoBlinky\etrice.runtime.c.FreeRTOS\Debug\libXMC2GoBlinky.etrice.runtime.c.FreeRTOS.a(etMessageQueue.o)
                0x100088b4                etMessageQueue_init
 .text.etMessageQueue_push
                0x100088e0       0x64 C:\data\workspaces\github\de.protos.demos\src\XMC2GoBlinky\etrice.runtime.c.FreeRTOS\Debug\libXMC2GoBlinky.etrice.runtime.c.FreeRTOS.a(etMessageQueue.o)
                0x100088e0                etMessageQueue_push
 .text.etMessageQueue_pop
                0x10008944       0x78 C:\data\workspaces\github\de.protos.demos\src\XMC2GoBlinky\etrice.runtime.c.FreeRTOS\Debug\libXMC2GoBlinky.etrice.runtime.c.FreeRTOS.a(etMessageQueue.o)
                0x10008944                etMessageQueue_pop
 .text.etMessageQueue_getSize
                0x100089bc       0x18 C:\data\workspaces\github\de.protos.demos\src\XMC2GoBlinky\etrice.runtime.c.FreeRTOS\Debug\libXMC2GoBlinky.etrice.runtime.c.FreeRTOS.a(etMessageQueue.o)
                0x100089bc                etMessageQueue_getSize
 .text.etMessageQueue_getFirst
                0x100089d4       0x14 C:\data\workspaces\github\de.protos.demos\src\XMC2GoBlinky\etrice.runtime.c.FreeRTOS\Debug\libXMC2GoBlinky.etrice.runtime.c.FreeRTOS.a(etMessageQueue.o)
                0x100089d4                etMessageQueue_getFirst
 .text.etMessageQueue_getLast
                0x100089e8       0x14 C:\data\workspaces\github\de.protos.demos\src\XMC2GoBlinky\etrice.runtime.c.FreeRTOS\Debug\libXMC2GoBlinky.etrice.runtime.c.FreeRTOS.a(etMessageQueue.o)
                0x100089e8                etMessageQueue_getLast
 .text.etMessageQueue_isNotEmpty
                0x100089fc       0x1c C:\data\workspaces\github\de.protos.demos\src\XMC2GoBlinky\etrice.runtime.c.FreeRTOS\Debug\libXMC2GoBlinky.etrice.runtime.c.FreeRTOS.a(etMessageQueue.o)
                0x100089fc                etMessageQueue_isNotEmpty
 .text.etMessageQueue_getHighWaterMark
                0x10008a18       0x18 C:\data\workspaces\github\de.protos.demos\src\XMC2GoBlinky\etrice.runtime.c.FreeRTOS\Debug\libXMC2GoBlinky.etrice.runtime.c.FreeRTOS.a(etMessageQueue.o)
                0x10008a18                etMessageQueue_getHighWaterMark
 .text.etMessageQueue_getLowWaterMark
                0x10008a30       0x18 C:\data\workspaces\github\de.protos.demos\src\XMC2GoBlinky\etrice.runtime.c.FreeRTOS\Debug\libXMC2GoBlinky.etrice.runtime.c.FreeRTOS.a(etMessageQueue.o)
                0x10008a30                etMessageQueue_getLowWaterMark
 .text.etMessageQueue_resetLowWaterMark
                0x10008a48       0x18 C:\data\workspaces\github\de.protos.demos\src\XMC2GoBlinky\etrice.runtime.c.FreeRTOS\Debug\libXMC2GoBlinky.etrice.runtime.c.FreeRTOS.a(etMessageQueue.o)
                0x10008a48                etMessageQueue_resetLowWaterMark
 .text          0x10008a60        0x0 C:\data\workspaces\github\de.protos.demos\src\XMC2GoBlinky\etrice.runtime.c.FreeRTOS\Debug\libXMC2GoBlinky.etrice.runtime.c.FreeRTOS.a(list.o)
 .text.vListInitialise
                0x10008a60       0x3c C:\data\workspaces\github\de.protos.demos\src\XMC2GoBlinky\etrice.runtime.c.FreeRTOS\Debug\libXMC2GoBlinky.etrice.runtime.c.FreeRTOS.a(list.o)
                0x10008a60                vListInitialise
 .text.vListInitialiseItem
                0x10008a9c       0x14 C:\data\workspaces\github\de.protos.demos\src\XMC2GoBlinky\etrice.runtime.c.FreeRTOS\Debug\libXMC2GoBlinky.etrice.runtime.c.FreeRTOS.a(list.o)
                0x10008a9c                vListInitialiseItem
 .text.vListInsertEnd
                0x10008ab0       0x44 C:\data\workspaces\github\de.protos.demos\src\XMC2GoBlinky\etrice.runtime.c.FreeRTOS\Debug\libXMC2GoBlinky.etrice.runtime.c.FreeRTOS.a(list.o)
                0x10008ab0                vListInsertEnd
 .text.vListInsert
                0x10008af4       0x6c C:\data\workspaces\github\de.protos.demos\src\XMC2GoBlinky\etrice.runtime.c.FreeRTOS\Debug\libXMC2GoBlinky.etrice.runtime.c.FreeRTOS.a(list.o)
                0x10008af4                vListInsert
 .text.uxListRemove
                0x10008b60       0x50 C:\data\workspaces\github\de.protos.demos\src\XMC2GoBlinky\etrice.runtime.c.FreeRTOS\Debug\libXMC2GoBlinky.etrice.runtime.c.FreeRTOS.a(list.o)
                0x10008b60                uxListRemove
 .text          0x10008bb0        0x0 C:\data\workspaces\github\de.protos.demos\src\XMC2GoBlinky\etrice.runtime.c.FreeRTOS\Debug\libXMC2GoBlinky.etrice.runtime.c.FreeRTOS.a(queue.o)
 .text.xQueueGenericReset
                0x10008bb0       0xac C:\data\workspaces\github\de.protos.demos\src\XMC2GoBlinky\etrice.runtime.c.FreeRTOS\Debug\libXMC2GoBlinky.etrice.runtime.c.FreeRTOS.a(queue.o)
                0x10008bb0                xQueueGenericReset
 .text.xQueueGenericCreate
                0x10008c5c       0x8c C:\data\workspaces\github\de.protos.demos\src\XMC2GoBlinky\etrice.runtime.c.FreeRTOS\Debug\libXMC2GoBlinky.etrice.runtime.c.FreeRTOS.a(queue.o)
                0x10008c5c                xQueueGenericCreate
 .text.xQueueCreateMutex
                0x10008ce8       0x98 C:\data\workspaces\github\de.protos.demos\src\XMC2GoBlinky\etrice.runtime.c.FreeRTOS\Debug\libXMC2GoBlinky.etrice.runtime.c.FreeRTOS.a(queue.o)
                0x10008ce8                xQueueCreateMutex
 .text.xQueueGiveMutexRecursive
                0x10008d80       0x58 C:\data\workspaces\github\de.protos.demos\src\XMC2GoBlinky\etrice.runtime.c.FreeRTOS\Debug\libXMC2GoBlinky.etrice.runtime.c.FreeRTOS.a(queue.o)
                0x10008d80                xQueueGiveMutexRecursive
 .text.xQueueTakeMutexRecursive
                0x10008dd8       0x64 C:\data\workspaces\github\de.protos.demos\src\XMC2GoBlinky\etrice.runtime.c.FreeRTOS\Debug\libXMC2GoBlinky.etrice.runtime.c.FreeRTOS.a(queue.o)
                0x10008dd8                xQueueTakeMutexRecursive
 .text.xQueueCreateCountingSemaphore
                0x10008e3c       0x50 C:\data\workspaces\github\de.protos.demos\src\XMC2GoBlinky\etrice.runtime.c.FreeRTOS\Debug\libXMC2GoBlinky.etrice.runtime.c.FreeRTOS.a(queue.o)
                0x10008e3c                xQueueCreateCountingSemaphore
 .text.xQueueGenericSend
                0x10008e8c      0x180 C:\data\workspaces\github\de.protos.demos\src\XMC2GoBlinky\etrice.runtime.c.FreeRTOS\Debug\libXMC2GoBlinky.etrice.runtime.c.FreeRTOS.a(queue.o)
                0x10008e8c                xQueueGenericSend
 .text.xQueueGenericSendFromISR
                0x1000900c       0xd4 C:\data\workspaces\github\de.protos.demos\src\XMC2GoBlinky\etrice.runtime.c.FreeRTOS\Debug\libXMC2GoBlinky.etrice.runtime.c.FreeRTOS.a(queue.o)
                0x1000900c                xQueueGenericSendFromISR
 .text.xQueueGenericReceive
                0x100090e0      0x1bc C:\data\workspaces\github\de.protos.demos\src\XMC2GoBlinky\etrice.runtime.c.FreeRTOS\Debug\libXMC2GoBlinky.etrice.runtime.c.FreeRTOS.a(queue.o)
                0x100090e0                xQueueGenericReceive
 .text.xQueueReceiveFromISR
                0x1000929c       0xb0 C:\data\workspaces\github\de.protos.demos\src\XMC2GoBlinky\etrice.runtime.c.FreeRTOS\Debug\libXMC2GoBlinky.etrice.runtime.c.FreeRTOS.a(queue.o)
                0x1000929c                xQueueReceiveFromISR
 .text.xQueuePeekFromISR
                0x1000934c       0x78 C:\data\workspaces\github\de.protos.demos\src\XMC2GoBlinky\etrice.runtime.c.FreeRTOS\Debug\libXMC2GoBlinky.etrice.runtime.c.FreeRTOS.a(queue.o)
                0x1000934c                xQueuePeekFromISR
 .text.uxQueueMessagesWaiting
                0x100093c4       0x2c C:\data\workspaces\github\de.protos.demos\src\XMC2GoBlinky\etrice.runtime.c.FreeRTOS\Debug\libXMC2GoBlinky.etrice.runtime.c.FreeRTOS.a(queue.o)
                0x100093c4                uxQueueMessagesWaiting
 .text.uxQueueSpacesAvailable
                0x100093f0       0x34 C:\data\workspaces\github\de.protos.demos\src\XMC2GoBlinky\etrice.runtime.c.FreeRTOS\Debug\libXMC2GoBlinky.etrice.runtime.c.FreeRTOS.a(queue.o)
                0x100093f0                uxQueueSpacesAvailable
 .text.uxQueueMessagesWaitingFromISR
                0x10009424       0x24 C:\data\workspaces\github\de.protos.demos\src\XMC2GoBlinky\etrice.runtime.c.FreeRTOS\Debug\libXMC2GoBlinky.etrice.runtime.c.FreeRTOS.a(queue.o)
                0x10009424                uxQueueMessagesWaitingFromISR
 .text.vQueueDelete
                0x10009448       0x40 C:\data\workspaces\github\de.protos.demos\src\XMC2GoBlinky\etrice.runtime.c.FreeRTOS\Debug\libXMC2GoBlinky.etrice.runtime.c.FreeRTOS.a(queue.o)
                0x10009448                vQueueDelete
 .text.uxQueueGetQueueNumber
                0x10009488       0x14 C:\data\workspaces\github\de.protos.demos\src\XMC2GoBlinky\etrice.runtime.c.FreeRTOS\Debug\libXMC2GoBlinky.etrice.runtime.c.FreeRTOS.a(queue.o)
                0x10009488                uxQueueGetQueueNumber
 .text.vQueueSetQueueNumber
                0x1000949c       0x18 C:\data\workspaces\github\de.protos.demos\src\XMC2GoBlinky\etrice.runtime.c.FreeRTOS\Debug\libXMC2GoBlinky.etrice.runtime.c.FreeRTOS.a(queue.o)
                0x1000949c                vQueueSetQueueNumber
 .text.ucQueueGetQueueType
                0x100094b4       0x18 C:\data\workspaces\github\de.protos.demos\src\XMC2GoBlinky\etrice.runtime.c.FreeRTOS\Debug\libXMC2GoBlinky.etrice.runtime.c.FreeRTOS.a(queue.o)
                0x100094b4                ucQueueGetQueueType
 .text.prvCopyDataToQueue
                0x100094cc       0xd4 C:\data\workspaces\github\de.protos.demos\src\XMC2GoBlinky\etrice.runtime.c.FreeRTOS\Debug\libXMC2GoBlinky.etrice.runtime.c.FreeRTOS.a(queue.o)
 .text.prvCopyDataFromQueue
                0x100095a0       0x50 C:\data\workspaces\github\de.protos.demos\src\XMC2GoBlinky\etrice.runtime.c.FreeRTOS\Debug\libXMC2GoBlinky.etrice.runtime.c.FreeRTOS.a(queue.o)
 .text.prvUnlockQueue
                0x100095f0       0x98 C:\data\workspaces\github\de.protos.demos\src\XMC2GoBlinky\etrice.runtime.c.FreeRTOS\Debug\libXMC2GoBlinky.etrice.runtime.c.FreeRTOS.a(queue.o)
 .text.prvIsQueueEmpty
                0x10009688       0x2c C:\data\workspaces\github\de.protos.demos\src\XMC2GoBlinky\etrice.runtime.c.FreeRTOS\Debug\libXMC2GoBlinky.etrice.runtime.c.FreeRTOS.a(queue.o)
 .text.xQueueIsQueueEmptyFromISR
                0x100096b4       0x30 C:\data\workspaces\github\de.protos.demos\src\XMC2GoBlinky\etrice.runtime.c.FreeRTOS\Debug\libXMC2GoBlinky.etrice.runtime.c.FreeRTOS.a(queue.o)
                0x100096b4                xQueueIsQueueEmptyFromISR
 .text.prvIsQueueFull
                0x100096e4       0x30 C:\data\workspaces\github\de.protos.demos\src\XMC2GoBlinky\etrice.runtime.c.FreeRTOS\Debug\libXMC2GoBlinky.etrice.runtime.c.FreeRTOS.a(queue.o)
 .text.xQueueIsQueueFullFromISR
                0x10009714       0x34 C:\data\workspaces\github\de.protos.demos\src\XMC2GoBlinky\etrice.runtime.c.FreeRTOS\Debug\libXMC2GoBlinky.etrice.runtime.c.FreeRTOS.a(queue.o)
                0x10009714                xQueueIsQueueFullFromISR
 .text.vQueueAddToRegistry
                0x10009748       0x4c C:\data\workspaces\github\de.protos.demos\src\XMC2GoBlinky\etrice.runtime.c.FreeRTOS\Debug\libXMC2GoBlinky.etrice.runtime.c.FreeRTOS.a(queue.o)
                0x10009748                vQueueAddToRegistry
 .text.vQueueUnregisterQueue
                0x10009794       0x44 C:\data\workspaces\github\de.protos.demos\src\XMC2GoBlinky\etrice.runtime.c.FreeRTOS\Debug\libXMC2GoBlinky.etrice.runtime.c.FreeRTOS.a(queue.o)
                0x10009794                vQueueUnregisterQueue
 .text.vQueueWaitForMessageRestricted
                0x100097d8       0x58 C:\data\workspaces\github\de.protos.demos\src\XMC2GoBlinky\etrice.runtime.c.FreeRTOS\Debug\libXMC2GoBlinky.etrice.runtime.c.FreeRTOS.a(queue.o)
                0x100097d8                vQueueWaitForMessageRestricted
 .text          0x10009830       0x9c c:/dave-3.1.10/arm-gcc/bin/../lib/gcc/arm-none-eabi/4.7.4/armv6-m\libgcc.a(_udivsi3.o)
                0x10009830                __aeabi_uidiv
                0x10009830                __udivsi3
                0x100098b8                __aeabi_uidivmod
 .text          0x100098cc        0x4 c:/dave-3.1.10/arm-gcc/bin/../lib/gcc/arm-none-eabi/4.7.4/armv6-m\libgcc.a(_dvmd_tls.o)
                0x100098cc                __aeabi_idiv0
                0x100098cc                __aeabi_ldiv0
 .text          0x100098d0       0x74 c:/dave-3.1.10/arm-gcc/bin/../lib/gcc/arm-none-eabi/4.7.4/armv6-m\libgcc.a(_arm_cmpsf2.o)
                0x100098d0                __aeabi_cfrcmple
                0x100098d8                __aeabi_cfcmpeq
                0x100098d8                __aeabi_cfcmple
                0x100098e8                __aeabi_fcmpeq
                0x100098f4                __aeabi_fcmplt
                0x10009908                __aeabi_fcmple
                0x1000991c                __aeabi_fcmpgt
                0x10009930                __aeabi_fcmpge
 .text          0x10009944       0x30 c:/dave-3.1.10/arm-gcc/bin/../lib/gcc/arm-none-eabi/4.7.4/armv6-m\libgcc.a(_fixunssfsi.o)
                0x10009944                __fixunssfsi
                0x10009944                __aeabi_f2uiz
 .text          0x10009974      0x274 c:/dave-3.1.10/arm-gcc/bin/../lib/gcc/arm-none-eabi/4.7.4/armv6-m\libgcc.a(divsf3.o)
                0x10009974                __aeabi_fdiv
 .text          0x10009be8       0x50 c:/dave-3.1.10/arm-gcc/bin/../lib/gcc/arm-none-eabi/4.7.4/armv6-m\libgcc.a(eqsf2.o)
                0x10009be8                __eqsf2
                0x10009be8                __nesf2
 .text          0x10009c38       0x90 c:/dave-3.1.10/arm-gcc/bin/../lib/gcc/arm-none-eabi/4.7.4/armv6-m\libgcc.a(gesf2.o)
                0x10009c38                __gesf2
                0x10009c38                __gtsf2
 .text          0x10009cc8       0x90 c:/dave-3.1.10/arm-gcc/bin/../lib/gcc/arm-none-eabi/4.7.4/armv6-m\libgcc.a(lesf2.o)
                0x10009cc8                __ltsf2
                0x10009cc8                __lesf2
 .text          0x10009d58      0x260 c:/dave-3.1.10/arm-gcc/bin/../lib/gcc/arm-none-eabi/4.7.4/armv6-m\libgcc.a(mulsf3.o)
                0x10009d58                __aeabi_fmul
 .text          0x10009fb8      0x3b4 c:/dave-3.1.10/arm-gcc/bin/../lib/gcc/arm-none-eabi/4.7.4/armv6-m\libgcc.a(subsf3.o)
                0x10009fb8                __aeabi_fsub
 .text          0x1000a36c       0x40 c:/dave-3.1.10/arm-gcc/bin/../lib/gcc/arm-none-eabi/4.7.4/armv6-m\libgcc.a(fixsfsi.o)
                0x1000a36c                __aeabi_f2iz
 .text          0x1000a3ac       0xa8 c:/dave-3.1.10/arm-gcc/bin/../lib/gcc/arm-none-eabi/4.7.4/armv6-m\libgcc.a(floatunsisf.o)
                0x1000a3ac                __aeabi_ui2f
 .text          0x1000a454       0x3c c:/dave-3.1.10/arm-gcc/bin/../lib/gcc/arm-none-eabi/4.7.4/armv6-m\libgcc.a(_clzsi2.o)
                0x1000a454                __clzsi2
 .text          0x1000a490        0x0 c:/dave-3.1.10/arm-gcc/bin/../lib/gcc/arm-none-eabi/4.7.4/../../../../arm-none-eabi/lib/armv6-m\libg.a(lib_a-memcmp.o)
 .text.memcmp   0x1000a490       0xb4 c:/dave-3.1.10/arm-gcc/bin/../lib/gcc/arm-none-eabi/4.7.4/../../../../arm-none-eabi/lib/armv6-m\libg.a(lib_a-memcmp.o)
                0x1000a490                memcmp
 .text          0x1000a544        0x0 c:/dave-3.1.10/arm-gcc/bin/../lib/gcc/arm-none-eabi/4.7.4/../../../../arm-none-eabi/lib/armv6-m\libg.a(lib_a-memcpy.o)
 .text.memcpy   0x1000a544      0x144 c:/dave-3.1.10/arm-gcc/bin/../lib/gcc/arm-none-eabi/4.7.4/../../../../arm-none-eabi/lib/armv6-m\libg.a(lib_a-memcpy.o)
                0x1000a544                memcpy
 .text          0x1000a688        0x0 c:/dave-3.1.10/arm-gcc/bin/../lib/gcc/arm-none-eabi/4.7.4/../../../../arm-none-eabi/lib/armv6-m\libg.a(lib_a-memset.o)
 .text.memset   0x1000a688      0x118 c:/dave-3.1.10/arm-gcc/bin/../lib/gcc/arm-none-eabi/4.7.4/../../../../arm-none-eabi/lib/armv6-m\libg.a(lib_a-memset.o)
                0x1000a688                memset
 .text          0x1000a7a0        0x0 c:/dave-3.1.10/arm-gcc/bin/../lib/gcc/arm-none-eabi/4.7.4/../../../../arm-none-eabi/lib/armv6-m\libg.a(lib_a-strcmp.o)
 .text.strcmp   0x1000a7a0       0x14 c:/dave-3.1.10/arm-gcc/bin/../lib/gcc/arm-none-eabi/4.7.4/../../../../arm-none-eabi/lib/armv6-m\libg.a(lib_a-strcmp.o)
                0x1000a7a0                strcmp
 *(.glue*)
 .glue_7        0x00000000        0x0 linker stubs
 .glue_7t       0x00000000        0x0 linker stubs
 *(.v4*)
 .v4_bx         0x00000000        0x0 linker stubs
 *(.vfp11_veneer)
 .vfp11_veneer  0x00000000        0x0 linker stubs
 *(.init)
                0x1000a7b4                __preinit_array_start = .
 *(.preinit_array)
                0x1000a7b4                __preinit_array_end = .
                0x1000a7b4                __init_array_start = .
 *(SORT(.init_array.*))
 *(.init_array)
                0x1000a7b4                __init_array_end = .
 *crtbegin.o(.ctors)
 *(EXCLUDE_FILE(*crtend.o) .ctors)
 *(SORT(.ctors.*))
 *crtend.o(.ctors)
 *(.fini)
                0x1000a7b4                __fini_array_start = .
 *(.fini_array)
 *(SORT(.fini_array.*))
                0x1000a7b4                __fini_array_end = .
 *crtbegin.o(.dtors)
 *(EXCLUDE_FILE(*crtend.o) .dtors)
 *(SORT(.dtors.*))
 *crtend.o(.dtors)
                0x1000a7b4                __extab_start = .
 *(.ARM.extab* .gnu.linkonce.armextab.*)
 .ARM.extab.Xmc1100.reset
                0x1000a7b4        0x0 Startup/startup_XMC1100.o
 .ARM.extab.Xmc1100.postreset
                0x1000a7b4        0x0 Startup/startup_XMC1100.o
                0x1000a7b4                . = ALIGN (0x4)
                0x1000a7b4                __extab_end = ABSOLUTE (.)

.iplt           0x1000a7b4        0x0
 .iplt          0x00000000        0x0 src-gen/room/basic/service/timing/ATimingService.o

.ARM.exidx      0x1000a7b4       0x10
                0x1000a7b4                __exidx_start = .
 *(.ARM.exidx* .gnu.linkonce.armexidx.*)
 .ARM.exidx.Xmc1100.reset
                0x1000a7b4        0x8 Startup/startup_XMC1100.o
 .ARM.exidx.Xmc1100.postreset
                0x1000a7bc        0x8 Startup/startup_XMC1100.o
                0x1000a7c4                . = ALIGN (0x4)
                0x1000a7c4                __exidx_end = ABSOLUTE (.)

.rodata         0x1000a7c4      0x624
 *(.rodata .rodata.*)