Archive member included because of file (symbol)

C:\data\workspaces\github\de.protos.demos\src\HexagonCANDemo\etrice.runtime.c\Debug\libHexagonCANDemo.etrice.runtime.c.a(etLogger.o)
                              src-gen/HexagonCANDemo/nodeRef1_main_Runner.o (etLogger_logInfo)
C:\data\workspaces\github\de.protos.demos\src\HexagonCANDemo\etrice.runtime.c\Debug\libHexagonCANDemo.etrice.runtime.c.a(etPlatformLifecycle.o)
                              src-gen/HexagonCANDemo/nodeRef1_main_Runner.o (etUserEntry)
C:\data\workspaces\github\de.protos.demos\src\HexagonCANDemo\etrice.runtime.c\Debug\libHexagonCANDemo.etrice.runtime.c.a(etSema.o)
                              src-gen/HexagonCANDemo/nodeRef1_main.o (etSema_waitForWakeup)
C:\data\workspaces\github\de.protos.demos\src\HexagonCANDemo\etrice.runtime.c\Debug\libHexagonCANDemo.etrice.runtime.c.a(etThread.o)
                              C:\data\workspaces\github\de.protos.demos\src\HexagonCANDemo\etrice.runtime.c\Debug\libHexagonCANDemo.etrice.runtime.c.a(etPlatformLifecycle.o) (noThread)
C:\data\workspaces\github\de.protos.demos\src\HexagonCANDemo\etrice.runtime.c\Debug\libHexagonCANDemo.etrice.runtime.c.a(etTime.o)
                              src-gen/room/basic/service/timing/ATimingService.o (getTimeFromTarget)
C:\data\workspaces\github\de.protos.demos\src\HexagonCANDemo\etrice.runtime.c\Debug\libHexagonCANDemo.etrice.runtime.c.a(etTimer.o)
                              C:\data\workspaces\github\de.protos.demos\src\HexagonCANDemo\etrice.runtime.c\Debug\libHexagonCANDemo.etrice.runtime.c.a(etSema.o) (singleThreadedTimer)
C:\data\workspaces\github\de.protos.demos\src\HexagonCANDemo\etrice.runtime.c\Debug\libHexagonCANDemo.etrice.runtime.c.a(etRuntime.o)
                              src-gen/HexagonCANDemo/nodeRef1_main.o (etRuntime_getTerminateSemaphore)
C:\data\workspaces\github\de.protos.demos\src\HexagonCANDemo\etrice.runtime.c\Debug\libHexagonCANDemo.etrice.runtime.c.a(etActor.o)
                              src-gen/room/basic/service/timing/ATimingService.o (handleSystemEvent)
C:\data\workspaces\github\de.protos.demos\src\HexagonCANDemo\etrice.runtime.c\Debug\libHexagonCANDemo.etrice.runtime.c.a(etPort.o)
                              src-gen/room/basic/service/timing/PTimer.o (etPort_sendMessage)
C:\data\workspaces\github\de.protos.demos\src\HexagonCANDemo\etrice.runtime.c\Debug\libHexagonCANDemo.etrice.runtime.c.a(etMessageService.o)
                              src-gen/HexagonCANDemo/nodeRef1_main.o (etMessageService_init)
C:\data\workspaces\github\de.protos.demos\src\HexagonCANDemo\etrice.runtime.c\Debug\libHexagonCANDemo.etrice.runtime.c.a(etSystemProtocol.o)
                              C:\data\workspaces\github\de.protos.demos\src\HexagonCANDemo\etrice.runtime.c\Debug\libHexagonCANDemo.etrice.runtime.c.a(etMessageService.o) (etSystemProtocolConjPort_poll)
C:\data\workspaces\github\de.protos.demos\src\HexagonCANDemo\etrice.runtime.c\Debug\libHexagonCANDemo.etrice.runtime.c.a(etMutex.o)
                              C:\data\workspaces\github\de.protos.demos\src\HexagonCANDemo\etrice.runtime.c\Debug\libHexagonCANDemo.etrice.runtime.c.a(etMessageService.o) (etMutex_construct)
C:\data\workspaces\github\de.protos.demos\src\HexagonCANDemo\etrice.runtime.c\Debug\libHexagonCANDemo.etrice.runtime.c.a(etMessageQueue.o)
                              C:\data\workspaces\github\de.protos.demos\src\HexagonCANDemo\etrice.runtime.c\Debug\libHexagonCANDemo.etrice.runtime.c.a(etMessageService.o) (etMessageQueue_init)
c:/dave-3.1.10/arm-gcc/bin/../lib/gcc/arm-none-eabi/4.7.4/../../../../arm-none-eabi/lib/armv7e-m\libg.a(lib_a-fflush.o)
                              src-gen/HexagonCANDemo/nodeRef1_main.o (fflush)
c:/dave-3.1.10/arm-gcc/bin/../lib/gcc/arm-none-eabi/4.7.4/../../../../arm-none-eabi/lib/armv7e-m\libg.a(lib_a-fgets.o)
                              src-gen/HexagonCANDemo/nodeRef1_main.o (fgets)
c:/dave-3.1.10/arm-gcc/bin/../lib/gcc/arm-none-eabi/4.7.4/../../../../arm-none-eabi/lib/armv7e-m\libg.a(lib_a-findfp.o)
                              c:/dave-3.1.10/arm-gcc/bin/../lib/gcc/arm-none-eabi/4.7.4/../../../../arm-none-eabi/lib/armv7e-m\libg.a(lib_a-fflush.o) (__sinit)
c:/dave-3.1.10/arm-gcc/bin/../lib/gcc/arm-none-eabi/4.7.4/../../../../arm-none-eabi/lib/armv7e-m\libg.a(lib_a-freer.o)
                              c:/dave-3.1.10/arm-gcc/bin/../lib/gcc/arm-none-eabi/4.7.4/../../../../arm-none-eabi/lib/armv7e-m\libg.a(lib_a-fflush.o) (_free_r)
c:/dave-3.1.10/arm-gcc/bin/../lib/gcc/arm-none-eabi/4.7.4/../../../../arm-none-eabi/lib/armv7e-m\libg.a(lib_a-fwalk.o)
                              c:/dave-3.1.10/arm-gcc/bin/../lib/gcc/arm-none-eabi/4.7.4/../../../../arm-none-eabi/lib/armv7e-m\libg.a(lib_a-findfp.o) (_fwalk)
c:/dave-3.1.10/arm-gcc/bin/../lib/gcc/arm-none-eabi/4.7.4/../../../../arm-none-eabi/lib/armv7e-m\libg.a(lib_a-impure.o)
[...]
Memory Configuration

Name             Origin             Length             Attributes
FLASH_1_cached   0x08000000         0x00100000         xr
FLASH_1_uncached 0x0c000000         0x00100000         xr
PSRAM_1          0x10000000         0x00010000         !xr
DSRAM_1_system   0x20000000         0x00010000         !xr
DSRAM_2_comm     0x30000000         0x00008000         !xr
*default*        0x00000000         0xffffffff

Linker script and memory map

LOAD src-gen/room/basic/service/timing/ATimingService.o
LOAD src-gen/room/basic/service/timing/PTimer.o
LOAD src-gen/room/basic/service/can/ACANService.o
LOAD src-gen/room/basic/service/can/DCANData.o
LOAD src-gen/room/basic/service/can/PCANRx.o
LOAD src-gen/room/basic/service/can/PCANTx.o
LOAD src-gen/HexagonCANDemo/AMrPing.o
LOAD src-gen/HexagonCANDemo/AMrPong.o
LOAD src-gen/HexagonCANDemo/Application.o
LOAD src-gen/HexagonCANDemo/PPingPong.o
LOAD src-gen/HexagonCANDemo/nodeRef1_main.o
LOAD src-gen/HexagonCANDemo/nodeRef1_main_Runner.o
LOAD StartDaveTimer.o
LOAD pclCANService.o
LOAD Startup/startup_XMC4500.o
LOAD Startup/system_XMC4500.o
LOAD Lib/System_LibcStubs.o
LOAD Dave/Generated/src/SYSTM001/SYSTM001.o
LOAD Dave/Generated/src/RESET001/RESET001.o
LOAD Dave/Generated/src/LIBS/CCU8PWMLIB.o
LOAD Dave/Generated/src/LIBS/MOTORLIB.o
LOAD Dave/Generated/src/DAVESupport/DAVE3.o
LOAD Dave/Generated/src/DAVESupport/MULTIPLEXER.o
LOAD Dave/Generated/src/CLK001/CLK001.o
LOAD Dave/Generated/src/CANGLOBAL/CANGLOBAL.o
LOAD Dave/Generated/src/CAN001/CAN001.o
LOAD Dave/Generated/src/CAN001/CAN001_Conf.o
LOAD C:\data\workspaces\github\de.protos.demos\src\HexagonCANDemo\etrice.runtime.c\Debug\libHexagonCANDemo.etrice.runtime.c.a
START GROUP
LOAD c:/dave-3.1.10/arm-gcc/bin/../lib/gcc/arm-none-eabi/4.7.4/armv7e-m\libgcc.a
LOAD c:/dave-3.1.10/arm-gcc/bin/../lib/gcc/arm-none-eabi/4.7.4/../../../../arm-none-eabi/lib/armv7e-m\libg.a
LOAD c:/dave-3.1.10/arm-gcc/bin/../lib/gcc/arm-none-eabi/4.7.4/../../../../arm-none-eabi/lib/armv7e-m\libc.a
END GROUP
                0x00000800                stack_size = 0x800

.text           0x08000000     0x82f8 load address 0x0c000000
                0x08000000                sText = .
 *(.Xmc4500.reset)
 .Xmc4500.reset
                0x08000000      0x21c Startup/startup_XMC4500.o
                0x08000000                __Xmc4500_interrupt_vector_cortex_m
                0x08000200                __Xmc4500_reset_cortex_m
 *(.Xmc4500.postreset)
 .Xmc4500.postreset
                0x0800021c       0xa8 Startup/startup_XMC4500.o
 *(.XmcStartup)
 .XmcStartup    0x080002c4        0x4 Startup/startup_XMC4500.o
 *(.text .text.* .gnu.linkonce.t.*)
 .text          0x080002c8        0x0 src-gen/room/basic/service/timing/ATimingService.o
 .text.setState
                0x080002c8       0x1c src-gen/room/basic/service/timing/ATimingService.o
 .text.getState
                0x080002e4       0x1c src-gen/room/basic/service/timing/ATimingService.o
 .text.entry_Operational
                0x08000300       0x14 src-gen/room/basic/service/timing/ATimingService.o
 .text.do_Operational
                0x08000314       0xbc src-gen/room/basic/service/timing/ATimingService.o
 .text.action_TRANS_INITIAL_TO__Operational
                0x080003d0       0x94 src-gen/room/basic/service/timing/ATimingService.o
 .text.action_TRANS_tr1_FROM_Operational_TO_Operational_BY_startTimeouttimer_tr1
                0x08000464       0x9c src-gen/room/basic/service/timing/ATimingService.o
 .text.action_TRANS_tr3_FROM_Operational_TO_Operational_BY_startTimertimer_tr3
                0x08000500       0x9c src-gen/room/basic/service/timing/ATimingService.o
 .text.action_TRANS_tr4_FROM_Operational_TO_Operational_BY_killtimer_tr4
                0x0800059c       0x20 src-gen/room/basic/service/timing/ATimingService.o
 .text.exitTo   0x080005bc       0x44 src-gen/room/basic/service/timing/ATimingService.o
 .text.executeTransitionChain
                0x08000600       0x88 src-gen/room/basic/service/timing/ATimingService.o
 .text.enterHistory
                0x08000688       0x68 src-gen/room/basic/service/timing/ATimingService.o
 .text.ATimingService_executeInitTransition
                0x080006f0       0x48 src-gen/room/basic/service/timing/ATimingService.o
 .text.ATimingService_receiveEvent
                0x08000738      0x104 src-gen/room/basic/service/timing/ATimingService.o
 .text.ATimingService_init
                0x0800083c       0x44 src-gen/room/basic/service/timing/ATimingService.o
                0x0800083c                ATimingService_init
 .text.ATimingService_receiveMessage
                0x08000880       0x28 src-gen/room/basic/service/timing/ATimingService.o
                0x08000880                ATimingService_receiveMessage
 .text.ATimingService_execute
                0x080008a8       0x24 src-gen/room/basic/service/timing/ATimingService.o
                0x080008a8                ATimingService_execute
 .text.ATimingService_getTcb
                0x080008cc       0x50 src-gen/room/basic/service/timing/ATimingService.o
                0x080008cc                ATimingService_getTcb
 .text.ATimingService_returnTcb
                0x0800091c       0x30 src-gen/room/basic/service/timing/ATimingService.o
                0x0800091c                ATimingService_returnTcb
 .text.ATimingService_removeTcbFromUsedList
                0x0800094c       0x9c src-gen/room/basic/service/timing/ATimingService.o
                0x0800094c                ATimingService_removeTcbFromUsedList
 .text.ATimingService_putTcbToUsedList
                0x080009e8       0xa8 src-gen/room/basic/service/timing/ATimingService.o
                0x080009e8                ATimingService_putTcbToUsedList
 .text.ATimingService_isTimeGreater
                0x08000a90       0x54 src-gen/room/basic/service/timing/ATimingService.o
                0x08000a90                ATimingService_isTimeGreater
 .text.ATimingService_addTime
                0x08000ae4       0x64 src-gen/room/basic/service/timing/ATimingService.o
                0x08000ae4                ATimingService_addTime
 .text          0x08000b48        0x0 src-gen/room/basic/service/timing/PTimer.o
 .text.PTimerPort_timeout
                0x08000b48       0x24 src-gen/room/basic/service/timing/PTimer.o
                0x08000b48                PTimerPort_timeout
 .text.PTimerReplPort_timeout_broadcast
                0x08000b6c       0x4c src-gen/room/basic/service/timing/PTimer.o
                0x08000b6c                PTimerReplPort_timeout_broadcast
 .text.PTimerReplPort_timeout
                0x08000bb8       0x44 src-gen/room/basic/service/timing/PTimer.o
                0x08000bb8                PTimerReplPort_timeout
 .text.PTimerReplPort_getReplication
                0x08000bfc       0x1c src-gen/room/basic/service/timing/PTimer.o
                0x08000bfc                PTimerReplPort_getReplication
 .text.PTimerConjPort_startTimer
                0x08000c18       0x38 src-gen/room/basic/service/timing/PTimer.o
                0x08000c18                PTimerConjPort_startTimer
 .text.PTimerConjReplPort_startTimer_broadcast
                0x08000c50       0x44 src-gen/room/basic/service/timing/PTimer.o
                0x08000c50                PTimerConjReplPort_startTimer_broadcast
 .text.PTimerConjReplPort_startTimer
                0x08000c94       0x28 src-gen/room/basic/service/timing/PTimer.o
                0x08000c94                PTimerConjReplPort_startTimer
 .text.PTimerConjPort_startTimeout
                0x08000cbc       0x38 src-gen/room/basic/service/timing/PTimer.o
                0x08000cbc                PTimerConjPort_startTimeout
 .text.PTimerConjReplPort_startTimeout_broadcast
                0x08000cf4       0x44 src-gen/room/basic/service/timing/PTimer.o
                0x08000cf4                PTimerConjReplPort_startTimeout_broadcast
 .text.PTimerConjReplPort_startTimeout
                0x08000d38       0x28 src-gen/room/basic/service/timing/PTimer.o
                0x08000d38                PTimerConjReplPort_startTimeout
 .text.PTimerConjPort_kill
                0x08000d60       0x38 src-gen/room/basic/service/timing/PTimer.o
                0x08000d60                PTimerConjPort_kill
 .text.PTimerConjReplPort_kill_broadcast
                0x08000d98       0x40 src-gen/room/basic/service/timing/PTimer.o
                0x08000d98                PTimerConjReplPort_kill_broadcast
 .text.PTimerConjReplPort_kill
                0x08000dd8       0x24 src-gen/room/basic/service/timing/PTimer.o
                0x08000dd8                PTimerConjReplPort_kill
 .text.PTimerConjReplPort_getReplication
                0x08000dfc       0x1c src-gen/room/basic/service/timing/PTimer.o
                0x08000dfc                PTimerConjReplPort_getReplication
 .text.PTimerConjPort_timeout_receiveHandler
                0x08000e18       0x40 src-gen/room/basic/service/timing/PTimer.o
                0x08000e18                PTimerConjPort_timeout_receiveHandler
 .text          0x08000e58        0x0 src-gen/room/basic/service/can/ACANService.o
 .text.setState
                0x08000e58       0x20 src-gen/room/basic/service/can/ACANService.o
 .text.getState
                0x08000e78       0x1c src-gen/room/basic/service/can/ACANService.o
 .text.action_TRANS_INITIAL_TO__Operational
                0x08000e94       0x28 src-gen/room/basic/service/can/ACANService.o
 .text.action_TRANS_tr0_FROM_Operational_TO_Operational_BY_sendMsgcanTx_tr0
                0x08000ebc       0x34 src-gen/room/basic/service/can/ACANService.o
 .text.action_TRANS_tr1_FROM_Operational_TO_Operational_BY_initcanTx_tr1
                0x08000ef0       0x34 src-gen/room/basic/service/can/ACANService.o
 .text.action_TRANS_tr2_FROM_Operational_TO_Operational_BY_initcanRx_tr2
                0x08000f24       0x30 src-gen/room/basic/service/can/ACANService.o
 .text.action_TRANS_tr3_FROM_Operational_TO_Operational_BY_timeouttimer_tr3
                0x08000f54       0x18 src-gen/room/basic/service/can/ACANService.o
 .text.action_TRANS_tr4_FROM_Operational_TO_Operational_BY_listenOnMsgcanRx_tr4
                0x08000f6c       0x30 src-gen/room/basic/service/can/ACANService.o
 .text.exitTo   0x08000f9c       0x44 src-gen/room/basic/service/can/ACANService.o
 .text.executeTransitionChain
                0x08000fe0       0xb8 src-gen/room/basic/service/can/ACANService.o
 .text.enterHistory
                0x08001098       0x60 src-gen/room/basic/service/can/ACANService.o
 .text.ACANService_executeInitTransition
                0x080010f8       0x48 src-gen/room/basic/service/can/ACANService.o
 .text.ACANService_receiveEvent
                0x08001140      0x10c src-gen/room/basic/service/can/ACANService.o
 .text.ACANService_init
                0x0800124c       0x4c src-gen/room/basic/service/can/ACANService.o
                0x0800124c                ACANService_init
 .text.ACANService_receiveMessage
                0x08001298       0x28 src-gen/room/basic/service/can/ACANService.o
                0x08001298                ACANService_receiveMessage
 .text.ACANService_pollAllRxMsgs
                0x080012c0       0x74 src-gen/room/basic/service/can/ACANService.o
                0x080012c0                ACANService_pollAllRxMsgs
 .text          0x08001334        0x0 src-gen/room/basic/service/can/DCANData.o
 .text.DCANData_deepCopy
                0x08001334       0x20 src-gen/room/basic/service/can/DCANData.o
                0x08001334                DCANData_deepCopy
 .text          0x08001354        0x0 src-gen/room/basic/service/can/PCANRx.o
 .text.PCANRxPort_msgReceived
                0x08001354       0x24 src-gen/room/basic/service/can/PCANRx.o
                0x08001354                PCANRxPort_msgReceived
 .text.PCANRxReplPort_msgReceived_broadcast
                0x08001378       0x4c src-gen/room/basic/service/can/PCANRx.o
                0x08001378                PCANRxReplPort_msgReceived_broadcast
 .text.PCANRxReplPort_msgReceived
                0x080013c4       0x44 src-gen/room/basic/service/can/PCANRx.o
                0x080013c4                PCANRxReplPort_msgReceived
 .text.PCANRxReplPort_getReplication
                0x08001408       0x1c src-gen/room/basic/service/can/PCANRx.o
                0x08001408                PCANRxReplPort_getReplication
 .text.PCANRxConjPort_init
                0x08001424       0x34 src-gen/room/basic/service/can/PCANRx.o
                0x08001424                PCANRxConjPort_init
 .text.PCANRxConjReplPort_init_broadcast
                0x08001458       0x44 src-gen/room/basic/service/can/PCANRx.o
                0x08001458                PCANRxConjReplPort_init_broadcast
 .text.PCANRxConjReplPort_init
                0x0800149c       0x28 src-gen/room/basic/service/can/PCANRx.o
                0x0800149c                PCANRxConjReplPort_init
 .text.PCANRxConjPort_readMsg
                0x080014c4       0x24 src-gen/room/basic/service/can/PCANRx.o
                0x080014c4                PCANRxConjPort_readMsg
 .text.PCANRxConjReplPort_readMsg_broadcast
                0x080014e8       0x4c src-gen/room/basic/service/can/PCANRx.o
                0x080014e8                PCANRxConjReplPort_readMsg_broadcast
 .text.PCANRxConjReplPort_readMsg
                0x08001534       0x44 src-gen/room/basic/service/can/PCANRx.o
                0x08001534                PCANRxConjReplPort_readMsg
 .text.PCANRxConjPort_listenOnMsg
                0x08001578       0x24 src-gen/room/basic/service/can/PCANRx.o
                0x08001578                PCANRxConjPort_listenOnMsg
 .text.PCANRxConjReplPort_listenOnMsg_broadcast
                0x0800159c       0x4c src-gen/room/basic/service/can/PCANRx.o
                0x0800159c                PCANRxConjReplPort_listenOnMsg_broadcast
 .text.PCANRxConjReplPort_listenOnMsg
                0x080015e8       0x44 src-gen/room/basic/service/can/PCANRx.o
                0x080015e8                PCANRxConjReplPort_listenOnMsg
 .text.PCANRxConjPort_transmitRequest
                0x0800162c       0x24 src-gen/room/basic/service/can/PCANRx.o
                0x0800162c                PCANRxConjPort_transmitRequest
 .text.PCANRxConjReplPort_transmitRequest_broadcast
                0x08001650       0x4c src-gen/room/basic/service/can/PCANRx.o
                0x08001650                PCANRxConjReplPort_transmitRequest_broadcast
 .text.PCANRxConjReplPort_transmitRequest
                0x0800169c       0x44 src-gen/room/basic/service/can/PCANRx.o
                0x0800169c                PCANRxConjReplPort_transmitRequest
 .text.PCANRxConjReplPort_getReplication
                0x080016e0       0x1c src-gen/room/basic/service/can/PCANRx.o
                0x080016e0                PCANRxConjReplPort_getReplication
 .text          0x080016fc        0x0 src-gen/room/basic/service/can/PCANTx.o
 .text.PCANTxPort_valueChanged
                0x080016fc       0x28 src-gen/room/basic/service/can/PCANTx.o
                0x080016fc                PCANTxPort_valueChanged
 .text.PCANTxReplPort_valueChanged_broadcast
                0x08001724       0x50 src-gen/room/basic/service/can/PCANTx.o
                0x08001724                PCANTxReplPort_valueChanged_broadcast
 .text.PCANTxReplPort_valueChanged
                0x08001774       0x48 src-gen/room/basic/service/can/PCANTx.o
                0x08001774                PCANTxReplPort_valueChanged
 .text.PCANTxReplPort_getReplication
                0x080017bc       0x1c src-gen/room/basic/service/can/PCANTx.o
                0x080017bc                PCANTxReplPort_getReplication
 .text.PCANTxConjPort_init
                0x080017d8       0x34 src-gen/room/basic/service/can/PCANTx.o
                0x080017d8                PCANTxConjPort_init
 .text.PCANTxConjReplPort_init_broadcast
                0x0800180c       0x44 src-gen/room/basic/service/can/PCANTx.o
                0x0800180c                PCANTxConjReplPort_init_broadcast
 .text.PCANTxConjReplPort_init
                0x08001850       0x28 src-gen/room/basic/service/can/PCANTx.o
                0x08001850                PCANTxConjReplPort_init
 .text.PCANTxConjPort_sendMsg
                0x08001878       0x24 src-gen/room/basic/service/can/PCANTx.o
                0x08001878                PCANTxConjPort_sendMsg
 .text.PCANTxConjReplPort_sendMsg_broadcast
                0x0800189c       0x4c src-gen/room/basic/service/can/PCANTx.o
                0x0800189c                PCANTxConjReplPort_sendMsg_broadcast
 .text.PCANTxConjReplPort_sendMsg
                0x080018e8       0x44 src-gen/room/basic/service/can/PCANTx.o
                0x080018e8                PCANTxConjReplPort_sendMsg
 .text.PCANTxConjPort_resendMsg
                0x0800192c       0x24 src-gen/room/basic/service/can/PCANTx.o
                0x0800192c                PCANTxConjPort_resendMsg
 .text.PCANTxConjReplPort_resendMsg_broadcast
                0x08001950       0x4c src-gen/room/basic/service/can/PCANTx.o
                0x08001950                PCANTxConjReplPort_resendMsg_broadcast
 .text.PCANTxConjReplPort_resendMsg
                0x0800199c       0x44 src-gen/room/basic/service/can/PCANTx.o
                0x0800199c                PCANTxConjReplPort_resendMsg
 .text.PCANTxConjReplPort_getReplication
                0x080019e0       0x1c src-gen/room/basic/service/can/PCANTx.o
                0x080019e0                PCANTxConjReplPort_getReplication
 .text          0x080019fc        0x0 src-gen/HexagonCANDemo/AMrPing.o
 .text.setState
                0x080019fc       0x1c src-gen/HexagonCANDemo/AMrPing.o
 .text.getState
                0x08001a18       0x1c src-gen/HexagonCANDemo/AMrPing.o
 .text.action_TRANS_INITIAL_TO__state0
                0x08001a34       0x60 src-gen/HexagonCANDemo/AMrPing.o
 .text.action_TRANS_tr0_FROM_state0_TO_state0_BY_timeouttimer_tr0
                0x08001a94       0x1c src-gen/HexagonCANDemo/AMrPing.o
 .text.action_TRANS_tr1_FROM_state0_TO_state0_BY_pingp0_tr1
                0x08001ab0       0xa8 src-gen/HexagonCANDemo/AMrPing.o
 .text.action_TRANS_tr2_FROM_state0_TO_state0_BY_msgReceivedcanRx_tr2
                0x08001b58       0x24 src-gen/HexagonCANDemo/AMrPing.o
 .text.exitTo   0x08001b7c       0x44 src-gen/HexagonCANDemo/AMrPing.o
 .text.executeTransitionChain
                0x08001bc0       0x80 src-gen/HexagonCANDemo/AMrPing.o
 .text.enterHistory
                0x08001c40       0x5c src-gen/HexagonCANDemo/AMrPing.o
 .text.AMrPing_executeInitTransition
                0x08001c9c       0x48 src-gen/HexagonCANDemo/AMrPing.o
 .text.AMrPing_receiveEvent
                0x08001ce4       0xdc src-gen/HexagonCANDemo/AMrPing.o
 .text.AMrPing_init
                0x08001dc0       0x44 src-gen/HexagonCANDemo/AMrPing.o
                0x08001dc0                AMrPing_init
 .text.AMrPing_receiveMessage
                0x08001e04       0x28 src-gen/HexagonCANDemo/AMrPing.o
                0x08001e04                AMrPing_receiveMessage
 .text          0x08001e2c        0x0 src-gen/HexagonCANDemo/AMrPong.o
 .text.setState
                0x08001e2c       0x1c src-gen/HexagonCANDemo/AMrPong.o
 .text.getState
                0x08001e48       0x1c src-gen/HexagonCANDemo/AMrPong.o
 .text.action_TRANS_tr0_FROM_state0_TO_state0_BY_pongp0_tr0
                0x08001e64       0x1c src-gen/HexagonCANDemo/AMrPong.o
 .text.exitTo   0x08001e80       0x44 src-gen/HexagonCANDemo/AMrPong.o
 .text.executeTransitionChain
                0x08001ec4       0x40 src-gen/HexagonCANDemo/AMrPong.o
 .text.enterHistory
                0x08001f04       0x5c src-gen/HexagonCANDemo/AMrPong.o
 .text.AMrPong_executeInitTransition
                0x08001f60       0x48 src-gen/HexagonCANDemo/AMrPong.o
 .text.AMrPong_receiveEvent
                0x08001fa8       0xb8 src-gen/HexagonCANDemo/AMrPong.o
 .text.AMrPong_init
                0x08002060       0x44 src-gen/HexagonCANDemo/AMrPong.o
                0x08002060                AMrPong_init
 .text.AMrPong_receiveMessage
                0x080020a4       0x28 src-gen/HexagonCANDemo/AMrPong.o
                0x080020a4                AMrPong_receiveMessage
 .text          0x080020cc        0x0 src-gen/HexagonCANDemo/Application.o
 .text.Application_init
                0x080020cc       0x14 src-gen/HexagonCANDemo/Application.o
                0x080020cc                Application_init
 .text.Application_receiveMessage
                0x080020e0       0x18 src-gen/HexagonCANDemo/Application.o
                0x080020e0                Application_receiveMessage
 .text          0x080020f8        0x0 src-gen/HexagonCANDemo/PPingPong.o
 .text.PPingPongPort_pong
                0x080020f8       0x24 src-gen/HexagonCANDemo/PPingPong.o
                0x080020f8                PPingPongPort_pong
 .text.PPingPongReplPort_pong_broadcast
                0x0800211c       0x4c src-gen/HexagonCANDemo/PPingPong.o
                0x0800211c                PPingPongReplPort_pong_broadcast
 .text.PPingPongReplPort_pong
                0x08002168       0x44 src-gen/HexagonCANDemo/PPingPong.o
                0x08002168                PPingPongReplPort_pong
 .text.PPingPongReplPort_getReplication
                0x080021ac       0x1c src-gen/HexagonCANDemo/PPingPong.o
                0x080021ac                PPingPongReplPort_getReplication
 .text.PPingPongConjPort_ping
                0x080021c8       0x24 src-gen/HexagonCANDemo/PPingPong.o
                0x080021c8                PPingPongConjPort_ping
 .text.PPingPongConjReplPort_ping_broadcast
                0x080021ec       0x4c src-gen/HexagonCANDemo/PPingPong.o
                0x080021ec                PPingPongConjReplPort_ping_broadcast
 .text.PPingPongConjReplPort_ping
                0x08002238       0x44 src-gen/HexagonCANDemo/PPingPong.o
                0x08002238                PPingPongConjReplPort_ping
 .text.PPingPongConjReplPort_getReplication
                0x0800227c       0x1c src-gen/HexagonCANDemo/PPingPong.o
                0x0800227c                PPingPongConjReplPort_getReplication
 .text          0x08002298        0x0 src-gen/HexagonCANDemo/nodeRef1_main.o
 .text.MsgDispatcher_PhysicalThread1_poll
                0x08002298       0x14 src-gen/HexagonCANDemo/nodeRef1_main.o
 .text.MsgDispatcher_PhysicalThread1_receiveMessage
                0x080022ac      0x274 src-gen/HexagonCANDemo/nodeRef1_main.o
 .text.nodeRef1_main_initMessageServices
                0x08002520       0x64 src-gen/HexagonCANDemo/nodeRef1_main.o
 .text.nodeRef1_main_startMessageServices
                0x08002584       0x14 src-gen/HexagonCANDemo/nodeRef1_main.o
 .text.nodeRef1_main_stopMessageServices
                0x08002598       0x14 src-gen/HexagonCANDemo/nodeRef1_main.o
 .text.nodeRef1_main_destroyMessageServices
                0x080025ac       0x14 src-gen/HexagonCANDemo/nodeRef1_main.o
 .text.nodeRef1_main_init
                0x080025c0       0x2c src-gen/HexagonCANDemo/nodeRef1_main.o
                0x080025c0                nodeRef1_main_init
 .text.nodeRef1_main_start
                0x080025ec       0x24 src-gen/HexagonCANDemo/nodeRef1_main.o
                0x080025ec                nodeRef1_main_start
 .text.nodeRef1_main_run
                0x08002610       0x88 src-gen/HexagonCANDemo/nodeRef1_main.o
                0x08002610                nodeRef1_main_run
 .text.nodeRef1_main_stop
                0x08002698       0x24 src-gen/HexagonCANDemo/nodeRef1_main.o
                0x08002698                nodeRef1_main_stop
 .text.nodeRef1_main_destroy
                0x080026bc       0x24 src-gen/HexagonCANDemo/nodeRef1_main.o
                0x080026bc                nodeRef1_main_destroy
 .text.nodeRef1_main_shutdown
                0x080026e0       0x2c src-gen/HexagonCANDemo/nodeRef1_main.o
                0x080026e0                nodeRef1_main_shutdown
 .text.nodeRef1_main_constructActorInstances
                0x0800270c        0xc src-gen/HexagonCANDemo/nodeRef1_main.o
 .text.nodeRef1_main_initActorInstances
                0x08002718       0x44 src-gen/HexagonCANDemo/nodeRef1_main.o
 .text          0x0800275c        0x0 src-gen/HexagonCANDemo/nodeRef1_main_Runner.o
 .text.main     0x0800275c       0xb0 src-gen/HexagonCANDemo/nodeRef1_main_Runner.o
                0x0800275c                main
 .text          0x0800280c        0x0 StartDaveTimer.o
 .text.timerCallback
                0x0800280c       0x14 StartDaveTimer.o
                0x0800280c                timerCallback
 .text.StartDaveTimer
                0x08002820       0x30 StartDaveTimer.o
                0x08002820                StartDaveTimer
 .text          0x08002850        0x0 pclCANService.o
 .text.pclCANInitNodes
                0x08002850        0xc pclCANService.o
                0x08002850                pclCANInitNodes
 .text.pclCANInitMO
                0x0800285c       0x14 pclCANService.o
                0x0800285c                pclCANInitMO
 .text.pclCANSendMsg
                0x08002870       0xe0 pclCANService.o
                0x08002870                pclCANSendMsg
 .text.pclCANListenOnMsg
                0x08002950       0x64 pclCANService.o
                0x08002950                pclCANListenOnMsg
 .text.pclCANCheckReception
                0x080029b4       0xd0 pclCANService.o
                0x080029b4                pclCANCheckReception
 .text.pclCANUpdateMO
                0x08002a84       0x14 pclCANService.o
                0x08002a84                pclCANUpdateMO
 .text.pclCANUpdateMOData
                0x08002a98       0x14 pclCANService.o
                0x08002a98                pclCANUpdateMOData
 .text.pclCANReadMsg
                0x08002aac       0x14 pclCANService.o
                0x08002aac                pclCANReadMsg
 .text          0x08002ac0       0xe2 Startup/startup_XMC4500.o
                0x08002ac0                NMI_Handler
                0x08002ac2                HardFault_Handler
                0x08002ac4                MemManage_Handler
                0x08002ac6                BusFault_Handler
                0x08002ac8                UsageFault_Handler
                0x08002aca                SVC_Handler
                0x08002acc                DebugMon_Handler
                0x08002ace                PendSV_Handler
                0x08002ad2                SCU_0_IRQHandler
                0x08002ad4                ERU0_0_IRQHandler
                0x08002ad6                ERU0_1_IRQHandler
                0x08002ad8                ERU0_2_IRQHandler
                0x08002ada                ERU0_3_IRQHandler
                0x08002adc                ERU1_0_IRQHandler
                0x08002ade                ERU1_1_IRQHandler
                0x08002ae0                ERU1_2_IRQHandler
                0x08002ae2                ERU1_3_IRQHandler
                0x08002ae4                PMU0_0_IRQHandler
                0x08002ae6                VADC0_C0_0_IRQHandler
                0x08002ae8                VADC0_C0_1_IRQHandler
                0x08002aea                VADC0_C0_2_IRQHandler
                0x08002aec                VADC0_C0_3_IRQHandler
                0x08002aee                VADC0_G0_0_IRQHandler
                0x08002af0                VADC0_G0_1_IRQHandler
                0x08002af2                VADC0_G0_2_IRQHandler
                0x08002af4                VADC0_G0_3_IRQHandler
                0x08002af6                VADC0_G1_0_IRQHandler
                0x08002af8                VADC0_G1_1_IRQHandler
                0x08002afa                VADC0_G1_2_IRQHandler
                0x08002afc                VADC0_G1_3_IRQHandler
                0x08002afe                VADC0_G2_0_IRQHandler
                0x08002b00                VADC0_G2_1_IRQHandler
                0x08002b02                VADC0_G2_2_IRQHandler
                0x08002b04                VADC0_G2_3_IRQHandler
                0x08002b06                VADC0_G3_0_IRQHandler
                0x08002b08                VADC0_G3_1_IRQHandler
                0x08002b0a                VADC0_G3_2_IRQHandler
                0x08002b0c                VADC0_G3_3_IRQHandler
                0x08002b0e                DSD0_0_IRQHandler
                0x08002b10                DSD0_1_IRQHandler
                0x08002b12                DSD0_2_IRQHandler
                0x08002b14                DSD0_3_IRQHandler
                0x08002b16                DSD0_4_IRQHandler
                0x08002b18                DSD0_5_IRQHandler
                0x08002b1a                DSD0_6_IRQHandler
                0x08002b1c                DSD0_7_IRQHandler
                0x08002b1e                DAC0_0_IRQHandler
                0x08002b20                DAC0_1_IRQHandler
                0x08002b22                CCU40_0_IRQHandler
                0x08002b24                CCU40_1_IRQHandler
                0x08002b26                CCU40_2_IRQHandler
                0x08002b28                CCU40_3_IRQHandler
                0x08002b2a                CCU41_0_IRQHandler
                0x08002b2c                CCU41_1_IRQHandler
                0x08002b2e                CCU41_2_IRQHandler
                0x08002b30                CCU41_3_IRQHandler
                0x08002b32                CCU42_0_IRQHandler
                0x08002b34                CCU42_1_IRQHandler
                0x08002b36                CCU42_2_IRQHandler
                0x08002b38                CCU42_3_IRQHandler
                0x08002b3a                CCU43_0_IRQHandler
                0x08002b3c                CCU43_1_IRQHandler
                0x08002b3e                CCU43_2_IRQHandler
                0x08002b40                CCU43_3_IRQHandler
                0x08002b42                CCU80_0_IRQHandler
                0x08002b44                CCU80_1_IRQHandler
                0x08002b46                CCU80_2_IRQHandler
                0x08002b48                CCU80_3_IRQHandler
                0x08002b4a                CCU81_0_IRQHandler
                0x08002b4c                CCU81_1_IRQHandler
                0x08002b4e                CCU81_2_IRQHandler
                0x08002b50                CCU81_3_IRQHandler
                0x08002b52                POSIF0_0_IRQHandler
                0x08002b54                POSIF0_1_IRQHandler
                0x08002b56                POSIF1_0_IRQHandler
                0x08002b58                POSIF1_1_IRQHandler
                0x08002b5a                CAN0_0_IRQHandler
                0x08002b5c                CAN0_1_IRQHandler
                0x08002b5e                CAN0_2_IRQHandler
                0x08002b60                CAN0_3_IRQHandler
                0x08002b62                CAN0_4_IRQHandler
                0x08002b64                CAN0_5_IRQHandler
                0x08002b66                CAN0_6_IRQHandler
                0x08002b68                CAN0_7_IRQHandler
                0x08002b6a                USIC0_0_IRQHandler
                0x08002b6c                USIC0_1_IRQHandler
                0x08002b6e                USIC0_2_IRQHandler
                0x08002b70                USIC0_3_IRQHandler
                0x08002b72                USIC0_4_IRQHandler
                0x08002b74                USIC0_5_IRQHandler
                0x08002b76                USIC1_0_IRQHandler
                0x08002b78                USIC1_1_IRQHandler
                0x08002b7a                USIC1_2_IRQHandler
                0x08002b7c                USIC1_3_IRQHandler
                0x08002b7e                USIC1_4_IRQHandler
                0x08002b80                USIC1_5_IRQHandler
                0x08002b82                USIC2_0_IRQHandler
                0x08002b84                USIC2_1_IRQHandler
                0x08002b86                USIC2_2_IRQHandler
                0x08002b88                USIC2_3_IRQHandler
                0x08002b8a                USIC2_4_IRQHandler
                0x08002b8c                USIC2_5_IRQHandler
                0x08002b8e                LEDTS0_0_IRQHandler
                0x08002b90                FCE0_0_IRQHandler
                0x08002b92                GPDMA0_0_IRQHandler
                0x08002b94                SDMMC0_0_IRQHandler
                0x08002b96                USB0_0_IRQHandler
                0x08002b98                ETH0_0_IRQHandler
                0x08002b9a                GPDMA1_0_IRQHandler
 .text          0x08002ba2        0x0 Startup/system_XMC4500.o
 *fill*         0x08002ba2        0x2 00
 .text.SystemInit
                0x08002ba4       0x9c Startup/system_XMC4500.o
                0x08002ba4                SystemInit
 .text.SystemCoreClockUpdate
                0x08002c40      0x148 Startup/system_XMC4500.o
                0x08002c40                SystemCoreClockUpdate
 .text.SystemClockSetup
                0x08002d88      0x4cc Startup/system_XMC4500.o
 .text          0x08003254        0x0 Lib/System_LibcStubs.o
 .text._open    0x08003254       0x1c Lib/System_LibcStubs.o
                0x08003254                _open
 .text._lseek   0x08003270       0x1c Lib/System_LibcStubs.o
                0x08003270                _lseek
 .text._read    0x0800328c       0x1c Lib/System_LibcStubs.o
                0x0800328c                _read
 .text._write   0x080032a8       0x1c Lib/System_LibcStubs.o
                0x080032a8                _write
 .text._close   0x080032c4       0x10 Lib/System_LibcStubs.o
                0x080032c4                _close
 .text._fstat   0x080032d4       0x28 Lib/System_LibcStubs.o
                0x080032d4                _fstat
 .text._link    0x080032fc       0x28 Lib/System_LibcStubs.o
                0x080032fc                _link
 .text._unlink  0x08003324       0x18 Lib/System_LibcStubs.o
                0x08003324                _unlink
 .text._sbrk    0x0800333c       0xa0 Lib/System_LibcStubs.o
                0x0800333c                _sbrk
 .text._times   0x080033dc       0x18 Lib/System_LibcStubs.o
                0x080033dc                _times
 .text._wait    0x080033f4       0x18 Lib/System_LibcStubs.o
                0x080033f4                _wait
 .text._kill    0x0800340c       0x1c Lib/System_LibcStubs.o
                0x0800340c                _kill
 .text._fork    0x08003428       0x10 Lib/System_LibcStubs.o
                0x08003428                _fork
 .text._getpid  0x08003438       0x10 Lib/System_LibcStubs.o
                0x08003438                _getpid
 .text._exit    0x08003448        0xc Lib/System_LibcStubs.o
                0x08003448                _exit
 .text._init    0x08003454        0xc Lib/System_LibcStubs.o
                0x08003454                _init
 .text._isatty  0x08003460       0x18 Lib/System_LibcStubs.o
                0x08003460                _isatty
 .text          0x08003478        0x0 Dave/Generated/src/SYSTM001/SYSTM001.o
 .text.NVIC_GetPriorityGrouping
                0x08003478       0x20 Dave/Generated/src/SYSTM001/SYSTM001.o
 .text.NVIC_SetPriority
                0x08003498       0x5c Dave/Generated/src/SYSTM001/SYSTM001.o
 .text.NVIC_EncodePriority
                0x080034f4       0x78 Dave/Generated/src/SYSTM001/SYSTM001.o
 .text.SysTick_Config
                0x0800356c       0x64 Dave/Generated/src/SYSTM001/SYSTM001.o
 .text.SYSTM001_lInsertTimerList
                0x080035d0      0x214 Dave/Generated/src/SYSTM001/SYSTM001.o
 .text.SYSTM001_lRemoveTimerList
                0x080037e4       0xd8 Dave/Generated/src/SYSTM001/SYSTM001.o
 .text.SYSTM001_lTimerHandler
                0x080038bc       0x94 Dave/Generated/src/SYSTM001/SYSTM001.o
 .text.SysTick_Handler
                0x08003950       0x5c Dave/Generated/src/SYSTM001/SYSTM001.o
                0x08003950                SysTick_Handler
 .text.SYSTM001_Init
                0x080039ac       0x64 Dave/Generated/src/SYSTM001/SYSTM001.o
                0x080039ac                SYSTM001_Init
 .text.SYSTM001_CreateTimer
                0x08003a10      0x1a0 Dave/Generated/src/SYSTM001/SYSTM001.o
                0x08003a10                SYSTM001_CreateTimer
 .text.SYSTM001_StartTimer
                0x08003bb0       0xb4 Dave/Generated/src/SYSTM001/SYSTM001.o
                0x08003bb0                SYSTM001_StartTimer
 .text.SYSTM001_StopTimer
                0x08003c64       0x90 Dave/Generated/src/SYSTM001/SYSTM001.o
                0x08003c64                SYSTM001_StopTimer
 .text.SYSTM001_DeleteTimer
                0x08003cf4       0x9c Dave/Generated/src/SYSTM001/SYSTM001.o
                0x08003cf4                SYSTM001_DeleteTimer
 .text.SYSTM001_GetTime
                0x08003d90       0x18 Dave/Generated/src/SYSTM001/SYSTM001.o
                0x08003d90                SYSTM001_GetTime
 .text.SYSTM001_GetSysTickCount
                0x08003da8       0x28 Dave/Generated/src/SYSTM001/SYSTM001.o
                0x08003da8                SYSTM001_GetSysTickCount
 .text          0x08003dd0        0x0 Dave/Generated/src/RESET001/RESET001.o
 .text.RESET001_AssertReset
                0x08003dd0       0x54 Dave/Generated/src/RESET001/RESET001.o
                0x08003dd0                RESET001_AssertReset
 .text.RESET001_DeassertReset
                0x08003e24       0x54 Dave/Generated/src/RESET001/RESET001.o
                0x08003e24                RESET001_DeassertReset
 .text.RESET001_GetResetInfo
                0x08003e78       0x2c Dave/Generated/src/RESET001/RESET001.o
                0x08003e78                RESET001_GetResetInfo
 .text.RESET001_GetStatus
                0x08003ea4       0x7c Dave/Generated/src/RESET001/RESET001.o
                0x08003ea4                RESET001_GetStatus
 .text.RESET001_ClearResetInfo
                0x08003f20       0x28 Dave/Generated/src/RESET001/RESET001.o
                0x08003f20                RESET001_ClearResetInfo
 .text          0x08003f48        0x0 Dave/Generated/src/LIBS/CCU8PWMLIB.o
 .text          0x08003f48        0x0 Dave/Generated/src/LIBS/MOTORLIB.o
 .text          0x08003f48        0x0 Dave/Generated/src/DAVESupport/DAVE3.o
 .text.NVIC_SetPriorityGrouping
                0x08003f48       0x50 Dave/Generated/src/DAVESupport/DAVE3.o
 .text.DAVE_Init
                0x08003f98       0x24 Dave/Generated/src/DAVESupport/DAVE3.o
                0x08003f98                DAVE_Init
 .text.SystemInit_DAVE3
                0x08003fbc        0xc Dave/Generated/src/DAVESupport/DAVE3.o
                0x08003fbc                SystemInit_DAVE3
 .text          0x08003fc8        0x0 Dave/Generated/src/DAVESupport/MULTIPLEXER.o
 .text.DAVE_MUX_Init
                0x08003fc8       0x58 Dave/Generated/src/DAVESupport/MULTIPLEXER.o
                0x08003fc8                DAVE_MUX_Init
 .text.DAVE_MUX_PreInit
                0x08004020        0xc Dave/Generated/src/DAVESupport/MULTIPLEXER.o
                0x08004020                DAVE_MUX_PreInit
 .text          0x0800402c        0x0 Dave/Generated/src/CLK001/CLK001.o
 .text.CLK001_Delay
                0x0800402c       0x34 Dave/Generated/src/CLK001/CLK001.o
 .text.CLK001_SysClk_Valid
                0x08004060       0x38 Dave/Generated/src/CLK001/CLK001.o
 .text.CLK001_BackupClkTrim
                0x08004098       0x94 Dave/Generated/src/CLK001/CLK001.o
 .text.CLK001_SetMainPLLClkSrc
                0x0800412c       0xf0 Dave/Generated/src/CLK001/CLK001.o
 .text.CLK001_ConfigMainPLL
                0x0800421c      0x15c Dave/Generated/src/CLK001/CLK001.o
 .text.CLK001_FreqStepupMainPLL
                0x08004378      0x164 Dave/Generated/src/CLK001/CLK001.o
 .text.CLK001_SysClk_Init
                0x080044dc       0x50 Dave/Generated/src/CLK001/CLK001.o
 .text.CLK001_Init
                0x0800452c       0x30 Dave/Generated/src/CLK001/CLK001.o
                0x0800452c                CLK001_Init
 .text.AllowPLLInitByStartup
                0x0800455c       0x10 Dave/Generated/src/CLK001/CLK001.o
                0x0800455c                AllowPLLInitByStartup
 .text          0x0800456c        0x0 Dave/Generated/src/CANGLOBAL/CANGLOBAL.o
 .text.CANGLOBAL_Init
                0x0800456c       0x9c Dave/Generated/src/CANGLOBAL/CANGLOBAL.o
                0x0800456c                CANGLOBAL_Init
 .text          0x08004608        0x0 Dave/Generated/src/CAN001/CAN001.o
 .text.CAN001_lAllocateMOtoNodeList
                0x08004608       0x50 Dave/Generated/src/CAN001/CAN001.o
 .text.CAN001_lDeallocateMsgObj
                0x08004658       0x5c Dave/Generated/src/CAN001/CAN001.o
 .text.CAN001_lConfigMORegs
                0x080046b4      0x1bc Dave/Generated/src/CAN001/CAN001.o
 .text.CAN001_lNodeInit
                0x08004870       0xf0 Dave/Generated/src/CAN001/CAN001.o
 .text.CAN001_Init
                0x08004960      0x108 Dave/Generated/src/CAN001/CAN001.o
                0x08004960                CAN001_Init
 .text.CAN001_NodeDeInit
                0x08004a68      0x100 Dave/Generated/src/CAN001/CAN001.o
                0x08004a68                CAN001_NodeDeInit
 .text.CAN001_ConfigMsgObj
                0x08004b68       0xb0 Dave/Generated/src/CAN001/CAN001.o
                0x08004b68                CAN001_ConfigMsgObj
 .text.CAN001_SendDataFrame
                0x08004c18       0x98 Dave/Generated/src/CAN001/CAN001.o
                0x08004c18                CAN001_SendDataFrame
 .text.CAN001_SendRemoteFrame
                0x08004cb0       0x98 Dave/Generated/src/CAN001/CAN001.o
                0x08004cb0                CAN001_SendRemoteFrame
 .text.CAN001_ReadMsgObj
                0x08004d48      0x204 Dave/Generated/src/CAN001/CAN001.o
                0x08004d48                CAN001_ReadMsgObj
 .text.CAN001_UpdateMODataRegisters
                0x08004f4c      0x160 Dave/Generated/src/CAN001/CAN001.o
                0x08004f4c                CAN001_UpdateMODataRegisters
 .text.CAN001_GetMOFlagStatus
                0x080050ac       0x60 Dave/Generated/src/CAN001/CAN001.o
                0x080050ac                CAN001_GetMOFlagStatus
 .text.CAN001_GetNodeFlagStatus
                0x0800510c       0x40 Dave/Generated/src/CAN001/CAN001.o
                0x0800510c                CAN001_GetNodeFlagStatus
 .text.CAN001_GetMOPndRegisterBitStatus
                0x0800514c       0x58 Dave/Generated/src/CAN001/CAN001.o
                0x0800514c                CAN001_GetMOPndRegisterBitStatus
 .text.CAN001_ClearMOFlagStatus
                0x080051a4       0x6c Dave/Generated/src/CAN001/CAN001.o
                0x080051a4                CAN001_ClearMOFlagStatus
 .text.CAN001_ClearNodeFlagStatus
                0x08005210       0x30 Dave/Generated/src/CAN001/CAN001.o
                0x08005210                CAN001_ClearNodeFlagStatus
 .text.CAN001_ClearMOPndRegisterBit
                0x08005240       0x78 Dave/Generated/src/CAN001/CAN001.o
                0x08005240                CAN001_ClearMOPndRegisterBit
 .text          0x080052b8        0x0 Dave/Generated/src/CAN001/CAN001_Conf.o
 .text          0x080052b8        0x0 C:\data\workspaces\github\de.protos.demos\src\HexagonCANDemo\etrice.runtime.c\Debug\libHexagonCANDemo.etrice.runtime.c.a(etLogger.o)
 .text.etLogger_logError
                0x080052b8       0x14 C:\data\workspaces\github\de.protos.demos\src\HexagonCANDemo\etrice.runtime.c\Debug\libHexagonCANDemo.etrice.runtime.c.a(etLogger.o)
                0x080052b8                etLogger_logError
 .text.etLogger_logWarning
                0x080052cc       0x14 C:\data\workspaces\github\de.protos.demos\src\HexagonCANDemo\etrice.runtime.c\Debug\libHexagonCANDemo.etrice.runtime.c.a(etLogger.o)
                0x080052cc                etLogger_logWarning
 .text.etLogger_logInfo
                0x080052e0       0x14 C:\data\workspaces\github\de.protos.demos\src\HexagonCANDemo\etrice.runtime.c\Debug\libHexagonCANDemo.etrice.runtime.c.a(etLogger.o)
                0x080052e0                etLogger_logInfo
 .text.etLogger_logErrorF
                0x080052f4       0x10 C:\data\workspaces\github\de.protos.demos\src\HexagonCANDemo\etrice.runtime.c\Debug\libHexagonCANDemo.etrice.runtime.c.a(etLogger.o)
                0x080052f4                etLogger_logErrorF
 .text.etLogger_logWarningF
                0x08005304       0x10 C:\data\workspaces\github\de.protos.demos\src\HexagonCANDemo\etrice.runtime.c\Debug\libHexagonCANDemo.etrice.runtime.c.a(etLogger.o)
                0x08005304                etLogger_logWarningF
 .text.etLogger_logInfoF
                0x08005314       0x10 C:\data\workspaces\github\de.protos.demos\src\HexagonCANDemo\etrice.runtime.c\Debug\libHexagonCANDemo.etrice.runtime.c.a(etLogger.o)
                0x08005314                etLogger_logInfoF
 .text.etLogger_fopen
                0x08005324       0x1c C:\data\workspaces\github\de.protos.demos\src\HexagonCANDemo\etrice.runtime.c\Debug\libHexagonCANDemo.etrice.runtime.c.a(etLogger.o)
                0x08005324                etLogger_fopen
 .text.etLogger_fclose
                0x08005340       0x18 C:\data\workspaces\github\de.protos.demos\src\HexagonCANDemo\etrice.runtime.c\Debug\libHexagonCANDemo.etrice.runtime.c.a(etLogger.o)
                0x08005340                etLogger_fclose
 .text.etLogger_fprintf
                0x08005358       0x18 C:\data\workspaces\github\de.protos.demos\src\HexagonCANDemo\etrice.runtime.c\Debug\libHexagonCANDemo.etrice.runtime.c.a(etLogger.o)
                0x08005358                etLogger_fprintf
 .text          0x08005370        0x0 C:\data\workspaces\github\de.protos.demos\src\HexagonCANDemo\etrice.runtime.c\Debug\libHexagonCANDemo.etrice.runtime.c.a(etPlatformLifecycle.o)
 .text.etUserEntry
                0x08005370        0xc C:\data\workspaces\github\de.protos.demos\src\HexagonCANDemo\etrice.runtime.c\Debug\libHexagonCANDemo.etrice.runtime.c.a(etPlatformLifecycle.o)
                0x08005370                etUserEntry
 .text.etUserPreRun
                0x0800537c       0x1c C:\data\workspaces\github\de.protos.demos\src\HexagonCANDemo\etrice.runtime.c\Debug\libHexagonCANDemo.etrice.runtime.c.a(etPlatformLifecycle.o)
                0x0800537c                etUserPreRun
 .text.etUserPostRun
                0x08005398        0xc C:\data\workspaces\github\de.protos.demos\src\HexagonCANDemo\etrice.runtime.c\Debug\libHexagonCANDemo.etrice.runtime.c.a(etPlatformLifecycle.o)
                0x08005398                etUserPostRun
 .text.etUserExit
                0x080053a4        0xc C:\data\workspaces\github\de.protos.demos\src\HexagonCANDemo\etrice.runtime.c\Debug\libHexagonCANDemo.etrice.runtime.c.a(etPlatformLifecycle.o)
                0x080053a4                etUserExit
 .text          0x080053b0        0x0 C:\data\workspaces\github\de.protos.demos\src\HexagonCANDemo\etrice.runtime.c\Debug\libHexagonCANDemo.etrice.runtime.c.a(etSema.o)
 .text.etSema_construct
                0x080053b0       0x14 C:\data\workspaces\github\de.protos.demos\src\HexagonCANDemo\etrice.runtime.c\Debug\libHexagonCANDemo.etrice.runtime.c.a(etSema.o)
                0x080053b0                etSema_construct
 .text.etSema_destruct
                0x080053c4       0x14 C:\data\workspaces\github\de.protos.demos\src\HexagonCANDemo\etrice.runtime.c\Debug\libHexagonCANDemo.etrice.runtime.c.a(etSema.o)
                0x080053c4                etSema_destruct
 .text.etSema_wakeup
                0x080053d8       0x14 C:\data\workspaces\github\de.protos.demos\src\HexagonCANDemo\etrice.runtime.c\Debug\libHexagonCANDemo.etrice.runtime.c.a(etSema.o)
                0x080053d8                etSema_wakeup
 .text.etSema_waitForWakeup
                0x080053ec       0x2c C:\data\workspaces\github\de.protos.demos\src\HexagonCANDemo\etrice.runtime.c\Debug\libHexagonCANDemo.etrice.runtime.c.a(etSema.o)
                0x080053ec                etSema_waitForWakeup
 .text          0x08005418        0x0 C:\data\workspaces\github\de.protos.demos\src\HexagonCANDemo\etrice.runtime.c\Debug\libHexagonCANDemo.etrice.runtime.c.a(etThread.o)
 .text.etThread_construct
                0x08005418       0x54 C:\data\workspaces\github\de.protos.demos\src\HexagonCANDemo\etrice.runtime.c\Debug\libHexagonCANDemo.etrice.runtime.c.a(etThread.o)
                0x08005418                etThread_construct
 .text.etThread_start
                0x0800546c       0x14 C:\data\workspaces\github\de.protos.demos\src\HexagonCANDemo\etrice.runtime.c\Debug\libHexagonCANDemo.etrice.runtime.c.a(etThread.o)
                0x0800546c                etThread_start
 .text.etThread_execute
                0x08005480       0x1c C:\data\workspaces\github\de.protos.demos\src\HexagonCANDemo\etrice.runtime.c\Debug\libHexagonCANDemo.etrice.runtime.c.a(etThread.o)
                0x08005480                etThread_execute
 .text.etThread_destruct
                0x0800549c       0x14 C:\data\workspaces\github\de.protos.demos\src\HexagonCANDemo\etrice.runtime.c\Debug\libHexagonCANDemo.etrice.runtime.c.a(etThread.o)
                0x0800549c                etThread_destruct
 .text.etThread_sleep
                0x080054b0       0x14 C:\data\workspaces\github\de.protos.demos\src\HexagonCANDemo\etrice.runtime.c\Debug\libHexagonCANDemo.etrice.runtime.c.a(etThread.o)
                0x080054b0                etThread_sleep
 .text          0x080054c4        0x0 C:\data\workspaces\github\de.protos.demos\src\HexagonCANDemo\etrice.runtime.c\Debug\libHexagonCANDemo.etrice.runtime.c.a(etTime.o)
 .text.etTime_init
                0x080054c4       0x28 C:\data\workspaces\github\de.protos.demos\src\HexagonCANDemo\etrice.runtime.c\Debug\libHexagonCANDemo.etrice.runtime.c.a(etTime.o)
                0x080054c4                etTime_init
 .text.getTimeFromTarget
                0x080054ec       0x28 C:\data\workspaces\github\de.protos.demos\src\HexagonCANDemo\etrice.runtime.c\Debug\libHexagonCANDemo.etrice.runtime.c.a(etTime.o)
                0x080054ec                getTimeFromTarget
 .text.etTick_Handler
                0x08005514       0x74 C:\data\workspaces\github\de.protos.demos\src\HexagonCANDemo\etrice.runtime.c\Debug\libHexagonCANDemo.etrice.runtime.c.a(etTime.o)
                0x08005514                etTick_Handler
 .text          0x08005588        0x0 C:\data\workspaces\github\de.protos.demos\src\HexagonCANDemo\etrice.runtime.c\Debug\libHexagonCANDemo.etrice.runtime.c.a(etTimer.o)
 .text.etTimer_construct
                0x08005588       0x48 C:\data\workspaces\github\de.protos.demos\src\HexagonCANDemo\etrice.runtime.c\Debug\libHexagonCANDemo.etrice.runtime.c.a(etTimer.o)
                0x08005588                etTimer_construct
 .text.etTimer_start
                0x080055d0       0x14 C:\data\workspaces\github\de.protos.demos\src\HexagonCANDemo\etrice.runtime.c\Debug\libHexagonCANDemo.etrice.runtime.c.a(etTimer.o)
                0x080055d0                etTimer_start
 .text.etTimer_stop
                0x080055e4       0x14 C:\data\workspaces\github\de.protos.demos\src\HexagonCANDemo\etrice.runtime.c\Debug\libHexagonCANDemo.etrice.runtime.c.a(etTimer.o)
                0x080055e4                etTimer_stop
 .text.etTimer_destruct
                0x080055f8       0x14 C:\data\workspaces\github\de.protos.demos\src\HexagonCANDemo\etrice.runtime.c\Debug\libHexagonCANDemo.etrice.runtime.c.a(etTimer.o)
                0x080055f8                etTimer_destruct
 .text          0x0800560c        0x0 C:\data\workspaces\github\de.protos.demos\src\HexagonCANDemo\etrice.runtime.c\Debug\libHexagonCANDemo.etrice.runtime.c.a(etRuntime.o)
 .text.etRuntime_getTerminateSemaphore
                0x0800560c       0x38 C:\data\workspaces\github\de.protos.demos\src\HexagonCANDemo\etrice.runtime.c\Debug\libHexagonCANDemo.etrice.runtime.c.a(etRuntime.o)
                0x0800560c                etRuntime_getTerminateSemaphore
 .text          0x08005644        0x0 C:\data\workspaces\github\de.protos.demos\src\HexagonCANDemo\etrice.runtime.c\Debug\libHexagonCANDemo.etrice.runtime.c.a(etActor.o)
 .text.handleSystemEvent
                0x08005644       0x1c C:\data\workspaces\github\de.protos.demos\src\HexagonCANDemo\etrice.runtime.c\Debug\libHexagonCANDemo.etrice.runtime.c.a(etActor.o)
                0x08005644                handleSystemEvent
 .text          0x08005660        0x0 C:\data\workspaces\github\de.protos.demos\src\HexagonCANDemo\etrice.runtime.c\Debug\libHexagonCANDemo.etrice.runtime.c.a(etPort.o)
 .text.etPort_sendMessage
                0x08005660       0x8c C:\data\workspaces\github\de.protos.demos\src\HexagonCANDemo\etrice.runtime.c\Debug\libHexagonCANDemo.etrice.runtime.c.a(etPort.o)
                0x08005660                etPort_sendMessage
 .text          0x080056ec        0x0 C:\data\workspaces\github\de.protos.demos\src\HexagonCANDemo\etrice.runtime.c\Debug\libHexagonCANDemo.etrice.runtime.c.a(etMessageService.o)
 .text.etMessageService_init
                0x080056ec       0xc8 C:\data\workspaces\github\de.protos.demos\src\HexagonCANDemo\etrice.runtime.c\Debug\libHexagonCANDemo.etrice.runtime.c.a(etMessageService.o)
                0x080056ec                etMessageService_init
 .text.etMessageService_start
                0x080057b4       0x3c C:\data\workspaces\github\de.protos.demos\src\HexagonCANDemo\etrice.runtime.c\Debug\libHexagonCANDemo.etrice.runtime.c.a(etMessageService.o)
                0x080057b4                etMessageService_start
 .text.etMessageService_stop
                0x080057f0       0x4c C:\data\workspaces\github\de.protos.demos\src\HexagonCANDemo\etrice.runtime.c\Debug\libHexagonCANDemo.etrice.runtime.c.a(etMessageService.o)
                0x080057f0                etMessageService_stop
 .text.etMessageService_destroy
                0x0800583c       0x34 C:\data\workspaces\github\de.protos.demos\src\HexagonCANDemo\etrice.runtime.c\Debug\libHexagonCANDemo.etrice.runtime.c.a(etMessageService.o)
                0x0800583c                etMessageService_destroy
 .text.etMessageService_initMessagePool
                0x08005870       0x5c C:\data\workspaces\github\de.protos.demos\src\HexagonCANDemo\etrice.runtime.c\Debug\libHexagonCANDemo.etrice.runtime.c.a(etMessageService.o)
                0x08005870                etMessageService_initMessagePool
 .text.etMessageService_pushMessage
                0x080058cc       0x40 C:\data\workspaces\github\de.protos.demos\src\HexagonCANDemo\etrice.runtime.c\Debug\libHexagonCANDemo.etrice.runtime.c.a(etMessageService.o)
                0x080058cc                etMessageService_pushMessage
 .text.etMessageService_popMessage
                0x0800590c       0x38 C:\data\workspaces\github\de.protos.demos\src\HexagonCANDemo\etrice.runtime.c\Debug\libHexagonCANDemo.etrice.runtime.c.a(etMessageService.o)
                0x0800590c                etMessageService_popMessage
 .text.etMessageService_getMessageBuffer
                0x08005944       0x94 C:\data\workspaces\github\de.protos.demos\src\HexagonCANDemo\etrice.runtime.c\Debug\libHexagonCANDemo.etrice.runtime.c.a(etMessageService.o)
                0x08005944                etMessageService_getMessageBuffer
 .text.etMessageService_returnMessageBuffer
                0x080059d8       0x38 C:\data\workspaces\github\de.protos.demos\src\HexagonCANDemo\etrice.runtime.c\Debug\libHexagonCANDemo.etrice.runtime.c.a(etMessageService.o)
                0x080059d8                etMessageService_returnMessageBuffer
 .text.etMessageService_deliverAllMessages
                0x08005a10       0x6c C:\data\workspaces\github\de.protos.demos\src\HexagonCANDemo\etrice.runtime.c\Debug\libHexagonCANDemo.etrice.runtime.c.a(etMessageService.o)
 .text.etMessageService_getMessagePoolLowWaterMark
                0x08005a7c       0x28 C:\data\workspaces\github\de.protos.demos\src\HexagonCANDemo\etrice.runtime.c\Debug\libHexagonCANDemo.etrice.runtime.c.a(etMessageService.o)
                0x08005a7c                etMessageService_getMessagePoolLowWaterMark
 .text.etMessageService_timerCallback
                0x08005aa4       0x30 C:\data\workspaces\github\de.protos.demos\src\HexagonCANDemo\etrice.runtime.c\Debug\libHexagonCANDemo.etrice.runtime.c.a(etMessageService.o)
 .text          0x08005ad4        0x0 C:\data\workspaces\github\de.protos.demos\src\HexagonCANDemo\etrice.runtime.c\Debug\libHexagonCANDemo.etrice.runtime.c.a(etSystemProtocol.o)
 .text.etSystemProtocolReplPort_getReplication
                0x08005ad4       0x1c C:\data\workspaces\github\de.protos.demos\src\HexagonCANDemo\etrice.runtime.c\Debug\libHexagonCANDemo.etrice.runtime.c.a(etSystemProtocol.o)
                0x08005ad4                etSystemProtocolReplPort_getReplication
 .text.etSystemProtocolConjPort_poll
                0x08005af0       0x24 C:\data\workspaces\github\de.protos.demos\src\HexagonCANDemo\etrice.runtime.c\Debug\libHexagonCANDemo.etrice.runtime.c.a(etSystemProtocol.o)
                0x08005af0                etSystemProtocolConjPort_poll
 .text.etSystemProtocolConjReplPort_poll_broadcast
                0x08005b14       0x4c C:\data\workspaces\github\de.protos.demos\src\HexagonCANDemo\etrice.runtime.c\Debug\libHexagonCANDemo.etrice.runtime.c.a(etSystemProtocol.o)
                0x08005b14                etSystemProtocolConjReplPort_poll_broadcast
 .text.etSystemProtocolConjReplPort_poll
                0x08005b60       0x44 C:\data\workspaces\github\de.protos.demos\src\HexagonCANDemo\etrice.runtime.c\Debug\libHexagonCANDemo.etrice.runtime.c.a(etSystemProtocol.o)
                0x08005b60                etSystemProtocolConjReplPort_poll
 .text.etSystemProtocolConjPort_terminate
                0x08005ba4       0x24 C:\data\workspaces\github\de.protos.demos\src\HexagonCANDemo\etrice.runtime.c\Debug\libHexagonCANDemo.etrice.runtime.c.a(etSystemProtocol.o)
                0x08005ba4                etSystemProtocolConjPort_terminate
 .text.etSystemProtocolConjReplPort_terminate_broadcast
                0x08005bc8       0x4c C:\data\workspaces\github\de.protos.demos\src\HexagonCANDemo\etrice.runtime.c\Debug\libHexagonCANDemo.etrice.runtime.c.a(etSystemProtocol.o)
                0x08005bc8                etSystemProtocolConjReplPort_terminate_broadcast
 .text.etSystemProtocolConjReplPort_terminate
                0x08005c14       0x44 C:\data\workspaces\github\de.protos.demos\src\HexagonCANDemo\etrice.runtime.c\Debug\libHexagonCANDemo.etrice.runtime.c.a(etSystemProtocol.o)
                0x08005c14                etSystemProtocolConjReplPort_terminate
 .text.etSystemProtocolConjReplPort_getReplication
                0x08005c58       0x1c C:\data\workspaces\github\de.protos.demos\src\HexagonCANDemo\etrice.runtime.c\Debug\libHexagonCANDemo.etrice.runtime.c.a(etSystemProtocol.o)
                0x08005c58                etSystemProtocolConjReplPort_getReplication
 .text.etSystemProtocol_getMessageString
                0x08005c74       0x38 C:\data\workspaces\github\de.protos.demos\src\HexagonCANDemo\etrice.runtime.c\Debug\libHexagonCANDemo.etrice.runtime.c.a(etSystemProtocol.o)
                0x08005c74                etSystemProtocol_getMessageString
 .text          0x08005cac        0x0 C:\data\workspaces\github\de.protos.demos\src\HexagonCANDemo\etrice.runtime.c\Debug\libHexagonCANDemo.etrice.runtime.c.a(etMutex.o)
 .text.etMutex_construct
                0x08005cac       0x14 C:\data\workspaces\github\de.protos.demos\src\HexagonCANDemo\etrice.runtime.c\Debug\libHexagonCANDemo.etrice.runtime.c.a(etMutex.o)
                0x08005cac                etMutex_construct
 .text.etMutex_destruct
                0x08005cc0       0x14 C:\data\workspaces\github\de.protos.demos\src\HexagonCANDemo\etrice.runtime.c\Debug\libHexagonCANDemo.etrice.runtime.c.a(etMutex.o)
                0x08005cc0                etMutex_destruct
 .text.etMutex_enter
                0x08005cd4       0x14 C:\data\workspaces\github\de.protos.demos\src\HexagonCANDemo\etrice.runtime.c\Debug\libHexagonCANDemo.etrice.runtime.c.a(etMutex.o)
                0x08005cd4                etMutex_enter
 .text.etMutex_leave
                0x08005ce8       0x14 C:\data\workspaces\github\de.protos.demos\src\HexagonCANDemo\etrice.runtime.c\Debug\libHexagonCANDemo.etrice.runtime.c.a(etMutex.o)
                0x08005ce8                etMutex_leave
 .text          0x08005cfc        0x0 C:\data\workspaces\github\de.protos.demos\src\HexagonCANDemo\etrice.runtime.c\Debug\libHexagonCANDemo.etrice.runtime.c.a(etMessageQueue.o)
 .text.etMessageQueue_init
                0x08005cfc       0x3c C:\data\workspaces\github\de.protos.demos\src\HexagonCANDemo\etrice.runtime.c\Debug\libHexagonCANDemo.etrice.runtime.c.a(etMessageQueue.o)
                0x08005cfc                etMessageQueue_init
 .text.etMessageQueue_push
                0x08005d38       0x70 C:\data\workspaces\github\de.protos.demos\src\HexagonCANDemo\etrice.runtime.c\Debug\libHexagonCANDemo.etrice.runtime.c.a(etMessageQueue.o)
                0x08005d38                etMessageQueue_push
 .text.etMessageQueue_pop
                0x08005da8       0x84 C:\data\workspaces\github\de.protos.demos\src\HexagonCANDemo\etrice.runtime.c\Debug\libHexagonCANDemo.etrice.runtime.c.a(etMessageQueue.o)
                0x08005da8                etMessageQueue_pop
 .text.etMessageQueue_getSize
                0x08005e2c       0x1c C:\data\workspaces\github\de.protos.demos\src\HexagonCANDemo\etrice.runtime.c\Debug\libHexagonCANDemo.etrice.runtime.c.a(etMessageQueue.o)
                0x08005e2c                etMessageQueue_getSize
 .text.etMessageQueue_getFirst
                0x08005e48       0x18 C:\data\workspaces\github\de.protos.demos\src\HexagonCANDemo\etrice.runtime.c\Debug\libHexagonCANDemo.etrice.runtime.c.a(etMessageQueue.o)
                0x08005e48                etMessageQueue_getFirst
 .text.etMessageQueue_getLast
                0x08005e60       0x18 C:\data\workspaces\github\de.protos.demos\src\HexagonCANDemo\etrice.runtime.c\Debug\libHexagonCANDemo.etrice.runtime.c.a(etMessageQueue.o)
                0x08005e60                etMessageQueue_getLast
 .text.etMessageQueue_isNotEmpty
                0x08005e78       0x24 C:\data\workspaces\github\de.protos.demos\src\HexagonCANDemo\etrice.runtime.c\Debug\libHexagonCANDemo.etrice.runtime.c.a(etMessageQueue.o)
                0x08005e78                etMessageQueue_isNotEmpty
 .text.etMessageQueue_getHighWaterMark
                0x08005e9c       0x1c C:\data\workspaces\github\de.protos.demos\src\HexagonCANDemo\etrice.runtime.c\Debug\libHexagonCANDemo.etrice.runtime.c.a(etMessageQueue.o)
                0x08005e9c                etMessageQueue_getHighWaterMark
 .text.etMessageQueue_getLowWaterMark
                0x08005eb8       0x1c C:\data\workspaces\github\de.protos.demos\src\HexagonCANDemo\etrice.runtime.c\Debug\libHexagonCANDemo.etrice.runtime.c.a(etMessageQueue.o)
                0x08005eb8                etMessageQueue_getLowWaterMark
 .text.etMessageQueue_resetLowWaterMark
                0x08005ed4       0x1c C:\data\workspaces\github\de.protos.demos\src\HexagonCANDemo\etrice.runtime.c\Debug\libHexagonCANDemo.etrice.runtime.c.a(etMessageQueue.o)
                0x08005ed4                etMessageQueue_resetLowWaterMark
 .text          0x08005ef0        0x0 c:/dave-3.1.10/arm-gcc/bin/../lib/gcc/arm-none-eabi/4.7.4/../../../../arm-none-eabi/lib/armv7e-m\libg.a(lib_a-fflush.o)
 .text._fflush_r
                0x08005ef0      0x168 c:/dave-3.1.10/arm-gcc/bin/../lib/gcc/arm-none-eabi/4.7.4/../../../../arm-none-eabi/lib/armv7e-m\libg.a(lib_a-fflush.o)
                0x08005ef0                _fflush_r
 .text.fflush   0x08006058       0x24 c:/dave-3.1.10/arm-gcc/bin/../lib/gcc/arm-none-eabi/4.7.4/../../../../arm-none-eabi/lib/armv7e-m\libg.a(lib_a-fflush.o)
                0x08006058                fflush
 .text          0x0800607c        0x0 c:/dave-3.1.10/arm-gcc/bin/../lib/gcc/arm-none-eabi/4.7.4/../../../../arm-none-eabi/lib/armv7e-m\libg.a(lib_a-fgets.o)
 .text._fgets_r
                0x0800607c       0xb4 c:/dave-3.1.10/arm-gcc/bin/../lib/gcc/arm-none-eabi/4.7.4/../../../../arm-none-eabi/lib/armv7e-m\libg.a(lib_a-fgets.o)
                0x0800607c                _fgets_r
 .text.fgets    0x08006130       0x1c c:/dave-3.1.10/arm-gcc/bin/../lib/gcc/arm-none-eabi/4.7.4/../../../../arm-none-eabi/lib/armv7e-m\libg.a(lib_a-fgets.o)
                0x08006130                fgets
 .text          0x0800614c        0x0 c:/dave-3.1.10/arm-gcc/bin/../lib/gcc/arm-none-eabi/4.7.4/../../../../arm-none-eabi/lib/armv7e-m\libg.a(lib_a-findfp.o)
 .text.__fp_lock
                0x0800614c        0x4 c:/dave-3.1.10/arm-gcc/bin/../lib/gcc/arm-none-eabi/4.7.4/../../../../arm-none-eabi/lib/armv7e-m\libg.a(lib_a-findfp.o)
 .text.__fp_unlock
                0x08006150        0x4 c:/dave-3.1.10/arm-gcc/bin/../lib/gcc/arm-none-eabi/4.7.4/../../../../arm-none-eabi/lib/armv7e-m\libg.a(lib_a-findfp.o)
 .text._cleanup_r
                0x08006154        0xc c:/dave-3.1.10/arm-gcc/bin/../lib/gcc/arm-none-eabi/4.7.4/../../../../arm-none-eabi/lib/armv7e-m\libg.a(lib_a-findfp.o)
                0x08006154                _cleanup_r
 .text.std.isra.0
                0x08006160       0x50 c:/dave-3.1.10/arm-gcc/bin/../lib/gcc/arm-none-eabi/4.7.4/../../../../arm-none-eabi/lib/armv7e-m\libg.a(lib_a-findfp.o)
 .text.__sfmoreglue
                0x080061b0       0x2c c:/dave-3.1.10/arm-gcc/bin/../lib/gcc/arm-none-eabi/4.7.4/../../../../arm-none-eabi/lib/armv7e-m\libg.a(lib_a-findfp.o)
                0x080061b0                __sfmoreglue
 .text._cleanup
                0x080061dc       0x10 c:/dave-3.1.10/arm-gcc/bin/../lib/gcc/arm-none-eabi/4.7.4/../../../../arm-none-eabi/lib/armv7e-m\libg.a(lib_a-findfp.o)
                0x080061dc                _cleanup
 .text.__sinit  0x080061ec       0x4c c:/dave-3.1.10/arm-gcc/bin/../lib/gcc/arm-none-eabi/4.7.4/../../../../arm-none-eabi/lib/armv7e-m\libg.a(lib_a-findfp.o)
                0x080061ec                __sinit
 .text.__sfp    0x08006238       0xa4 c:/dave-3.1.10/arm-gcc/bin/../lib/gcc/arm-none-eabi/4.7.4/../../../../arm-none-eabi/lib/armv7e-m\libg.a(lib_a-findfp.o)
                0x08006238                __sfp
 .text.__sfp_lock_acquire
                0x080062dc        0x4 c:/dave-3.1.10/arm-gcc/bin/../lib/gcc/arm-none-eabi/4.7.4/../../../../arm-none-eabi/lib/armv7e-m\libg.a(lib_a-findfp.o)
                0x080062dc                __sfp_lock_acquire
 .text.__sfp_lock_release
                0x080062e0        0x4 c:/dave-3.1.10/arm-gcc/bin/../lib/gcc/arm-none-eabi/4.7.4/../../../../arm-none-eabi/lib/armv7e-m\libg.a(lib_a-findfp.o)
                0x080062e0                __sfp_lock_release
 .text.__sinit_lock_acquire
                0x080062e4        0x4 c:/dave-3.1.10/arm-gcc/bin/../lib/gcc/arm-none-eabi/4.7.4/../../../../arm-none-eabi/lib/armv7e-m\libg.a(lib_a-findfp.o)
                0x080062e4                __sinit_lock_acquire
 .text.__sinit_lock_release
                0x080062e8        0x4 c:/dave-3.1.10/arm-gcc/bin/../lib/gcc/arm-none-eabi/4.7.4/../../../../arm-none-eabi/lib/armv7e-m\libg.a(lib_a-findfp.o)
                0x080062e8                __sinit_lock_release
 .text.__fp_lock_all
                0x080062ec       0x18 c:/dave-3.1.10/arm-gcc/bin/../lib/gcc/arm-none-eabi/4.7.4/../../../../arm-none-eabi/lib/armv7e-m\libg.a(lib_a-findfp.o)
                0x080062ec                __fp_lock_all
 .text.__fp_unlock_all
                0x08006304       0x18 c:/dave-3.1.10/arm-gcc/bin/../lib/gcc/arm-none-eabi/4.7.4/../../../../arm-none-eabi/lib/armv7e-m\libg.a(lib_a-findfp.o)
                0x08006304                __fp_unlock_all
 .text          0x0800631c        0x0 c:/dave-3.1.10/arm-gcc/bin/../lib/gcc/arm-none-eabi/4.7.4/../../../../arm-none-eabi/lib/armv7e-m\libg.a(lib_a-freer.o)
 .text._malloc_trim_r
                0x0800631c       0x98 c:/dave-3.1.10/arm-gcc/bin/../lib/gcc/arm-none-eabi/4.7.4/../../../../arm-none-eabi/lib/armv7e-m\libg.a(lib_a-freer.o)
                0x0800631c                _malloc_trim_r
 .text._free_r  0x080063b4      0x194 c:/dave-3.1.10/arm-gcc/bin/../lib/gcc/arm-none-eabi/4.7.4/../../../../arm-none-eabi/lib/armv7e-m\libg.a(lib_a-freer.o)
                0x080063b4                _free_r
 .text          0x08006548        0x0 c:/dave-3.1.10/arm-gcc/bin/../lib/gcc/arm-none-eabi/4.7.4/../../../../arm-none-eabi/lib/armv7e-m\libg.a(lib_a-fwalk.o)
 .text._fwalk   0x08006548       0xb8 c:/dave-3.1.10/arm-gcc/bin/../lib/gcc/arm-none-eabi/4.7.4/../../../../arm-none-eabi/lib/armv7e-m\libg.a(lib_a-fwalk.o)
                0x08006548                _fwalk
 .text._fwalk_reent
                0x08006600       0xc0 c:/dave-3.1.10/arm-gcc/bin/../lib/gcc/arm-none-eabi/4.7.4/../../../../arm-none-eabi/lib/armv7e-m\libg.a(lib_a-fwalk.o)
                0x08006600                _fwalk_reent
 .text          0x080066c0        0x0 c:/dave-3.1.10/arm-gcc/bin/../lib/gcc/arm-none-eabi/4.7.4/../../../../arm-none-eabi/lib/armv7e-m\libg.a(lib_a-impure.o)
 .text          0x080066c0        0x0 c:/dave-3.1.10/arm-gcc/bin/../lib/gcc/arm-none-eabi/4.7.4/../../../../arm-none-eabi/lib/armv7e-m\libg.a(lib_a-init.o)
 .text.__libc_init_array
                0x080066c0       0x94 c:/dave-3.1.10/arm-gcc/bin/../lib/gcc/arm-none-eabi/4.7.4/../../../../arm-none-eabi/lib/armv7e-m\libg.a(lib_a-init.o)
                0x080066c0                __libc_init_array
 .text          0x08006754        0x0 c:/dave-3.1.10/arm-gcc/bin/../lib/gcc/arm-none-eabi/4.7.4/../../../../arm-none-eabi/lib/armv7e-m\libg.a(lib_a-mallocr.o)
 .text._malloc_r
                0x08006754      0x55c c:/dave-3.1.10/arm-gcc/bin/../lib/gcc/arm-none-eabi/4.7.4/../../../../arm-none-eabi/lib/armv7e-m\libg.a(lib_a-mallocr.o)
                0x08006754                _malloc_r
 .text          0x08006cb0        0x0 c:/dave-3.1.10/arm-gcc/bin/../lib/gcc/arm-none-eabi/4.7.4/../../../../arm-none-eabi/lib/armv7e-m\libg.a(lib_a-memchr.o)
 .text.memchr   0x08006cb0      0x140 c:/dave-3.1.10/arm-gcc/bin/../lib/gcc/arm-none-eabi/4.7.4/../../../../arm-none-eabi/lib/armv7e-m\libg.a(lib_a-memchr.o)
                0x08006cb0                memchr
 .text          0x08006df0        0x0 c:/dave-3.1.10/arm-gcc/bin/../lib/gcc/arm-none-eabi/4.7.4/../../../../arm-none-eabi/lib/armv7e-m\libg.a(lib_a-memcpy.o)
 .text.memcpy   0x08006df0      0x144 c:/dave-3.1.10/arm-gcc/bin/../lib/gcc/arm-none-eabi/4.7.4/../../../../arm-none-eabi/lib/armv7e-m\libg.a(lib_a-memcpy.o)
                0x08006df0                memcpy
 .text          0x08006f34        0x0 c:/dave-3.1.10/arm-gcc/bin/../lib/gcc/arm-none-eabi/4.7.4/../../../../arm-none-eabi/lib/armv7e-m\libg.a(lib_a-memset.o)
 .text.memset   0x08006f34      0x12c c:/dave-3.1.10/arm-gcc/bin/../lib/gcc/arm-none-eabi/4.7.4/../../../../arm-none-eabi/lib/armv7e-m\libg.a(lib_a-memset.o)
                0x08006f34                memset
 .text          0x08007060        0x0 c:/dave-3.1.10/arm-gcc/bin/../lib/gcc/arm-none-eabi/4.7.4/../../../../arm-none-eabi/lib/armv7e-m\libg.a(lib_a-mlock.o)
 .text.__malloc_lock
                0x08007060        0x4 c:/dave-3.1.10/arm-gcc/bin/../lib/gcc/arm-none-eabi/4.7.4/../../../../arm-none-eabi/lib/armv7e-m\libg.a(lib_a-mlock.o)
                0x08007060                __malloc_lock
 .text.__malloc_unlock
                0x08007064        0x4 c:/dave-3.1.10/arm-gcc/bin/../lib/gcc/arm-none-eabi/4.7.4/../../../../arm-none-eabi/lib/armv7e-m\libg.a(lib_a-mlock.o)
                0x08007064                __malloc_unlock
 .text          0x08007068        0x0 c:/dave-3.1.10/arm-gcc/bin/../lib/gcc/arm-none-eabi/4.7.4/../../../../arm-none-eabi/lib/armv7e-m\libg.a(lib_a-puts.o)
 .text._puts_r  0x08007068       0x68 c:/dave-3.1.10/arm-gcc/bin/../lib/gcc/arm-none-eabi/4.7.4/../../../../arm-none-eabi/lib/armv7e-m\libg.a(lib_a-puts.o)
                0x08007068                _puts_r
 .text.puts     0x080070d0       0x10 c:/dave-3.1.10/arm-gcc/bin/../lib/gcc/arm-none-eabi/4.7.4/../../../../arm-none-eabi/lib/armv7e-m\libg.a(lib_a-puts.o)
                0x080070d0                puts
 .text          0x080070e0        0x0 c:/dave-3.1.10/arm-gcc/bin/../lib/gcc/arm-none-eabi/4.7.4/../../../../arm-none-eabi/lib/armv7e-m\libg.a(lib_a-refill.o)
 .text.lflush   0x080070e0       0x14 c:/dave-3.1.10/arm-gcc/bin/../lib/gcc/arm-none-eabi/4.7.4/../../../../arm-none-eabi/lib/armv7e-m\libg.a(lib_a-refill.o)
 .text.__srefill_r
                0x080070f4      0x110 c:/dave-3.1.10/arm-gcc/bin/../lib/gcc/arm-none-eabi/4.7.4/../../../../arm-none-eabi/lib/armv7e-m\libg.a(lib_a-refill.o)
                0x080070f4                __srefill_r
 .text          0x08007204        0x0 c:/dave-3.1.10/arm-gcc/bin/../lib/gcc/arm-none-eabi/4.7.4/../../../../arm-none-eabi/lib/armv7e-m\libg.a(lib_a-sbrkr.o)
 .text._sbrk_r  0x08007204       0x24 c:/dave-3.1.10/arm-gcc/bin/../lib/gcc/arm-none-eabi/4.7.4/../../../../arm-none-eabi/lib/armv7e-m\libg.a(lib_a-sbrkr.o)
                0x08007204                _sbrk_r
 .text          0x08007228        0x0 c:/dave-3.1.10/arm-gcc/bin/../lib/gcc/arm-none-eabi/4.7.4/../../../../arm-none-eabi/lib/armv7e-m\libg.a(lib_a-stdio.o)
 .text.__sread  0x08007228       0x24 c:/dave-3.1.10/arm-gcc/bin/../lib/gcc/arm-none-eabi/4.7.4/../../../../arm-none-eabi/lib/armv7e-m\libg.a(lib_a-stdio.o)
                0x08007228                __sread
 .text.__seofread
                0x0800724c        0x4 c:/dave-3.1.10/arm-gcc/bin/../lib/gcc/arm-none-eabi/4.7.4/../../../../arm-none-eabi/lib/armv7e-m\libg.a(lib_a-stdio.o)
                0x0800724c                __seofread
 .text.__swrite
                0x08007250       0x44 c:/dave-3.1.10/arm-gcc/bin/../lib/gcc/arm-none-eabi/4.7.4/../../../../arm-none-eabi/lib/armv7e-m\libg.a(lib_a-stdio.o)
                0x08007250                __swrite
 .text.__sseek  0x08007294       0x24 c:/dave-3.1.10/arm-gcc/bin/../lib/gcc/arm-none-eabi/4.7.4/../../../../arm-none-eabi/lib/armv7e-m\libg.a(lib_a-stdio.o)
                0x08007294                __sseek
 .text.__sclose
                0x080072b8        0x8 c:/dave-3.1.10/arm-gcc/bin/../lib/gcc/arm-none-eabi/4.7.4/../../../../arm-none-eabi/lib/armv7e-m\libg.a(lib_a-stdio.o)
                0x080072b8                __sclose
 .text          0x080072c0        0x0 c:/dave-3.1.10/arm-gcc/bin/../lib/gcc/arm-none-eabi/4.7.4/../../../../arm-none-eabi/lib/armv7e-m\libg.a(lib_a-strcmp.o)
 .text.strcmp   0x080072c0       0x80 c:/dave-3.1.10/arm-gcc/bin/../lib/gcc/arm-none-eabi/4.7.4/../../../../arm-none-eabi/lib/armv7e-m\libg.a(lib_a-strcmp.o)
                0x080072c0                strcmp
 .text.strcmp_unaligned
                0x08007340      0x15c c:/dave-3.1.10/arm-gcc/bin/../lib/gcc/arm-none-eabi/4.7.4/../../../../arm-none-eabi/lib/armv7e-m\libg.a(lib_a-strcmp.o)
 .text          0x0800749c        0x0 c:/dave-3.1.10/arm-gcc/bin/../lib/gcc/arm-none-eabi/4.7.4/../../../../arm-none-eabi/lib/armv7e-m\libg.a(lib_a-strlen.o)
 .text.strlen   0x0800749c       0x60 c:/dave-3.1.10/arm-gcc/bin/../lib/gcc/arm-none-eabi/4.7.4/../../../../arm-none-eabi/lib/armv7e-m\libg.a(lib_a-strlen.o)
                0x0800749c                strlen
 .text          0x080074fc        0x0 c:/dave-3.1.10/arm-gcc/bin/../lib/gcc/arm-none-eabi/4.7.4/../../../../arm-none-eabi/lib/armv7e-m\libg.a(lib_a-strncmp.o)
 .text.strncmp  0x080074fc      0x120 c:/dave-3.1.10/arm-gcc/bin/../lib/gcc/arm-none-eabi/4.7.4/../../../../arm-none-eabi/lib/armv7e-m\libg.a(lib_a-strncmp.o)
                0x080074fc                strncmp
 .text          0x0800761c        0x0 c:/dave-3.1.10/arm-gcc/bin/../lib/gcc/arm-none-eabi/4.7.4/../../../../arm-none-eabi/lib/armv7e-m\libg.a(lib_a-writer.o)
 .text._write_r
                0x0800761c       0x28 c:/dave-3.1.10/arm-gcc/bin/../lib/gcc/arm-none-eabi/4.7.4/../../../../arm-none-eabi/lib/armv7e-m\libg.a(lib_a-writer.o)
                0x0800761c                _write_r
 .text          0x08007644        0x0 c:/dave-3.1.10/arm-gcc/bin/../lib/gcc/arm-none-eabi/4.7.4/../../../../arm-none-eabi/lib/armv7e-m\libg.a(lib_a-closer.o)
 .text._close_r
                0x08007644       0x24 c:/dave-3.1.10/arm-gcc/bin/../lib/gcc/arm-none-eabi/4.7.4/../../../../arm-none-eabi/lib/armv7e-m\libg.a(lib_a-closer.o)
                0x08007644                _close_r
 .text          0x08007668        0x0 c:/dave-3.1.10/arm-gcc/bin/../lib/gcc/arm-none-eabi/4.7.4/../../../../arm-none-eabi/lib/armv7e-m\libg.a(lib_a-fclose.o)
 .text._fclose_r
                0x08007668       0x94 c:/dave-3.1.10/arm-gcc/bin/../lib/gcc/arm-none-eabi/4.7.4/../../../../arm-none-eabi/lib/armv7e-m\libg.a(lib_a-fclose.o)
                0x08007668                _fclose_r
 .text.fclose   0x080076fc       0x10 c:/dave-3.1.10/arm-gcc/bin/../lib/gcc/arm-none-eabi/4.7.4/../../../../arm-none-eabi/lib/armv7e-m\libg.a(lib_a-fclose.o)
                0x080076fc                fclose
 .text          0x0800770c        0x0 c:/dave-3.1.10/arm-gcc/bin/../lib/gcc/arm-none-eabi/4.7.4/../../../../arm-none-eabi/lib/armv7e-m\libg.a(lib_a-fvwrite.o)
 .text.__sfvwrite_r
                0x0800770c      0x314 c:/dave-3.1.10/arm-gcc/bin/../lib/gcc/arm-none-eabi/4.7.4/../../../../arm-none-eabi/lib/armv7e-m\libg.a(lib_a-fvwrite.o)
                0x0800770c                __sfvwrite_r
 .text          0x08007a20        0x0 c:/dave-3.1.10/arm-gcc/bin/../lib/gcc/arm-none-eabi/4.7.4/../../../../arm-none-eabi/lib/armv7e-m\libg.a(lib_a-lseekr.o)
 .text._lseek_r
                0x08007a20       0x28 c:/dave-3.1.10/arm-gcc/bin/../lib/gcc/arm-none-eabi/4.7.4/../../../../arm-none-eabi/lib/armv7e-m\libg.a(lib_a-lseekr.o)
                0x08007a20                _lseek_r
 .text          0x08007a48        0x0 c:/dave-3.1.10/arm-gcc/bin/../lib/gcc/arm-none-eabi/4.7.4/../../../../arm-none-eabi/lib/armv7e-m\libg.a(lib_a-makebuf.o)
 .text.__smakebuf_r
                0x08007a48       0xe8 c:/dave-3.1.10/arm-gcc/bin/../lib/gcc/arm-none-eabi/4.7.4/../../../../arm-none-eabi/lib/armv7e-m\libg.a(lib_a-makebuf.o)
                0x08007a48                __smakebuf_r
 .text          0x08007b30        0x0 c:/dave-3.1.10/arm-gcc/bin/../lib/gcc/arm-none-eabi/4.7.4/../../../../arm-none-eabi/lib/armv7e-m\libg.a(lib_a-memmove.o)
 .text.memmove  0x08007b30      0x198 c:/dave-3.1.10/arm-gcc/bin/../lib/gcc/arm-none-eabi/4.7.4/../../../../arm-none-eabi/lib/armv7e-m\libg.a(lib_a-memmove.o)
                0x08007b30                memmove
 .text          0x08007cc8        0x0 c:/dave-3.1.10/arm-gcc/bin/../lib/gcc/arm-none-eabi/4.7.4/../../../../arm-none-eabi/lib/armv7e-m\libg.a(lib_a-readr.o)
 .text._read_r  0x08007cc8       0x28 c:/dave-3.1.10/arm-gcc/bin/../lib/gcc/arm-none-eabi/4.7.4/../../../../arm-none-eabi/lib/armv7e-m\libg.a(lib_a-readr.o)
                0x08007cc8                _read_r
 .text          0x08007cf0        0x0 c:/dave-3.1.10/arm-gcc/bin/../lib/gcc/arm-none-eabi/4.7.4/../../../../arm-none-eabi/lib/armv7e-m\libg.a(lib_a-reallocr.o)
 .text._realloc_r
                0x08007cf0      0x3dc c:/dave-3.1.10/arm-gcc/bin/../lib/gcc/arm-none-eabi/4.7.4/../../../../arm-none-eabi/lib/armv7e-m\libg.a(lib_a-reallocr.o)
                0x08007cf0                _realloc_r
 .text          0x080080cc        0x0 c:/dave-3.1.10/arm-gcc/bin/../lib/gcc/arm-none-eabi/4.7.4/../../../../arm-none-eabi/lib/armv7e-m\libg.a(lib_a-reent.o)
 .text.cleanup_glue
                0x080080cc       0x1c c:/dave-3.1.10/arm-gcc/bin/../lib/gcc/arm-none-eabi/4.7.4/../../../../arm-none-eabi/lib/armv7e-m\libg.a(lib_a-reent.o)
                0x080080cc                cleanup_glue
 .text._reclaim_reent
                0x080080e8       0x8c c:/dave-3.1.10/arm-gcc/bin/../lib/gcc/arm-none-eabi/4.7.4/../../../../arm-none-eabi/lib/armv7e-m\libg.a(lib_a-reent.o)
                0x080080e8                _reclaim_reent
 .text._wrapup_reent
                0x08008174       0x74 c:/dave-3.1.10/arm-gcc/bin/../lib/gcc/arm-none-eabi/4.7.4/../../../../arm-none-eabi/lib/armv7e-m\libg.a(lib_a-reent.o)
                0x08008174                _wrapup_reent
 .text          0x080081e8        0x0 c:/dave-3.1.10/arm-gcc/bin/../lib/gcc/arm-none-eabi/4.7.4/../../../../arm-none-eabi/lib/armv7e-m\libg.a(lib_a-wsetup.o)
 .text.__swsetup_r
                0x080081e8       0xc4 c:/dave-3.1.10/arm-gcc/bin/../lib/gcc/arm-none-eabi/4.7.4/../../../../arm-none-eabi/lib/armv7e-m\libg.a(lib_a-wsetup.o)
                0x080081e8                __swsetup_r
 .text          0x080082ac        0x0 c:/dave-3.1.10/arm-gcc/bin/../lib/gcc/arm-none-eabi/4.7.4/../../../../arm-none-eabi/lib/armv7e-m\libg.a(lib_a-fstatr.o)
 .text._fstat_r
                0x080082ac       0x28 c:/dave-3.1.10/arm-gcc/bin/../lib/gcc/arm-none-eabi/4.7.4/../../../../arm-none-eabi/lib/armv7e-m\libg.a(lib_a-fstatr.o)
                0x080082ac                _fstat_r
 .text          0x080082d4        0x0 c:/dave-3.1.10/arm-gcc/bin/../lib/gcc/arm-none-eabi/4.7.4/../../../../arm-none-eabi/lib/armv7e-m\libg.a(lib_a-isattyr.o)
 .text._isatty_r
                0x080082d4       0x24 c:/dave-3.1.10/arm-gcc/bin/../lib/gcc/arm-none-eabi/4.7.4/../../../../arm-none-eabi/lib/armv7e-m\libg.a(lib_a-isattyr.o)
                0x080082d4                _isatty_r
 *(.glue*)
 .glue_7        0x00000000        0x0 linker stubs
 .glue_7t       0x00000000        0x0 linker stubs
 *(.v4*)
 .v4_bx         0x00000000        0x0 linker stubs
 *(.vfp11_veneer)
 .vfp11_veneer  0x00000000        0x0 linker stubs
 *(.init)
                0x080082f8                __preinit_array_start = .
 *(.preinit_array)
                0x080082f8                __preinit_array_end = .
                0x080082f8                __init_array_start = .
 *(SORT(.init_array.*))
 *(.init_array)
                0x080082f8                __init_array_end = .
 *crtbegin.o(.ctors)
 *(EXCLUDE_FILE(*crtend.o) .ctors)
 *(SORT(.ctors.*))
 *crtend.o(.ctors)
 *(.fini)
                0x080082f8                __fini_array_start = .
 *(.fini_array)
 *(SORT(.fini_array.*))
                0x080082f8                __fini_array_end = .
 *crtbegin.o(.dtors)
 *(EXCLUDE_FILE(*crtend.o) .dtors)
 *(SORT(.dtors.*))
 *crtend.o(.dtors)
                0x080082f8                __extab_start = .
 *(.ARM.extab* .gnu.linkonce.armextab.*)
 .ARM.extab.Xmc4500.reset
                0x080082f8        0x0 Startup/startup_XMC4500.o
 .ARM.extab.Xmc4500.postreset
                0x080082f8        0x0 Startup/startup_XMC4500.o
                0x080082f8                . = ALIGN (0x4)
                0x080082f8                __extab_end = ABSOLUTE (.)

.iplt           0x080082f8        0x0 load address 0x0c0082f8
 .iplt          0x00000000        0x0 src-gen/room/basic/service/timing/ATimingService.o

.ARM.exidx      0x080082f8       0x10 load address 0x0c0082f8
                0x080082f8                __exidx_start = .
 *(.ARM.exidx* .gnu.linkonce.armexidx.*)
 .ARM.exidx.Xmc4500.reset
                0x080082f8        0x8 Startup/startup_XMC4500.o
 .ARM.exidx.Xmc4500.postreset
                0x08008300        0x8 Startup/startup_XMC4500.o
                0x08008308                . = ALIGN (0x4)
                0x08008308                __exidx_end = ABSOLUTE (.)

.rodata         0x08008308      0x298 load address 0x0c008308
 *(.rodata .rodata.*)
 .rodata        0x08008308      0x14c src-gen/HexagonCANDemo/nodeRef1_main.o
 .rodata        0x08008454       0x58 src-gen/HexagonCANDemo/nodeRef1_main_Runner.o
 .rodata        0x080084ac       0x10 Dave/Generated/src/CAN001/CAN001_Conf.o
                0x080084ac                CAN001_Handle0
 .rodata        0x080084bc       0x94 C:\data\workspaces\github\de.protos.demos\src\HexagonCANDemo\etrice.runtime.c\Debug\libHexagonCANDemo.etrice.runtime.c.a(etMessageService.o)
 .rodata        0x08008550       0x44 C:\data\workspaces\github\de.protos.demos\src\HexagonCANDemo\etrice.runtime.c\Debug\libHexagonCANDemo.etrice.runtime.c.a(etSystemProtocol.o)
 .rodata.str1.4
                0x08008594        0x2 c:/dave-3.1.10/arm-gcc/bin/../lib/gcc/arm-none-eabi/4.7.4/../../../../arm-none-eabi/lib/armv7e-m\libg.a(lib_a-impure.o)
                                  0x4 (size before relaxing)
 *fill*         0x08008596        0x2 00
 .rodata._global_impure_ptr
                0x08008598        0x4 c:/dave-3.1.10/arm-gcc/bin/../lib/gcc/arm-none-eabi/4.7.4/../../../../arm-none-eabi/lib/armv7e-m\libg.a(lib_a-impure.o)
                0x08008598                _global_impure_ptr
 .rodata.str1.4
                0x0800859c        0x4 c:/dave-3.1.10/arm-gcc/bin/../lib/gcc/arm-none-eabi/4.7.4/../../../../arm-none-eabi/lib/armv7e-m\libg.a(lib_a-puts.o)
 *(.gnu.linkonce.r*)

.rel.dyn        0x080085a0        0x0 load address 0x0c0085a0
 .rel.iplt      0x00000000        0x0 src-gen/room/basic/service/timing/ATimingService.o
                0x080085a0                . = ALIGN (0x10)
                0x0c0085a0                eROData = (. | 0x4000000)

Stack           0x10000000      0x800
                0x10000800                . = (. + stack_size)
 *fill*         0x10000000      0x800 00
                0x10000800                __Xmc4500_stack = .

.data3          0x10000800        0x0
                0x10000800                __data3_start = .
 *(.data3)
                0x10000800                __data3_end = .
                0x00000000                __data3_size = (__data3_end - __data3_start)

.data           0x20000000      0xab4 load address 0x0c0085a0
                0x20000000                __Xmc4500_sData = .
 *(.data)
 .data          0x20000000        0x0 src-gen/room/basic/service/timing/ATimingService.o
 .data          0x20000000        0x0 src-gen/room/basic/service/timing/PTimer.o
 .data          0x20000000        0x0 src-gen/room/basic/service/can/ACANService.o
 .data          0x20000000        0x0 src-gen/room/basic/service/can/DCANData.o
 .data          0x20000000        0x0 src-gen/room/basic/service/can/PCANRx.o
 .data          0x20000000        0x0 src-gen/room/basic/service/can/PCANTx.o
 .data          0x20000000        0x0 src-gen/HexagonCANDemo/AMrPing.o
 .data          0x20000000        0x0 src-gen/HexagonCANDemo/AMrPong.o
 .data          0x20000000        0x0 src-gen/HexagonCANDemo/Application.o
 .data          0x20000000        0x0 src-gen/HexagonCANDemo/PPingPong.o
 .data          0x20000000      0x184 src-gen/HexagonCANDemo/nodeRef1_main.o
 .data          0x20000184        0x0 src-gen/HexagonCANDemo/nodeRef1_main_Runner.o
 .data          0x20000184        0x0 StartDaveTimer.o
 .data          0x20000184        0x0 pclCANService.o
 .data          0x20000184        0x0 Startup/startup_XMC4500.o
 .data          0x20000184        0x4 Startup/system_XMC4500.o
                0x20000184                SystemCoreClock
 .data          0x20000188        0x0 Lib/System_LibcStubs.o
 .data          0x20000188        0x0 Dave/Generated/src/SYSTM001/SYSTM001.o
 .data          0x20000188        0x0 Dave/Generated/src/RESET001/RESET001.o
 .data          0x20000188        0x0 Dave/Generated/src/LIBS/CCU8PWMLIB.o
 .data          0x20000188        0x0 Dave/Generated/src/LIBS/MOTORLIB.o
 .data          0x20000188        0x0 Dave/Generated/src/DAVESupport/DAVE3.o
 .data          0x20000188        0x0 Dave/Generated/src/DAVESupport/MULTIPLEXER.o
 .data          0x20000188        0x0 Dave/Generated/src/CLK001/CLK001.o
 .data          0x20000188        0x0 Dave/Generated/src/CANGLOBAL/CANGLOBAL.o
 .data          0x20000188        0x0 Dave/Generated/src/CAN001/CAN001.o
 .data          0x20000188       0xf0 Dave/Generated/src/CAN001/CAN001_Conf.o
                0x20000188                CAN001_MessageHandle0_1
                0x200001a0                CAN001_MessageHandle0_2
                0x200001b8                CAN001_MessageHandle0_3
                0x200001d0                CAN001_MessageHandle0_4
                0x200001e8                CAN001_MessageHandle0_5
                0x20000200                CAN001_MessageHandle0_6
                0x20000218                CAN001_MessageHandle0_7
                0x20000230                CAN001_MessageHandle0_8
                0x20000248                CAN001_MessageHandle0_9
                0x20000260                CAN001_MessageHandle0_10
 .data          0x20000278        0x0 C:\data\workspaces\github\de.protos.demos\src\HexagonCANDemo\etrice.runtime.c\Debug\libHexagonCANDemo.etrice.runtime.c.a(etLogger.o)
 .data          0x20000278        0x0 C:\data\workspaces\github\de.protos.demos\src\HexagonCANDemo\etrice.runtime.c\Debug\libHexagonCANDemo.etrice.runtime.c.a(etPlatformLifecycle.o)
 .data          0x20000278        0x0 C:\data\workspaces\github\de.protos.demos\src\HexagonCANDemo\etrice.runtime.c\Debug\libHexagonCANDemo.etrice.runtime.c.a(etSema.o)
 .data          0x20000278        0x0 C:\data\workspaces\github\de.protos.demos\src\HexagonCANDemo\etrice.runtime.c\Debug\libHexagonCANDemo.etrice.runtime.c.a(etThread.o)
 .data          0x20000278        0x0 C:\data\workspaces\github\de.protos.demos\src\HexagonCANDemo\etrice.runtime.c\Debug\libHexagonCANDemo.etrice.runtime.c.a(etTime.o)
 .data          0x20000278        0x0 C:\data\workspaces\github\de.protos.demos\src\HexagonCANDemo\etrice.runtime.c\Debug\libHexagonCANDemo.etrice.runtime.c.a(etTimer.o)
 .data          0x20000278        0x0 C:\data\workspaces\github\de.protos.demos\src\HexagonCANDemo\etrice.runtime.c\Debug\libHexagonCANDemo.etrice.runtime.c.a(etRuntime.o)
 .data          0x20000278        0x0 C:\data\workspaces\github\de.protos.demos\src\HexagonCANDemo\etrice.runtime.c\Debug\libHexagonCANDemo.etrice.runtime.c.a(etActor.o)
 .data          0x20000278        0x0 C:\data\workspaces\github\de.protos.demos\src\HexagonCANDemo\etrice.runtime.c\Debug\libHexagonCANDemo.etrice.runtime.c.a(etPort.o)
 .data          0x20000278        0x0 C:\data\workspaces\github\de.protos.demos\src\HexagonCANDemo\etrice.runtime.c\Debug\libHexagonCANDemo.etrice.runtime.c.a(etMessageService.o)
 .data          0x20000278        0x0 C:\data\workspaces\github\de.protos.demos\src\HexagonCANDemo\etrice.runtime.c\Debug\libHexagonCANDemo.etrice.runtime.c.a(etSystemProtocol.o)
 .data          0x20000278        0x0 C:\data\workspaces\github\de.protos.demos\src\HexagonCANDemo\etrice.runtime.c\Debug\libHexagonCANDemo.etrice.runtime.c.a(etMutex.o)
 .data          0x20000278        0x0 C:\data\workspaces\github\de.protos.demos\src\HexagonCANDemo\etrice.runtime.c\Debug\libHexagonCANDemo.etrice.runtime.c.a(etMessageQueue.o)
 .data          0x20000278        0x0 c:/dave-3.1.10/arm-gcc/bin/../lib/gcc/arm-none-eabi/4.7.4/../../../../arm-none-eabi/lib/armv7e-m\libg.a(lib_a-fflush.o)
 .data          0x20000278        0x0 c:/dave-3.1.10/arm-gcc/bin/../lib/gcc/arm-none-eabi/4.7.4/../../../../arm-none-eabi/lib/armv7e-m\libg.a(lib_a-fgets.o)
 .data          0x20000278        0x0 c:/dave-3.1.10/arm-gcc/bin/../lib/gcc/arm-none-eabi/4.7.4/../../../../arm-none-eabi/lib/armv7e-m\libg.a(lib_a-findfp.o)
 .data          0x20000278        0x0 c:/dave-3.1.10/arm-gcc/bin/../lib/gcc/arm-none-eabi/4.7.4/../../../../arm-none-eabi/lib/armv7e-m\libg.a(lib_a-freer.o)
 .data          0x20000278        0x0 c:/dave-3.1.10/arm-gcc/bin/../lib/gcc/arm-none-eabi/4.7.4/../../../../arm-none-eabi/lib/armv7e-m\libg.a(lib_a-fwalk.o)
 .data          0x20000278        0x0 c:/dave-3.1.10/arm-gcc/bin/../lib/gcc/arm-none-eabi/4.7.4/../../../../arm-none-eabi/lib/armv7e-m\libg.a(lib_a-impure.o)
 .data          0x20000278        0x0 c:/dave-3.1.10/arm-gcc/bin/../lib/gcc/arm-none-eabi/4.7.4/../../../../arm-none-eabi/lib/armv7e-m\libg.a(lib_a-init.o)
 .data          0x20000278        0x0 c:/dave-3.1.10/arm-gcc/bin/../lib/gcc/arm-none-eabi/4.7.4/../../../../arm-none-eabi/lib/armv7e-m\libg.a(lib_a-mallocr.o)
 .data          0x20000278        0x0 c:/dave-3.1.10/arm-gcc/bin/../lib/gcc/arm-none-eabi/4.7.4/../../../../arm-none-eabi/lib/armv7e-m\libg.a(lib_a-memchr.o)
 .data          0x20000278        0x0 c:/dave-3.1.10/arm-gcc/bin/../lib/gcc/arm-none-eabi/4.7.4/../../../../arm-none-eabi/lib/armv7e-m\libg.a(lib_a-memcpy.o)
 .data          0x20000278        0x0 c:/dave-3.1.10/arm-gcc/bin/../lib/gcc/arm-none-eabi/4.7.4/../../../../arm-none-eabi/lib/armv7e-m\libg.a(lib_a-memset.o)
 .data          0x20000278        0x0 c:/dave-3.1.10/arm-gcc/bin/../lib/gcc/arm-none-eabi/4.7.4/../../../../arm-none-eabi/lib/armv7e-m\libg.a(lib_a-mlock.o)
 .data          0x20000278        0x0 c:/dave-3.1.10/arm-gcc/bin/../lib/gcc/arm-none-eabi/4.7.4/../../../../arm-none-eabi/lib/armv7e-m\libg.a(lib_a-puts.o)
 .data          0x20000278        0x0 c:/dave-3.1.10/arm-gcc/bin/../lib/gcc/arm-none-eabi/4.7.4/../../../../arm-none-eabi/lib/armv7e-m\libg.a(lib_a-refill.o)
 .data          0x20000278        0x0 c:/dave-3.1.10/arm-gcc/bin/../lib/gcc/arm-none-eabi/4.7.4/../../../../arm-none-eabi/lib/armv7e-m\libg.a(lib_a-sbrkr.o)
 .data          0x20000278        0x0 c:/dave-3.1.10/arm-gcc/bin/../lib/gcc/arm-none-eabi/4.7.4/../../../../arm-none-eabi/lib/armv7e-m\libg.a(lib_a-stdio.o)
 .data          0x20000278        0x0 c:/dave-3.1.10/arm-gcc/bin/../lib/gcc/arm-none-eabi/4.7.4/../../../../arm-none-eabi/lib/armv7e-m\libg.a(lib_a-strcmp.o)
 .data          0x20000278        0x0 c:/dave-3.1.10/arm-gcc/bin/../lib/gcc/arm-none-eabi/4.7.4/../../../../arm-none-eabi/lib/armv7e-m\libg.a(lib_a-strlen.o)
 .data          0x20000278        0x0 c:/dave-3.1.10/arm-gcc/bin/../lib/gcc/arm-none-eabi/4.7.4/../../../../arm-none-eabi/lib/armv7e-m\libg.a(lib_a-strncmp.o)
 .data          0x20000278        0x0 c:/dave-3.1.10/arm-gcc/bin/../lib/gcc/arm-none-eabi/4.7.4/../../../../arm-none-eabi/lib/armv7e-m\libg.a(lib_a-writer.o)
 .data          0x20000278        0x0 c:/dave-3.1.10/arm-gcc/bin/../lib/gcc/arm-none-eabi/4.7.4/../../../../arm-none-eabi/lib/armv7e-m\libg.a(lib_a-closer.o)
 .data          0x20000278        0x0 c:/dave-3.1.10/arm-gcc/bin/../lib/gcc/arm-none-eabi/4.7.4/../../../../arm-none-eabi/lib/armv7e-m\libg.a(lib_a-fclose.o)
 .data          0x20000278        0x0 c:/dave-3.1.10/arm-gcc/bin/../lib/gcc/arm-none-eabi/4.7.4/../../../../arm-none-eabi/lib/armv7e-m\libg.a(lib_a-fvwrite.o)
 .data          0x20000278        0x0 c:/dave-3.1.10/arm-gcc/bin/../lib/gcc/arm-none-eabi/4.7.4/../../../../arm-none-eabi/lib/armv7e-m\libg.a(lib_a-lseekr.o)
 .data          0x20000278        0x0 c:/dave-3.1.10/arm-gcc/bin/../lib/gcc/arm-none-eabi/4.7.4/../../../../arm-none-eabi/lib/armv7e-m\libg.a(lib_a-makebuf.o)
 .data          0x20000278        0x0 c:/dave-3.1.10/arm-gcc/bin/../lib/gcc/arm-none-eabi/4.7.4/../../../../arm-none-eabi/lib/armv7e-m\libg.a(lib_a-memmove.o)
 .data          0x20000278        0x0 c:/dave-3.1.10/arm-gcc/bin/../lib/gcc/arm-none-eabi/4.7.4/../../../../arm-none-eabi/lib/armv7e-m\libg.a(lib_a-readr.o)