Archive member included because of file (symbol)

C:\data\workspaces\github\de.protos.demos\src\HexagonCANDemo\etrice.runtime.c\Debug\libHexagonCANDemo.etrice.runtime.c.a(etLogger.o)
                              src-gen/HexagonCANDemo/nodeRef1_main_Runner.o (etLogger_logInfo)
C:\data\workspaces\github\de.protos.demos\src\HexagonCANDemo\etrice.runtime.c\Debug\libHexagonCANDemo.etrice.runtime.c.a(etPlatformLifecycle.o)
                              src-gen/HexagonCANDemo/nodeRef1_main_Runner.o (etUserEntry)
C:\data\workspaces\github\de.protos.demos\src\HexagonCANDemo\etrice.runtime.c\Debug\libHexagonCANDemo.etrice.runtime.c.a(etSema.o)
                              src-gen/HexagonCANDemo/nodeRef1_main.o (etSema_waitForWakeup)
C:\data\workspaces\github\de.protos.demos\src\HexagonCANDemo\etrice.runtime.c\Debug\libHexagonCANDemo.etrice.runtime.c.a(etThread.o)
                              C:\data\workspaces\github\de.protos.demos\src\HexagonCANDemo\etrice.runtime.c\Debug\libHexagonCANDemo.etrice.runtime.c.a(etPlatformLifecycle.o) (noThread)
C:\data\workspaces\github\de.protos.demos\src\HexagonCANDemo\etrice.runtime.c\Debug\libHexagonCANDemo.etrice.runtime.c.a(etTime.o)
                              src-gen/room/basic/service/timing/ATimingService.o (getTimeFromTarget)
C:\data\workspaces\github\de.protos.demos\src\HexagonCANDemo\etrice.runtime.c\Debug\libHexagonCANDemo.etrice.runtime.c.a(etTimer.o)
                              C:\data\workspaces\github\de.protos.demos\src\HexagonCANDemo\etrice.runtime.c\Debug\libHexagonCANDemo.etrice.runtime.c.a(etSema.o) (singleThreadedTimer)
C:\data\workspaces\github\de.protos.demos\src\HexagonCANDemo\etrice.runtime.c\Debug\libHexagonCANDemo.etrice.runtime.c.a(etRuntime.o)
                              src-gen/HexagonCANDemo/nodeRef1_main.o (etRuntime_getTerminateSemaphore)
C:\data\workspaces\github\de.protos.demos\src\HexagonCANDemo\etrice.runtime.c\Debug\libHexagonCANDemo.etrice.runtime.c.a(etActor.o)
                              src-gen/room/basic/service/timing/ATimingService.o (handleSystemEvent)
C:\data\workspaces\github\de.protos.demos\src\HexagonCANDemo\etrice.runtime.c\Debug\libHexagonCANDemo.etrice.runtime.c.a(etPort.o)
                              src-gen/room/basic/service/timing/PTimer.o (etPort_sendMessage)
C:\data\workspaces\github\de.protos.demos\src\HexagonCANDemo\etrice.runtime.c\Debug\libHexagonCANDemo.etrice.runtime.c.a(etMessageService.o)
                              src-gen/HexagonCANDemo/nodeRef1_main.o (etMessageService_init)
C:\data\workspaces\github\de.protos.demos\src\HexagonCANDemo\etrice.runtime.c\Debug\libHexagonCANDemo.etrice.runtime.c.a(etSystemProtocol.o)
                              C:\data\workspaces\github\de.protos.demos\src\HexagonCANDemo\etrice.runtime.c\Debug\libHexagonCANDemo.etrice.runtime.c.a(etMessageService.o) (etSystemProtocolConjPort_poll)
C:\data\workspaces\github\de.protos.demos\src\HexagonCANDemo\etrice.runtime.c\Debug\libHexagonCANDemo.etrice.runtime.c.a(etMutex.o)
                              C:\data\workspaces\github\de.protos.demos\src\HexagonCANDemo\etrice.runtime.c\Debug\libHexagonCANDemo.etrice.runtime.c.a(etMessageService.o) (etMutex_construct)
C:\data\workspaces\github\de.protos.demos\src\HexagonCANDemo\etrice.runtime.c\Debug\libHexagonCANDemo.etrice.runtime.c.a(etMessageQueue.o)
                              C:\data\workspaces\github\de.protos.demos\src\HexagonCANDemo\etrice.runtime.c\Debug\libHexagonCANDemo.etrice.runtime.c.a(etMessageService.o) (etMessageQueue_init)
c:/dave-3.1.10/arm-gcc/bin/../lib/gcc/arm-none-eabi/4.7.4/../../../../arm-none-eabi/lib/armv7e-m\libg.a(lib_a-fflush.o)
                              src-gen/HexagonCANDemo/nodeRef1_main.o (fflush)
c:/dave-3.1.10/arm-gcc/bin/../lib/gcc/arm-none-eabi/4.7.4/../../../../arm-none-eabi/lib/armv7e-m\libg.a(lib_a-fgets.o)
                              src-gen/HexagonCANDemo/nodeRef1_main.o (fgets)
c:/dave-3.1.10/arm-gcc/bin/../lib/gcc/arm-none-eabi/4.7.4/../../../../arm-none-eabi/lib/armv7e-m\libg.a(lib_a-findfp.o)
                              c:/dave-3.1.10/arm-gcc/bin/../lib/gcc/arm-none-eabi/4.7.4/../../../../arm-none-eabi/lib/armv7e-m\libg.a(lib_a-fflush.o) (__sinit)
c:/dave-3.1.10/arm-gcc/bin/../lib/gcc/arm-none-eabi/4.7.4/../../../../arm-none-eabi/lib/armv7e-m\libg.a(lib_a-freer.o)
                              c:/dave-3.1.10/arm-gcc/bin/../lib/gcc/arm-none-eabi/4.7.4/../../../../arm-none-eabi/lib/armv7e-m\libg.a(lib_a-fflush.o) (_free_r)
c:/dave-3.1.10/arm-gcc/bin/../lib/gcc/arm-none-eabi/4.7.4/../../../../arm-none-eabi/lib/armv7e-m\libg.a(lib_a-fwalk.o)
                              c:/dave-3.1.10/arm-gcc/bin/../lib/gcc/arm-none-eabi/4.7.4/../../../../arm-none-eabi/lib/armv7e-m\libg.a(lib_a-findfp.o) (_fwalk)
c:/dave-3.1.10/arm-gcc/bin/../lib/gcc/arm-none-eabi/4.7.4/../../../../arm-none-eabi/lib/armv7e-m\libg.a(lib_a-impure.o)
[...]
Memory Configuration

Name             Origin             Length             Attributes
FLASH_1_cached   0x08000000         0x00100000         xr
FLASH_1_uncached 0x0c000000         0x00100000         xr
PSRAM_1          0x10000000         0x00010000         !xr
DSRAM_1_system   0x20000000         0x00010000         !xr
DSRAM_2_comm     0x30000000         0x00008000         !xr
*default*        0x00000000         0xffffffff

Linker script and memory map

LOAD src-gen/room/basic/service/timing/ATimingService.o
LOAD src-gen/room/basic/service/timing/PTimer.o
LOAD src-gen/room/basic/service/can/ACANService.o
LOAD src-gen/room/basic/service/can/DCANData.o
LOAD src-gen/room/basic/service/can/PCANRx.o
LOAD src-gen/room/basic/service/can/PCANTx.o
LOAD src-gen/HexagonCANDemo/AMrPing.o
LOAD src-gen/HexagonCANDemo/AMrPong.o
LOAD src-gen/HexagonCANDemo/Application.o
LOAD src-gen/HexagonCANDemo/PPingPong.o
LOAD src-gen/HexagonCANDemo/nodeRef1_main.o
LOAD src-gen/HexagonCANDemo/nodeRef1_main_Runner.o
LOAD StartDaveTimer.o
LOAD pclCANService.o
LOAD Startup/startup_XMC4500.o
LOAD Startup/system_XMC4500.o
LOAD Lib/System_LibcStubs.o
LOAD Dave/Generated/src/SYSTM001/SYSTM001.o
LOAD Dave/Generated/src/RESET001/RESET001.o
LOAD Dave/Generated/src/LIBS/CCU8PWMLIB.o
LOAD Dave/Generated/src/LIBS/MOTORLIB.o
LOAD Dave/Generated/src/DAVESupport/DAVE3.o
LOAD Dave/Generated/src/DAVESupport/MULTIPLEXER.o
LOAD Dave/Generated/src/CLK001/CLK001.o
LOAD Dave/Generated/src/CANGLOBAL/CANGLOBAL.o
LOAD Dave/Generated/src/CAN001/CAN001.o
LOAD Dave/Generated/src/CAN001/CAN001_Conf.o
LOAD C:\data\workspaces\github\de.protos.demos\src\HexagonCANDemo\etrice.runtime.c\Debug\libHexagonCANDemo.etrice.runtime.c.a
START GROUP
LOAD c:/dave-3.1.10/arm-gcc/bin/../lib/gcc/arm-none-eabi/4.7.4/armv7e-m\libgcc.a
LOAD c:/dave-3.1.10/arm-gcc/bin/../lib/gcc/arm-none-eabi/4.7.4/../../../../arm-none-eabi/lib/armv7e-m\libg.a
LOAD c:/dave-3.1.10/arm-gcc/bin/../lib/gcc/arm-none-eabi/4.7.4/../../../../arm-none-eabi/lib/armv7e-m\libc.a
END GROUP
                0x00000800                stack_size = 0x800

.text           0x08000000     0x82a8 load address 0x0c000000
                0x08000000                sText = .
 *(.Xmc4500.reset)
 .Xmc4500.reset
                0x08000000      0x21c Startup/startup_XMC4500.o
                0x08000000                __Xmc4500_interrupt_vector_cortex_m
                0x08000200                __Xmc4500_reset_cortex_m
 *(.Xmc4500.postreset)
 .Xmc4500.postreset
                0x0800021c       0xa8 Startup/startup_XMC4500.o
 *(.XmcStartup)
 .XmcStartup    0x080002c4        0x4 Startup/startup_XMC4500.o
 *(.text .text.* .gnu.linkonce.t.*)
 .text          0x080002c8        0x0 src-gen/room/basic/service/timing/ATimingService.o
 .text.setState
                0x080002c8       0x1c src-gen/room/basic/service/timing/ATimingService.o
 .text.getState
                0x080002e4       0x1c src-gen/room/basic/service/timing/ATimingService.o
 .text.entry_Operational
                0x08000300       0x14 src-gen/room/basic/service/timing/ATimingService.o
 .text.do_Operational
                0x08000314       0xbc src-gen/room/basic/service/timing/ATimingService.o
 .text.action_TRANS_INITIAL_TO__Operational
                0x080003d0       0x94 src-gen/room/basic/service/timing/ATimingService.o
 .text.action_TRANS_tr1_FROM_Operational_TO_Operational_BY_startTimeouttimer_tr1
                0x08000464       0x9c src-gen/room/basic/service/timing/ATimingService.o
 .text.action_TRANS_tr3_FROM_Operational_TO_Operational_BY_startTimertimer_tr3
                0x08000500       0x9c src-gen/room/basic/service/timing/ATimingService.o
 .text.action_TRANS_tr4_FROM_Operational_TO_Operational_BY_killtimer_tr4
                0x0800059c       0x20 src-gen/room/basic/service/timing/ATimingService.o
 .text.exitTo   0x080005bc       0x44 src-gen/room/basic/service/timing/ATimingService.o
 .text.executeTransitionChain
                0x08000600       0x88 src-gen/room/basic/service/timing/ATimingService.o
 .text.enterHistory
                0x08000688       0x68 src-gen/room/basic/service/timing/ATimingService.o
 .text.ATimingService_executeInitTransition
                0x080006f0       0x48 src-gen/room/basic/service/timing/ATimingService.o
 .text.ATimingService_receiveEvent
                0x08000738      0x104 src-gen/room/basic/service/timing/ATimingService.o
 .text.ATimingService_init
                0x0800083c       0x44 src-gen/room/basic/service/timing/ATimingService.o
                0x0800083c                ATimingService_init
 .text.ATimingService_receiveMessage
                0x08000880       0x28 src-gen/room/basic/service/timing/ATimingService.o
                0x08000880                ATimingService_receiveMessage
 .text.ATimingService_execute
                0x080008a8       0x24 src-gen/room/basic/service/timing/ATimingService.o
                0x080008a8                ATimingService_execute
 .text.ATimingService_getTcb
                0x080008cc       0x50 src-gen/room/basic/service/timing/ATimingService.o
                0x080008cc                ATimingService_getTcb
 .text.ATimingService_returnTcb
                0x0800091c       0x30 src-gen/room/basic/service/timing/ATimingService.o
                0x0800091c                ATimingService_returnTcb
 .text.ATimingService_removeTcbFromUsedList
                0x0800094c       0x9c src-gen/room/basic/service/timing/ATimingService.o
                0x0800094c                ATimingService_removeTcbFromUsedList
 .text.ATimingService_putTcbToUsedList
                0x080009e8       0xa8 src-gen/room/basic/service/timing/ATimingService.o
                0x080009e8                ATimingService_putTcbToUsedList
 .text.ATimingService_isTimeGreater
                0x08000a90       0x54 src-gen/room/basic/service/timing/ATimingService.o
                0x08000a90                ATimingService_isTimeGreater
 .text.ATimingService_addTime
                0x08000ae4       0x64 src-gen/room/basic/service/timing/ATimingService.o
                0x08000ae4                ATimingService_addTime
 .text          0x08000b48        0x0 src-gen/room/basic/service/timing/PTimer.o
 .text.PTimerPort_timeout
                0x08000b48       0x24 src-gen/room/basic/service/timing/PTimer.o
                0x08000b48                PTimerPort_timeout
 .text.PTimerReplPort_timeout_broadcast
                0x08000b6c       0x4c src-gen/room/basic/service/timing/PTimer.o
                0x08000b6c                PTimerReplPort_timeout_broadcast
 .text.PTimerReplPort_timeout
                0x08000bb8       0x44 src-gen/room/basic/service/timing/PTimer.o
                0x08000bb8                PTimerReplPort_timeout
 .text.PTimerReplPort_getReplication
                0x08000bfc       0x1c src-gen/room/basic/service/timing/PTimer.o
                0x08000bfc                PTimerReplPort_getReplication
 .text.PTimerConjPort_startTimer
                0x08000c18       0x38 src-gen/room/basic/service/timing/PTimer.o
                0x08000c18                PTimerConjPort_startTimer
 .text.PTimerConjReplPort_startTimer_broadcast
                0x08000c50       0x44 src-gen/room/basic/service/timing/PTimer.o
                0x08000c50                PTimerConjReplPort_startTimer_broadcast
 .text.PTimerConjReplPort_startTimer
                0x08000c94       0x28 src-gen/room/basic/service/timing/PTimer.o
                0x08000c94                PTimerConjReplPort_startTimer
 .text.PTimerConjPort_startTimeout
                0x08000cbc       0x38 src-gen/room/basic/service/timing/PTimer.o
                0x08000cbc                PTimerConjPort_startTimeout
 .text.PTimerConjReplPort_startTimeout_broadcast
                0x08000cf4       0x44 src-gen/room/basic/service/timing/PTimer.o
                0x08000cf4                PTimerConjReplPort_startTimeout_broadcast
 .text.PTimerConjReplPort_startTimeout
                0x08000d38       0x28 src-gen/room/basic/service/timing/PTimer.o
                0x08000d38                PTimerConjReplPort_startTimeout
 .text.PTimerConjPort_kill
                0x08000d60       0x38 src-gen/room/basic/service/timing/PTimer.o
                0x08000d60                PTimerConjPort_kill
 .text.PTimerConjReplPort_kill_broadcast
                0x08000d98       0x40 src-gen/room/basic/service/timing/PTimer.o
                0x08000d98                PTimerConjReplPort_kill_broadcast
 .text.PTimerConjReplPort_kill
                0x08000dd8       0x24 src-gen/room/basic/service/timing/PTimer.o
                0x08000dd8                PTimerConjReplPort_kill
 .text.PTimerConjReplPort_getReplication
                0x08000dfc       0x1c src-gen/room/basic/service/timing/PTimer.o
                0x08000dfc                PTimerConjReplPort_getReplication
 .text.PTimerConjPort_timeout_receiveHandler
                0x08000e18       0x40 src-gen/room/basic/service/timing/PTimer.o
                0x08000e18                PTimerConjPort_timeout_receiveHandler
 .text          0x08000e58        0x0 src-gen/room/basic/service/can/ACANService.o
 .text.setState
                0x08000e58       0x20 src-gen/room/basic/service/can/ACANService.o
 .text.getState
                0x08000e78       0x1c src-gen/room/basic/service/can/ACANService.o
 .text.action_TRANS_INITIAL_TO__Operational
                0x08000e94       0x28 src-gen/room/basic/service/can/ACANService.o
 .text.action_TRANS_tr0_FROM_Operational_TO_Operational_BY_sendMsgcanTx_tr0
                0x08000ebc       0x30 src-gen/room/basic/service/can/ACANService.o
 .text.action_TRANS_tr1_FROM_Operational_TO_Operational_BY_initcanTx_tr1
                0x08000eec       0x30 src-gen/room/basic/service/can/ACANService.o
 .text.action_TRANS_tr2_FROM_Operational_TO_Operational_BY_initcanRx_tr2
                0x08000f1c       0x2c src-gen/room/basic/service/can/ACANService.o
 .text.action_TRANS_tr3_FROM_Operational_TO_Operational_BY_timeouttimer_tr3
                0x08000f48       0x18 src-gen/room/basic/service/can/ACANService.o
 .text.action_TRANS_tr4_FROM_Operational_TO_Operational_BY_listenOnMsgcanRx_tr4
                0x08000f60       0x2c src-gen/room/basic/service/can/ACANService.o
 .text.exitTo   0x08000f8c       0x44 src-gen/room/basic/service/can/ACANService.o
 .text.executeTransitionChain
                0x08000fd0       0xb8 src-gen/room/basic/service/can/ACANService.o
 .text.enterHistory
                0x08001088       0x60 src-gen/room/basic/service/can/ACANService.o
 .text.ACANService_executeInitTransition
                0x080010e8       0x48 src-gen/room/basic/service/can/ACANService.o
 .text.ACANService_receiveEvent
                0x08001130      0x10c src-gen/room/basic/service/can/ACANService.o
 .text.ACANService_init
                0x0800123c       0x4c src-gen/room/basic/service/can/ACANService.o
                0x0800123c                ACANService_init
 .text.ACANService_receiveMessage
                0x08001288       0x28 src-gen/room/basic/service/can/ACANService.o
                0x08001288                ACANService_receiveMessage
 .text.ACANService_pollAllRxMsgs
                0x080012b0       0x70 src-gen/room/basic/service/can/ACANService.o
                0x080012b0                ACANService_pollAllRxMsgs
 .text          0x08001320        0x0 src-gen/room/basic/service/can/DCANData.o
 .text.DCANData_deepCopy
                0x08001320       0x20 src-gen/room/basic/service/can/DCANData.o
                0x08001320                DCANData_deepCopy
 .text          0x08001340        0x0 src-gen/room/basic/service/can/PCANRx.o
 .text.PCANRxPort_msgReceived
                0x08001340       0x24 src-gen/room/basic/service/can/PCANRx.o
                0x08001340                PCANRxPort_msgReceived
 .text.PCANRxReplPort_msgReceived_broadcast
                0x08001364       0x4c src-gen/room/basic/service/can/PCANRx.o
                0x08001364                PCANRxReplPort_msgReceived_broadcast
 .text.PCANRxReplPort_msgReceived
                0x080013b0       0x44 src-gen/room/basic/service/can/PCANRx.o
                0x080013b0                PCANRxReplPort_msgReceived
 .text.PCANRxReplPort_getReplication
                0x080013f4       0x1c src-gen/room/basic/service/can/PCANRx.o
                0x080013f4                PCANRxReplPort_getReplication
 .text.PCANRxConjPort_init
                0x08001410       0x34 src-gen/room/basic/service/can/PCANRx.o
                0x08001410                PCANRxConjPort_init
 .text.PCANRxConjReplPort_init_broadcast
                0x08001444       0x44 src-gen/room/basic/service/can/PCANRx.o
                0x08001444                PCANRxConjReplPort_init_broadcast
 .text.PCANRxConjReplPort_init
                0x08001488       0x28 src-gen/room/basic/service/can/PCANRx.o
                0x08001488                PCANRxConjReplPort_init
 .text.PCANRxConjPort_readMsg
                0x080014b0       0x24 src-gen/room/basic/service/can/PCANRx.o
                0x080014b0                PCANRxConjPort_readMsg
 .text.PCANRxConjReplPort_readMsg_broadcast
                0x080014d4       0x4c src-gen/room/basic/service/can/PCANRx.o
                0x080014d4                PCANRxConjReplPort_readMsg_broadcast
 .text.PCANRxConjReplPort_readMsg
                0x08001520       0x44 src-gen/room/basic/service/can/PCANRx.o
                0x08001520                PCANRxConjReplPort_readMsg
 .text.PCANRxConjPort_listenOnMsg
                0x08001564       0x24 src-gen/room/basic/service/can/PCANRx.o
                0x08001564                PCANRxConjPort_listenOnMsg
 .text.PCANRxConjReplPort_listenOnMsg_broadcast
                0x08001588       0x4c src-gen/room/basic/service/can/PCANRx.o
                0x08001588                PCANRxConjReplPort_listenOnMsg_broadcast
 .text.PCANRxConjReplPort_listenOnMsg
                0x080015d4       0x44 src-gen/room/basic/service/can/PCANRx.o
                0x080015d4                PCANRxConjReplPort_listenOnMsg
 .text.PCANRxConjPort_transmitRequest
                0x08001618       0x24 src-gen/room/basic/service/can/PCANRx.o
                0x08001618                PCANRxConjPort_transmitRequest
 .text.PCANRxConjReplPort_transmitRequest_broadcast
                0x0800163c       0x4c src-gen/room/basic/service/can/PCANRx.o
                0x0800163c                PCANRxConjReplPort_transmitRequest_broadcast
 .text.PCANRxConjReplPort_transmitRequest
                0x08001688       0x44 src-gen/room/basic/service/can/PCANRx.o
                0x08001688                PCANRxConjReplPort_transmitRequest
 .text.PCANRxConjReplPort_getReplication
                0x080016cc       0x1c src-gen/room/basic/service/can/PCANRx.o
                0x080016cc                PCANRxConjReplPort_getReplication
 .text          0x080016e8        0x0 src-gen/room/basic/service/can/PCANTx.o
 .text.PCANTxPort_valueChanged
                0x080016e8       0x28 src-gen/room/basic/service/can/PCANTx.o
                0x080016e8                PCANTxPort_valueChanged
 .text.PCANTxReplPort_valueChanged_broadcast
                0x08001710       0x50 src-gen/room/basic/service/can/PCANTx.o
                0x08001710                PCANTxReplPort_valueChanged_broadcast
 .text.PCANTxReplPort_valueChanged
                0x08001760       0x48 src-gen/room/basic/service/can/PCANTx.o
                0x08001760                PCANTxReplPort_valueChanged
 .text.PCANTxReplPort_getReplication
                0x080017a8       0x1c src-gen/room/basic/service/can/PCANTx.o
                0x080017a8                PCANTxReplPort_getReplication
 .text.PCANTxConjPort_init
                0x080017c4       0x34 src-gen/room/basic/service/can/PCANTx.o
                0x080017c4                PCANTxConjPort_init
 .text.PCANTxConjReplPort_init_broadcast
                0x080017f8       0x44 src-gen/room/basic/service/can/PCANTx.o
                0x080017f8                PCANTxConjReplPort_init_broadcast
 .text.PCANTxConjReplPort_init
                0x0800183c       0x28 src-gen/room/basic/service/can/PCANTx.o
                0x0800183c                PCANTxConjReplPort_init
 .text.PCANTxConjPort_sendMsg
                0x08001864       0x24 src-gen/room/basic/service/can/PCANTx.o
                0x08001864                PCANTxConjPort_sendMsg
 .text.PCANTxConjReplPort_sendMsg_broadcast
                0x08001888       0x4c src-gen/room/basic/service/can/PCANTx.o
                0x08001888                PCANTxConjReplPort_sendMsg_broadcast
 .text.PCANTxConjReplPort_sendMsg
                0x080018d4       0x44 src-gen/room/basic/service/can/PCANTx.o
                0x080018d4                PCANTxConjReplPort_sendMsg
 .text.PCANTxConjPort_resendMsg
                0x08001918       0x24 src-gen/room/basic/service/can/PCANTx.o
                0x08001918                PCANTxConjPort_resendMsg
 .text.PCANTxConjReplPort_resendMsg_broadcast
                0x0800193c       0x4c src-gen/room/basic/service/can/PCANTx.o
                0x0800193c                PCANTxConjReplPort_resendMsg_broadcast
 .text.PCANTxConjReplPort_resendMsg
                0x08001988       0x44 src-gen/room/basic/service/can/PCANTx.o
                0x08001988                PCANTxConjReplPort_resendMsg
 .text.PCANTxConjReplPort_getReplication
                0x080019cc       0x1c src-gen/room/basic/service/can/PCANTx.o
                0x080019cc                PCANTxConjReplPort_getReplication
 .text          0x080019e8        0x0 src-gen/HexagonCANDemo/AMrPing.o
 .text.setState
                0x080019e8       0x1c src-gen/HexagonCANDemo/AMrPing.o
 .text.getState
                0x08001a04       0x1c src-gen/HexagonCANDemo/AMrPing.o
 .text.action_TRANS_INITIAL_TO__state0
                0x08001a20       0x60 src-gen/HexagonCANDemo/AMrPing.o
 .text.action_TRANS_tr0_FROM_state0_TO_state0_BY_timeouttimer_tr0
                0x08001a80       0x1c src-gen/HexagonCANDemo/AMrPing.o
 .text.action_TRANS_tr1_FROM_state0_TO_state0_BY_pingp0_tr1
                0x08001a9c       0xa8 src-gen/HexagonCANDemo/AMrPing.o
 .text.action_TRANS_tr2_FROM_state0_TO_state0_BY_msgReceivedcanRx_tr2
                0x08001b44       0x24 src-gen/HexagonCANDemo/AMrPing.o
 .text.exitTo   0x08001b68       0x44 src-gen/HexagonCANDemo/AMrPing.o
 .text.executeTransitionChain
                0x08001bac       0x80 src-gen/HexagonCANDemo/AMrPing.o
 .text.enterHistory
                0x08001c2c       0x5c src-gen/HexagonCANDemo/AMrPing.o
 .text.AMrPing_executeInitTransition
                0x08001c88       0x48 src-gen/HexagonCANDemo/AMrPing.o
 .text.AMrPing_receiveEvent
                0x08001cd0       0xdc src-gen/HexagonCANDemo/AMrPing.o
 .text.AMrPing_init
                0x08001dac       0x44 src-gen/HexagonCANDemo/AMrPing.o
                0x08001dac                AMrPing_init
 .text.AMrPing_receiveMessage
                0x08001df0       0x28 src-gen/HexagonCANDemo/AMrPing.o
                0x08001df0                AMrPing_receiveMessage
 .text          0x08001e18        0x0 src-gen/HexagonCANDemo/AMrPong.o
 .text.setState
                0x08001e18       0x1c src-gen/HexagonCANDemo/AMrPong.o
 .text.getState
                0x08001e34       0x1c src-gen/HexagonCANDemo/AMrPong.o
 .text.action_TRANS_tr0_FROM_state0_TO_state0_BY_pongp0_tr0
                0x08001e50       0x1c src-gen/HexagonCANDemo/AMrPong.o
 .text.exitTo   0x08001e6c       0x44 src-gen/HexagonCANDemo/AMrPong.o
 .text.executeTransitionChain
                0x08001eb0       0x40 src-gen/HexagonCANDemo/AMrPong.o
 .text.enterHistory
                0x08001ef0       0x5c src-gen/HexagonCANDemo/AMrPong.o
 .text.AMrPong_executeInitTransition
                0x08001f4c       0x48 src-gen/HexagonCANDemo/AMrPong.o
 .text.AMrPong_receiveEvent
                0x08001f94       0xb8 src-gen/HexagonCANDemo/AMrPong.o
 .text.AMrPong_init
                0x0800204c       0x44 src-gen/HexagonCANDemo/AMrPong.o
                0x0800204c                AMrPong_init
 .text.AMrPong_receiveMessage
                0x08002090       0x28 src-gen/HexagonCANDemo/AMrPong.o
                0x08002090                AMrPong_receiveMessage
 .text          0x080020b8        0x0 src-gen/HexagonCANDemo/Application.o
 .text.Application_init
                0x080020b8       0x14 src-gen/HexagonCANDemo/Application.o
                0x080020b8                Application_init
 .text.Application_receiveMessage
                0x080020cc       0x18 src-gen/HexagonCANDemo/Application.o
                0x080020cc                Application_receiveMessage
 .text          0x080020e4        0x0 src-gen/HexagonCANDemo/PPingPong.o
 .text.PPingPongPort_pong
                0x080020e4       0x24 src-gen/HexagonCANDemo/PPingPong.o
                0x080020e4                PPingPongPort_pong
 .text.PPingPongReplPort_pong_broadcast
                0x08002108       0x4c src-gen/HexagonCANDemo/PPingPong.o
                0x08002108                PPingPongReplPort_pong_broadcast
 .text.PPingPongReplPort_pong
                0x08002154       0x44 src-gen/HexagonCANDemo/PPingPong.o
                0x08002154                PPingPongReplPort_pong
 .text.PPingPongReplPort_getReplication
                0x08002198       0x1c src-gen/HexagonCANDemo/PPingPong.o
                0x08002198                PPingPongReplPort_getReplication
 .text.PPingPongConjPort_ping
                0x080021b4       0x24 src-gen/HexagonCANDemo/PPingPong.o
                0x080021b4                PPingPongConjPort_ping
 .text.PPingPongConjReplPort_ping_broadcast
                0x080021d8       0x4c src-gen/HexagonCANDemo/PPingPong.o
                0x080021d8                PPingPongConjReplPort_ping_broadcast
 .text.PPingPongConjReplPort_ping
                0x08002224       0x44 src-gen/HexagonCANDemo/PPingPong.o
                0x08002224                PPingPongConjReplPort_ping
 .text.PPingPongConjReplPort_getReplication
                0x08002268       0x1c src-gen/HexagonCANDemo/PPingPong.o
                0x08002268                PPingPongConjReplPort_getReplication
 .text          0x08002284        0x0 src-gen/HexagonCANDemo/nodeRef1_main.o
 .text.MsgDispatcher_PhysicalThread1_poll
                0x08002284       0x14 src-gen/HexagonCANDemo/nodeRef1_main.o
 .text.MsgDispatcher_PhysicalThread1_receiveMessage
                0x08002298      0x274 src-gen/HexagonCANDemo/nodeRef1_main.o
 .text.nodeRef1_main_initMessageServices
                0x0800250c       0x64 src-gen/HexagonCANDemo/nodeRef1_main.o
 .text.nodeRef1_main_startMessageServices
                0x08002570       0x14 src-gen/HexagonCANDemo/nodeRef1_main.o
 .text.nodeRef1_main_stopMessageServices
                0x08002584       0x14 src-gen/HexagonCANDemo/nodeRef1_main.o
 .text.nodeRef1_main_destroyMessageServices
                0x08002598       0x14 src-gen/HexagonCANDemo/nodeRef1_main.o
 .text.nodeRef1_main_init
                0x080025ac       0x2c src-gen/HexagonCANDemo/nodeRef1_main.o
                0x080025ac                nodeRef1_main_init
 .text.nodeRef1_main_start
                0x080025d8       0x24 src-gen/HexagonCANDemo/nodeRef1_main.o
                0x080025d8                nodeRef1_main_start
 .text.nodeRef1_main_run
                0x080025fc       0x88 src-gen/HexagonCANDemo/nodeRef1_main.o
                0x080025fc                nodeRef1_main_run
 .text.nodeRef1_main_stop
                0x08002684       0x24 src-gen/HexagonCANDemo/nodeRef1_main.o
                0x08002684                nodeRef1_main_stop
 .text.nodeRef1_main_destroy
                0x080026a8       0x24 src-gen/HexagonCANDemo/nodeRef1_main.o
                0x080026a8                nodeRef1_main_destroy
 .text.nodeRef1_main_shutdown
                0x080026cc       0x2c src-gen/HexagonCANDemo/nodeRef1_main.o
                0x080026cc                nodeRef1_main_shutdown
 .text.nodeRef1_main_constructActorInstances
                0x080026f8        0xc src-gen/HexagonCANDemo/nodeRef1_main.o
 .text.nodeRef1_main_initActorInstances
                0x08002704       0x44 src-gen/HexagonCANDemo/nodeRef1_main.o
 .text          0x08002748        0x0 src-gen/HexagonCANDemo/nodeRef1_main_Runner.o
 .text.main     0x08002748       0xb0 src-gen/HexagonCANDemo/nodeRef1_main_Runner.o
                0x08002748                main
 .text          0x080027f8        0x0 StartDaveTimer.o
 .text.timerCallback
                0x080027f8       0x14 StartDaveTimer.o
                0x080027f8                timerCallback
 .text.StartDaveTimer
                0x0800280c       0x30 StartDaveTimer.o
                0x0800280c                StartDaveTimer
 .text          0x0800283c        0x0 pclCANService.o
 .text.pclCANInitNodes
                0x0800283c        0xc pclCANService.o
                0x0800283c                pclCANInitNodes
 .text.pclCANInitMO
                0x08002848       0x14 pclCANService.o
                0x08002848                pclCANInitMO
 .text.pclCANSendMsg
                0x0800285c       0xe0 pclCANService.o
                0x0800285c                pclCANSendMsg
 .text.pclCANListenOnMsg
                0x0800293c       0x64 pclCANService.o
                0x0800293c                pclCANListenOnMsg
 .text.pclCANCheckReception
                0x080029a0       0xd0 pclCANService.o
                0x080029a0                pclCANCheckReception
 .text          0x08002a70       0xe2 Startup/startup_XMC4500.o
                0x08002a70                NMI_Handler
                0x08002a72                HardFault_Handler
                0x08002a74                MemManage_Handler
                0x08002a76                BusFault_Handler
                0x08002a78                UsageFault_Handler
                0x08002a7a                SVC_Handler
                0x08002a7c                DebugMon_Handler
                0x08002a7e                PendSV_Handler
                0x08002a82                SCU_0_IRQHandler
                0x08002a84                ERU0_0_IRQHandler
                0x08002a86                ERU0_1_IRQHandler
                0x08002a88                ERU0_2_IRQHandler
                0x08002a8a                ERU0_3_IRQHandler
                0x08002a8c                ERU1_0_IRQHandler
                0x08002a8e                ERU1_1_IRQHandler
                0x08002a90                ERU1_2_IRQHandler
                0x08002a92                ERU1_3_IRQHandler
                0x08002a94                PMU0_0_IRQHandler
                0x08002a96                VADC0_C0_0_IRQHandler
                0x08002a98                VADC0_C0_1_IRQHandler
                0x08002a9a                VADC0_C0_2_IRQHandler
                0x08002a9c                VADC0_C0_3_IRQHandler
                0x08002a9e                VADC0_G0_0_IRQHandler
                0x08002aa0                VADC0_G0_1_IRQHandler
                0x08002aa2                VADC0_G0_2_IRQHandler
                0x08002aa4                VADC0_G0_3_IRQHandler
                0x08002aa6                VADC0_G1_0_IRQHandler
                0x08002aa8                VADC0_G1_1_IRQHandler
                0x08002aaa                VADC0_G1_2_IRQHandler
                0x08002aac                VADC0_G1_3_IRQHandler
                0x08002aae                VADC0_G2_0_IRQHandler
                0x08002ab0                VADC0_G2_1_IRQHandler
                0x08002ab2                VADC0_G2_2_IRQHandler
                0x08002ab4                VADC0_G2_3_IRQHandler
                0x08002ab6                VADC0_G3_0_IRQHandler
                0x08002ab8                VADC0_G3_1_IRQHandler
                0x08002aba                VADC0_G3_2_IRQHandler
                0x08002abc                VADC0_G3_3_IRQHandler
                0x08002abe                DSD0_0_IRQHandler
                0x08002ac0                DSD0_1_IRQHandler
                0x08002ac2                DSD0_2_IRQHandler
                0x08002ac4                DSD0_3_IRQHandler
                0x08002ac6                DSD0_4_IRQHandler
                0x08002ac8                DSD0_5_IRQHandler
                0x08002aca                DSD0_6_IRQHandler
                0x08002acc                DSD0_7_IRQHandler
                0x08002ace                DAC0_0_IRQHandler
                0x08002ad0                DAC0_1_IRQHandler
                0x08002ad2                CCU40_0_IRQHandler
                0x08002ad4                CCU40_1_IRQHandler
                0x08002ad6                CCU40_2_IRQHandler
                0x08002ad8                CCU40_3_IRQHandler
                0x08002ada                CCU41_0_IRQHandler
                0x08002adc                CCU41_1_IRQHandler
                0x08002ade                CCU41_2_IRQHandler
                0x08002ae0                CCU41_3_IRQHandler
                0x08002ae2                CCU42_0_IRQHandler
                0x08002ae4                CCU42_1_IRQHandler
                0x08002ae6                CCU42_2_IRQHandler
                0x08002ae8                CCU42_3_IRQHandler
                0x08002aea                CCU43_0_IRQHandler
                0x08002aec                CCU43_1_IRQHandler
                0x08002aee                CCU43_2_IRQHandler
                0x08002af0                CCU43_3_IRQHandler
                0x08002af2                CCU80_0_IRQHandler
                0x08002af4                CCU80_1_IRQHandler
                0x08002af6                CCU80_2_IRQHandler
                0x08002af8                CCU80_3_IRQHandler
                0x08002afa                CCU81_0_IRQHandler
                0x08002afc                CCU81_1_IRQHandler
                0x08002afe                CCU81_2_IRQHandler
                0x08002b00                CCU81_3_IRQHandler
                0x08002b02                POSIF0_0_IRQHandler
                0x08002b04                POSIF0_1_IRQHandler
                0x08002b06                POSIF1_0_IRQHandler
                0x08002b08                POSIF1_1_IRQHandler
                0x08002b0a                CAN0_0_IRQHandler
                0x08002b0c                CAN0_1_IRQHandler
                0x08002b0e                CAN0_2_IRQHandler
                0x08002b10                CAN0_3_IRQHandler
                0x08002b12                CAN0_4_IRQHandler
                0x08002b14                CAN0_5_IRQHandler
                0x08002b16                CAN0_6_IRQHandler
                0x08002b18                CAN0_7_IRQHandler
                0x08002b1a                USIC0_0_IRQHandler
                0x08002b1c                USIC0_1_IRQHandler
                0x08002b1e                USIC0_2_IRQHandler
                0x08002b20                USIC0_3_IRQHandler
                0x08002b22                USIC0_4_IRQHandler
                0x08002b24                USIC0_5_IRQHandler
                0x08002b26                USIC1_0_IRQHandler
                0x08002b28                USIC1_1_IRQHandler
                0x08002b2a                USIC1_2_IRQHandler
                0x08002b2c                USIC1_3_IRQHandler
                0x08002b2e                USIC1_4_IRQHandler
                0x08002b30                USIC1_5_IRQHandler
                0x08002b32                USIC2_0_IRQHandler
                0x08002b34                USIC2_1_IRQHandler
                0x08002b36                USIC2_2_IRQHandler
                0x08002b38                USIC2_3_IRQHandler
                0x08002b3a                USIC2_4_IRQHandler
                0x08002b3c                USIC2_5_IRQHandler
                0x08002b3e                LEDTS0_0_IRQHandler
                0x08002b40                FCE0_0_IRQHandler
                0x08002b42                GPDMA0_0_IRQHandler
                0x08002b44                SDMMC0_0_IRQHandler
                0x08002b46                USB0_0_IRQHandler
                0x08002b48                ETH0_0_IRQHandler
                0x08002b4a                GPDMA1_0_IRQHandler
 .text          0x08002b52        0x0 Startup/system_XMC4500.o
 *fill*         0x08002b52        0x2 00
 .text.SystemInit
                0x08002b54       0x9c Startup/system_XMC4500.o
                0x08002b54                SystemInit
 .text.SystemCoreClockUpdate
                0x08002bf0      0x148 Startup/system_XMC4500.o
                0x08002bf0                SystemCoreClockUpdate
 .text.SystemClockSetup
                0x08002d38      0x4cc Startup/system_XMC4500.o
 .text          0x08003204        0x0 Lib/System_LibcStubs.o
 .text._open    0x08003204       0x1c Lib/System_LibcStubs.o
                0x08003204                _open
 .text._lseek   0x08003220       0x1c Lib/System_LibcStubs.o
                0x08003220                _lseek
 .text._read    0x0800323c       0x1c Lib/System_LibcStubs.o
                0x0800323c                _read
 .text._write   0x08003258       0x1c Lib/System_LibcStubs.o
                0x08003258                _write
 .text._close   0x08003274       0x10 Lib/System_LibcStubs.o
                0x08003274                _close
 .text._fstat   0x08003284       0x28 Lib/System_LibcStubs.o
                0x08003284                _fstat
 .text._link    0x080032ac       0x28 Lib/System_LibcStubs.o
                0x080032ac                _link
 .text._unlink  0x080032d4       0x18 Lib/System_LibcStubs.o
                0x080032d4                _unlink
 .text._sbrk    0x080032ec       0xa0 Lib/System_LibcStubs.o
                0x080032ec                _sbrk
 .text._times   0x0800338c       0x18 Lib/System_LibcStubs.o
                0x0800338c                _times
 .text._wait    0x080033a4       0x18 Lib/System_LibcStubs.o
                0x080033a4                _wait
 .text._kill    0x080033bc       0x1c Lib/System_LibcStubs.o
                0x080033bc                _kill
 .text._fork    0x080033d8       0x10 Lib/System_LibcStubs.o
                0x080033d8                _fork
 .text._getpid  0x080033e8       0x10 Lib/System_LibcStubs.o
                0x080033e8                _getpid
 .text._exit    0x080033f8        0xc Lib/System_LibcStubs.o
                0x080033f8                _exit
 .text._init    0x08003404        0xc Lib/System_LibcStubs.o
                0x08003404                _init
 .text._isatty  0x08003410       0x18 Lib/System_LibcStubs.o
                0x08003410                _isatty
 .text          0x08003428        0x0 Dave/Generated/src/SYSTM001/SYSTM001.o
 .text.NVIC_GetPriorityGrouping
                0x08003428       0x20 Dave/Generated/src/SYSTM001/SYSTM001.o
 .text.NVIC_SetPriority
                0x08003448       0x5c Dave/Generated/src/SYSTM001/SYSTM001.o
 .text.NVIC_EncodePriority
                0x080034a4       0x78 Dave/Generated/src/SYSTM001/SYSTM001.o
 .text.SysTick_Config
                0x0800351c       0x64 Dave/Generated/src/SYSTM001/SYSTM001.o
 .text.SYSTM001_lInsertTimerList
                0x08003580      0x214 Dave/Generated/src/SYSTM001/SYSTM001.o
 .text.SYSTM001_lRemoveTimerList
                0x08003794       0xd8 Dave/Generated/src/SYSTM001/SYSTM001.o
 .text.SYSTM001_lTimerHandler
                0x0800386c       0x94 Dave/Generated/src/SYSTM001/SYSTM001.o
 .text.SysTick_Handler
                0x08003900       0x5c Dave/Generated/src/SYSTM001/SYSTM001.o
                0x08003900                SysTick_Handler
 .text.SYSTM001_Init
                0x0800395c       0x64 Dave/Generated/src/SYSTM001/SYSTM001.o
                0x0800395c                SYSTM001_Init
 .text.SYSTM001_CreateTimer
                0x080039c0      0x1a0 Dave/Generated/src/SYSTM001/SYSTM001.o
                0x080039c0                SYSTM001_CreateTimer
 .text.SYSTM001_StartTimer
                0x08003b60       0xb4 Dave/Generated/src/SYSTM001/SYSTM001.o
                0x08003b60                SYSTM001_StartTimer
 .text.SYSTM001_StopTimer
                0x08003c14       0x90 Dave/Generated/src/SYSTM001/SYSTM001.o
                0x08003c14                SYSTM001_StopTimer
 .text.SYSTM001_DeleteTimer
                0x08003ca4       0x9c Dave/Generated/src/SYSTM001/SYSTM001.o
                0x08003ca4                SYSTM001_DeleteTimer
 .text.SYSTM001_GetTime
                0x08003d40       0x18 Dave/Generated/src/SYSTM001/SYSTM001.o
                0x08003d40                SYSTM001_GetTime
 .text.SYSTM001_GetSysTickCount
                0x08003d58       0x28 Dave/Generated/src/SYSTM001/SYSTM001.o
                0x08003d58                SYSTM001_GetSysTickCount
 .text          0x08003d80        0x0 Dave/Generated/src/RESET001/RESET001.o
 .text.RESET001_AssertReset
                0x08003d80       0x54 Dave/Generated/src/RESET001/RESET001.o
                0x08003d80                RESET001_AssertReset
 .text.RESET001_DeassertReset
                0x08003dd4       0x54 Dave/Generated/src/RESET001/RESET001.o
                0x08003dd4                RESET001_DeassertReset
 .text.RESET001_GetResetInfo
                0x08003e28       0x2c Dave/Generated/src/RESET001/RESET001.o
                0x08003e28                RESET001_GetResetInfo
 .text.RESET001_GetStatus
                0x08003e54       0x7c Dave/Generated/src/RESET001/RESET001.o
                0x08003e54                RESET001_GetStatus
 .text.RESET001_ClearResetInfo
                0x08003ed0       0x28 Dave/Generated/src/RESET001/RESET001.o
                0x08003ed0                RESET001_ClearResetInfo
 .text          0x08003ef8        0x0 Dave/Generated/src/LIBS/CCU8PWMLIB.o
 .text          0x08003ef8        0x0 Dave/Generated/src/LIBS/MOTORLIB.o
 .text          0x08003ef8        0x0 Dave/Generated/src/DAVESupport/DAVE3.o
 .text.NVIC_SetPriorityGrouping
                0x08003ef8       0x50 Dave/Generated/src/DAVESupport/DAVE3.o
 .text.DAVE_Init
                0x08003f48       0x24 Dave/Generated/src/DAVESupport/DAVE3.o
                0x08003f48                DAVE_Init
 .text.SystemInit_DAVE3
                0x08003f6c        0xc Dave/Generated/src/DAVESupport/DAVE3.o
                0x08003f6c                SystemInit_DAVE3
 .text          0x08003f78        0x0 Dave/Generated/src/DAVESupport/MULTIPLEXER.o
 .text.DAVE_MUX_Init
                0x08003f78       0x58 Dave/Generated/src/DAVESupport/MULTIPLEXER.o
                0x08003f78                DAVE_MUX_Init
 .text.DAVE_MUX_PreInit
                0x08003fd0        0xc Dave/Generated/src/DAVESupport/MULTIPLEXER.o
                0x08003fd0                DAVE_MUX_PreInit
 .text          0x08003fdc        0x0 Dave/Generated/src/CLK001/CLK001.o
 .text.CLK001_Delay
                0x08003fdc       0x34 Dave/Generated/src/CLK001/CLK001.o
 .text.CLK001_SysClk_Valid
                0x08004010       0x38 Dave/Generated/src/CLK001/CLK001.o
 .text.CLK001_BackupClkTrim
                0x08004048       0x94 Dave/Generated/src/CLK001/CLK001.o
 .text.CLK001_SetMainPLLClkSrc
                0x080040dc       0xf0 Dave/Generated/src/CLK001/CLK001.o
 .text.CLK001_ConfigMainPLL
                0x080041cc      0x15c Dave/Generated/src/CLK001/CLK001.o
 .text.CLK001_FreqStepupMainPLL
                0x08004328      0x164 Dave/Generated/src/CLK001/CLK001.o
 .text.CLK001_SysClk_Init
                0x0800448c       0x50 Dave/Generated/src/CLK001/CLK001.o
 .text.CLK001_Init
                0x080044dc       0x30 Dave/Generated/src/CLK001/CLK001.o
                0x080044dc                CLK001_Init
 .text.AllowPLLInitByStartup
                0x0800450c       0x10 Dave/Generated/src/CLK001/CLK001.o
                0x0800450c                AllowPLLInitByStartup
 .text          0x0800451c        0x0 Dave/Generated/src/CANGLOBAL/CANGLOBAL.o
 .text.CANGLOBAL_Init
                0x0800451c       0x9c Dave/Generated/src/CANGLOBAL/CANGLOBAL.o
                0x0800451c                CANGLOBAL_Init
 .text          0x080045b8        0x0 Dave/Generated/src/CAN001/CAN001.o
 .text.CAN001_lAllocateMOtoNodeList
                0x080045b8       0x50 Dave/Generated/src/CAN001/CAN001.o
 .text.CAN001_lDeallocateMsgObj
                0x08004608       0x5c Dave/Generated/src/CAN001/CAN001.o
 .text.CAN001_lConfigMORegs
                0x08004664      0x1bc Dave/Generated/src/CAN001/CAN001.o
 .text.CAN001_lNodeInit
                0x08004820       0xf0 Dave/Generated/src/CAN001/CAN001.o
 .text.CAN001_Init
                0x08004910      0x108 Dave/Generated/src/CAN001/CAN001.o
                0x08004910                CAN001_Init
 .text.CAN001_NodeDeInit
                0x08004a18      0x100 Dave/Generated/src/CAN001/CAN001.o
                0x08004a18                CAN001_NodeDeInit
 .text.CAN001_ConfigMsgObj
                0x08004b18       0xb0 Dave/Generated/src/CAN001/CAN001.o
                0x08004b18                CAN001_ConfigMsgObj
 .text.CAN001_SendDataFrame
                0x08004bc8       0x98 Dave/Generated/src/CAN001/CAN001.o
                0x08004bc8                CAN001_SendDataFrame
 .text.CAN001_SendRemoteFrame
                0x08004c60       0x98 Dave/Generated/src/CAN001/CAN001.o
                0x08004c60                CAN001_SendRemoteFrame
 .text.CAN001_ReadMsgObj
                0x08004cf8      0x204 Dave/Generated/src/CAN001/CAN001.o
                0x08004cf8                CAN001_ReadMsgObj
 .text.CAN001_UpdateMODataRegisters
                0x08004efc      0x160 Dave/Generated/src/CAN001/CAN001.o
                0x08004efc                CAN001_UpdateMODataRegisters
 .text.CAN001_GetMOFlagStatus
                0x0800505c       0x60 Dave/Generated/src/CAN001/CAN001.o
                0x0800505c                CAN001_GetMOFlagStatus
 .text.CAN001_GetNodeFlagStatus
                0x080050bc       0x40 Dave/Generated/src/CAN001/CAN001.o
                0x080050bc                CAN001_GetNodeFlagStatus
 .text.CAN001_GetMOPndRegisterBitStatus
                0x080050fc       0x58 Dave/Generated/src/CAN001/CAN001.o
                0x080050fc                CAN001_GetMOPndRegisterBitStatus
 .text.CAN001_ClearMOFlagStatus
                0x08005154       0x6c Dave/Generated/src/CAN001/CAN001.o
                0x08005154                CAN001_ClearMOFlagStatus
 .text.CAN001_ClearNodeFlagStatus
                0x080051c0       0x30 Dave/Generated/src/CAN001/CAN001.o
                0x080051c0                CAN001_ClearNodeFlagStatus
 .text.CAN001_ClearMOPndRegisterBit
                0x080051f0       0x78 Dave/Generated/src/CAN001/CAN001.o
                0x080051f0                CAN001_ClearMOPndRegisterBit
 .text          0x08005268        0x0 Dave/Generated/src/CAN001/CAN001_Conf.o
 .text          0x08005268        0x0 C:\data\workspaces\github\de.protos.demos\src\HexagonCANDemo\etrice.runtime.c\Debug\libHexagonCANDemo.etrice.runtime.c.a(etLogger.o)
 .text.etLogger_logError
                0x08005268       0x14 C:\data\workspaces\github\de.protos.demos\src\HexagonCANDemo\etrice.runtime.c\Debug\libHexagonCANDemo.etrice.runtime.c.a(etLogger.o)
                0x08005268                etLogger_logError
 .text.etLogger_logWarning
                0x0800527c       0x14 C:\data\workspaces\github\de.protos.demos\src\HexagonCANDemo\etrice.runtime.c\Debug\libHexagonCANDemo.etrice.runtime.c.a(etLogger.o)
                0x0800527c                etLogger_logWarning
 .text.etLogger_logInfo
                0x08005290       0x14 C:\data\workspaces\github\de.protos.demos\src\HexagonCANDemo\etrice.runtime.c\Debug\libHexagonCANDemo.etrice.runtime.c.a(etLogger.o)
                0x08005290                etLogger_logInfo
 .text.etLogger_logErrorF
                0x080052a4       0x10 C:\data\workspaces\github\de.protos.demos\src\HexagonCANDemo\etrice.runtime.c\Debug\libHexagonCANDemo.etrice.runtime.c.a(etLogger.o)
                0x080052a4                etLogger_logErrorF
 .text.etLogger_logWarningF
                0x080052b4       0x10 C:\data\workspaces\github\de.protos.demos\src\HexagonCANDemo\etrice.runtime.c\Debug\libHexagonCANDemo.etrice.runtime.c.a(etLogger.o)
                0x080052b4                etLogger_logWarningF
 .text.etLogger_logInfoF
                0x080052c4       0x10 C:\data\workspaces\github\de.protos.demos\src\HexagonCANDemo\etrice.runtime.c\Debug\libHexagonCANDemo.etrice.runtime.c.a(etLogger.o)
                0x080052c4                etLogger_logInfoF
 .text.etLogger_fopen
                0x080052d4       0x1c C:\data\workspaces\github\de.protos.demos\src\HexagonCANDemo\etrice.runtime.c\Debug\libHexagonCANDemo.etrice.runtime.c.a(etLogger.o)
                0x080052d4                etLogger_fopen
 .text.etLogger_fclose
                0x080052f0       0x18 C:\data\workspaces\github\de.protos.demos\src\HexagonCANDemo\etrice.runtime.c\Debug\libHexagonCANDemo.etrice.runtime.c.a(etLogger.o)
                0x080052f0                etLogger_fclose
 .text.etLogger_fprintf
                0x08005308       0x18 C:\data\workspaces\github\de.protos.demos\src\HexagonCANDemo\etrice.runtime.c\Debug\libHexagonCANDemo.etrice.runtime.c.a(etLogger.o)
                0x08005308                etLogger_fprintf
 .text          0x08005320        0x0 C:\data\workspaces\github\de.protos.demos\src\HexagonCANDemo\etrice.runtime.c\Debug\libHexagonCANDemo.etrice.runtime.c.a(etPlatformLifecycle.o)
 .text.etUserEntry
                0x08005320        0xc C:\data\workspaces\github\de.protos.demos\src\HexagonCANDemo\etrice.runtime.c\Debug\libHexagonCANDemo.etrice.runtime.c.a(etPlatformLifecycle.o)
                0x08005320                etUserEntry
 .text.etUserPreRun
                0x0800532c       0x1c C:\data\workspaces\github\de.protos.demos\src\HexagonCANDemo\etrice.runtime.c\Debug\libHexagonCANDemo.etrice.runtime.c.a(etPlatformLifecycle.o)
                0x0800532c                etUserPreRun
 .text.etUserPostRun
                0x08005348        0xc C:\data\workspaces\github\de.protos.demos\src\HexagonCANDemo\etrice.runtime.c\Debug\libHexagonCANDemo.etrice.runtime.c.a(etPlatformLifecycle.o)
                0x08005348                etUserPostRun
 .text.etUserExit
                0x08005354        0xc C:\data\workspaces\github\de.protos.demos\src\HexagonCANDemo\etrice.runtime.c\Debug\libHexagonCANDemo.etrice.runtime.c.a(etPlatformLifecycle.o)
                0x08005354                etUserExit
 .text          0x08005360        0x0 C:\data\workspaces\github\de.protos.demos\src\HexagonCANDemo\etrice.runtime.c\Debug\libHexagonCANDemo.etrice.runtime.c.a(etSema.o)
 .text.etSema_construct
                0x08005360       0x14 C:\data\workspaces\github\de.protos.demos\src\HexagonCANDemo\etrice.runtime.c\Debug\libHexagonCANDemo.etrice.runtime.c.a(etSema.o)
                0x08005360                etSema_construct
 .text.etSema_destruct
                0x08005374       0x14 C:\data\workspaces\github\de.protos.demos\src\HexagonCANDemo\etrice.runtime.c\Debug\libHexagonCANDemo.etrice.runtime.c.a(etSema.o)
                0x08005374                etSema_destruct
 .text.etSema_wakeup
                0x08005388       0x14 C:\data\workspaces\github\de.protos.demos\src\HexagonCANDemo\etrice.runtime.c\Debug\libHexagonCANDemo.etrice.runtime.c.a(etSema.o)
                0x08005388                etSema_wakeup
 .text.etSema_waitForWakeup
                0x0800539c       0x2c C:\data\workspaces\github\de.protos.demos\src\HexagonCANDemo\etrice.runtime.c\Debug\libHexagonCANDemo.etrice.runtime.c.a(etSema.o)
                0x0800539c                etSema_waitForWakeup
 .text          0x080053c8        0x0 C:\data\workspaces\github\de.protos.demos\src\HexagonCANDemo\etrice.runtime.c\Debug\libHexagonCANDemo.etrice.runtime.c.a(etThread.o)
 .text.etThread_construct
                0x080053c8       0x54 C:\data\workspaces\github\de.protos.demos\src\HexagonCANDemo\etrice.runtime.c\Debug\libHexagonCANDemo.etrice.runtime.c.a(etThread.o)
                0x080053c8                etThread_construct
 .text.etThread_start
                0x0800541c       0x14 C:\data\workspaces\github\de.protos.demos\src\HexagonCANDemo\etrice.runtime.c\Debug\libHexagonCANDemo.etrice.runtime.c.a(etThread.o)
                0x0800541c                etThread_start
 .text.etThread_execute
                0x08005430       0x1c C:\data\workspaces\github\de.protos.demos\src\HexagonCANDemo\etrice.runtime.c\Debug\libHexagonCANDemo.etrice.runtime.c.a(etThread.o)
                0x08005430                etThread_execute
 .text.etThread_destruct
                0x0800544c       0x14 C:\data\workspaces\github\de.protos.demos\src\HexagonCANDemo\etrice.runtime.c\Debug\libHexagonCANDemo.etrice.runtime.c.a(etThread.o)
                0x0800544c                etThread_destruct
 .text.etThread_sleep
                0x08005460       0x14 C:\data\workspaces\github\de.protos.demos\src\HexagonCANDemo\etrice.runtime.c\Debug\libHexagonCANDemo.etrice.runtime.c.a(etThread.o)
                0x08005460                etThread_sleep
 .text          0x08005474        0x0 C:\data\workspaces\github\de.protos.demos\src\HexagonCANDemo\etrice.runtime.c\Debug\libHexagonCANDemo.etrice.runtime.c.a(etTime.o)
 .text.etTime_init
                0x08005474       0x28 C:\data\workspaces\github\de.protos.demos\src\HexagonCANDemo\etrice.runtime.c\Debug\libHexagonCANDemo.etrice.runtime.c.a(etTime.o)
                0x08005474                etTime_init
 .text.getTimeFromTarget
                0x0800549c       0x28 C:\data\workspaces\github\de.protos.demos\src\HexagonCANDemo\etrice.runtime.c\Debug\libHexagonCANDemo.etrice.runtime.c.a(etTime.o)
                0x0800549c                getTimeFromTarget
 .text.etTick_Handler
                0x080054c4       0x74 C:\data\workspaces\github\de.protos.demos\src\HexagonCANDemo\etrice.runtime.c\Debug\libHexagonCANDemo.etrice.runtime.c.a(etTime.o)
                0x080054c4                etTick_Handler
 .text          0x08005538        0x0 C:\data\workspaces\github\de.protos.demos\src\HexagonCANDemo\etrice.runtime.c\Debug\libHexagonCANDemo.etrice.runtime.c.a(etTimer.o)
 .text.etTimer_construct
                0x08005538       0x48 C:\data\workspaces\github\de.protos.demos\src\HexagonCANDemo\etrice.runtime.c\Debug\libHexagonCANDemo.etrice.runtime.c.a(etTimer.o)
                0x08005538                etTimer_construct
 .text.etTimer_start
                0x08005580       0x14 C:\data\workspaces\github\de.protos.demos\src\HexagonCANDemo\etrice.runtime.c\Debug\libHexagonCANDemo.etrice.runtime.c.a(etTimer.o)
                0x08005580                etTimer_start
 .text.etTimer_stop
                0x08005594       0x14 C:\data\workspaces\github\de.protos.demos\src\HexagonCANDemo\etrice.runtime.c\Debug\libHexagonCANDemo.etrice.runtime.c.a(etTimer.o)
                0x08005594                etTimer_stop
 .text.etTimer_destruct
                0x080055a8       0x14 C:\data\workspaces\github\de.protos.demos\src\HexagonCANDemo\etrice.runtime.c\Debug\libHexagonCANDemo.etrice.runtime.c.a(etTimer.o)
                0x080055a8                etTimer_destruct
 .text          0x080055bc        0x0 C:\data\workspaces\github\de.protos.demos\src\HexagonCANDemo\etrice.runtime.c\Debug\libHexagonCANDemo.etrice.runtime.c.a(etRuntime.o)
 .text.etRuntime_getTerminateSemaphore
                0x080055bc       0x38 C:\data\workspaces\github\de.protos.demos\src\HexagonCANDemo\etrice.runtime.c\Debug\libHexagonCANDemo.etrice.runtime.c.a(etRuntime.o)
                0x080055bc                etRuntime_getTerminateSemaphore
 .text          0x080055f4        0x0 C:\data\workspaces\github\de.protos.demos\src\HexagonCANDemo\etrice.runtime.c\Debug\libHexagonCANDemo.etrice.runtime.c.a(etActor.o)
 .text.handleSystemEvent
                0x080055f4       0x1c C:\data\workspaces\github\de.protos.demos\src\HexagonCANDemo\etrice.runtime.c\Debug\libHexagonCANDemo.etrice.runtime.c.a(etActor.o)
                0x080055f4                handleSystemEvent
 .text          0x08005610        0x0 C:\data\workspaces\github\de.protos.demos\src\HexagonCANDemo\etrice.runtime.c\Debug\libHexagonCANDemo.etrice.runtime.c.a(etPort.o)
 .text.etPort_sendMessage
                0x08005610       0x8c C:\data\workspaces\github\de.protos.demos\src\HexagonCANDemo\etrice.runtime.c\Debug\libHexagonCANDemo.etrice.runtime.c.a(etPort.o)
                0x08005610                etPort_sendMessage
 .text          0x0800569c        0x0 C:\data\workspaces\github\de.protos.demos\src\HexagonCANDemo\etrice.runtime.c\Debug\libHexagonCANDemo.etrice.runtime.c.a(etMessageService.o)
 .text.etMessageService_init
                0x0800569c       0xc8 C:\data\workspaces\github\de.protos.demos\src\HexagonCANDemo\etrice.runtime.c\Debug\libHexagonCANDemo.etrice.runtime.c.a(etMessageService.o)
                0x0800569c                etMessageService_init
 .text.etMessageService_start
                0x08005764       0x3c C:\data\workspaces\github\de.protos.demos\src\HexagonCANDemo\etrice.runtime.c\Debug\libHexagonCANDemo.etrice.runtime.c.a(etMessageService.o)
                0x08005764                etMessageService_start
 .text.etMessageService_stop
                0x080057a0       0x4c C:\data\workspaces\github\de.protos.demos\src\HexagonCANDemo\etrice.runtime.c\Debug\libHexagonCANDemo.etrice.runtime.c.a(etMessageService.o)
                0x080057a0                etMessageService_stop
 .text.etMessageService_destroy
                0x080057ec       0x34 C:\data\workspaces\github\de.protos.demos\src\HexagonCANDemo\etrice.runtime.c\Debug\libHexagonCANDemo.etrice.runtime.c.a(etMessageService.o)
                0x080057ec                etMessageService_destroy
 .text.etMessageService_initMessagePool
                0x08005820       0x5c C:\data\workspaces\github\de.protos.demos\src\HexagonCANDemo\etrice.runtime.c\Debug\libHexagonCANDemo.etrice.runtime.c.a(etMessageService.o)
                0x08005820                etMessageService_initMessagePool
 .text.etMessageService_pushMessage
                0x0800587c       0x40 C:\data\workspaces\github\de.protos.demos\src\HexagonCANDemo\etrice.runtime.c\Debug\libHexagonCANDemo.etrice.runtime.c.a(etMessageService.o)
                0x0800587c                etMessageService_pushMessage
 .text.etMessageService_popMessage
                0x080058bc       0x38 C:\data\workspaces\github\de.protos.demos\src\HexagonCANDemo\etrice.runtime.c\Debug\libHexagonCANDemo.etrice.runtime.c.a(etMessageService.o)
                0x080058bc                etMessageService_popMessage
 .text.etMessageService_getMessageBuffer
                0x080058f4       0x94 C:\data\workspaces\github\de.protos.demos\src\HexagonCANDemo\etrice.runtime.c\Debug\libHexagonCANDemo.etrice.runtime.c.a(etMessageService.o)
                0x080058f4                etMessageService_getMessageBuffer
 .text.etMessageService_returnMessageBuffer
                0x08005988       0x38 C:\data\workspaces\github\de.protos.demos\src\HexagonCANDemo\etrice.runtime.c\Debug\libHexagonCANDemo.etrice.runtime.c.a(etMessageService.o)
                0x08005988                etMessageService_returnMessageBuffer
 .text.etMessageService_deliverAllMessages
                0x080059c0       0x6c C:\data\workspaces\github\de.protos.demos\src\HexagonCANDemo\etrice.runtime.c\Debug\libHexagonCANDemo.etrice.runtime.c.a(etMessageService.o)
 .text.etMessageService_getMessagePoolLowWaterMark
                0x08005a2c       0x28 C:\data\workspaces\github\de.protos.demos\src\HexagonCANDemo\etrice.runtime.c\Debug\libHexagonCANDemo.etrice.runtime.c.a(etMessageService.o)
                0x08005a2c                etMessageService_getMessagePoolLowWaterMark
 .text.etMessageService_timerCallback
                0x08005a54       0x30 C:\data\workspaces\github\de.protos.demos\src\HexagonCANDemo\etrice.runtime.c\Debug\libHexagonCANDemo.etrice.runtime.c.a(etMessageService.o)
 .text          0x08005a84        0x0 C:\data\workspaces\github\de.protos.demos\src\HexagonCANDemo\etrice.runtime.c\Debug\libHexagonCANDemo.etrice.runtime.c.a(etSystemProtocol.o)
 .text.etSystemProtocolReplPort_getReplication
                0x08005a84       0x1c C:\data\workspaces\github\de.protos.demos\src\HexagonCANDemo\etrice.runtime.c\Debug\libHexagonCANDemo.etrice.runtime.c.a(etSystemProtocol.o)
                0x08005a84                etSystemProtocolReplPort_getReplication
 .text.etSystemProtocolConjPort_poll
                0x08005aa0       0x24 C:\data\workspaces\github\de.protos.demos\src\HexagonCANDemo\etrice.runtime.c\Debug\libHexagonCANDemo.etrice.runtime.c.a(etSystemProtocol.o)
                0x08005aa0                etSystemProtocolConjPort_poll
 .text.etSystemProtocolConjReplPort_poll_broadcast
                0x08005ac4       0x4c C:\data\workspaces\github\de.protos.demos\src\HexagonCANDemo\etrice.runtime.c\Debug\libHexagonCANDemo.etrice.runtime.c.a(etSystemProtocol.o)
                0x08005ac4                etSystemProtocolConjReplPort_poll_broadcast
 .text.etSystemProtocolConjReplPort_poll
                0x08005b10       0x44 C:\data\workspaces\github\de.protos.demos\src\HexagonCANDemo\etrice.runtime.c\Debug\libHexagonCANDemo.etrice.runtime.c.a(etSystemProtocol.o)
                0x08005b10                etSystemProtocolConjReplPort_poll
 .text.etSystemProtocolConjPort_terminate
                0x08005b54       0x24 C:\data\workspaces\github\de.protos.demos\src\HexagonCANDemo\etrice.runtime.c\Debug\libHexagonCANDemo.etrice.runtime.c.a(etSystemProtocol.o)
                0x08005b54                etSystemProtocolConjPort_terminate
 .text.etSystemProtocolConjReplPort_terminate_broadcast
                0x08005b78       0x4c C:\data\workspaces\github\de.protos.demos\src\HexagonCANDemo\etrice.runtime.c\Debug\libHexagonCANDemo.etrice.runtime.c.a(etSystemProtocol.o)
                0x08005b78                etSystemProtocolConjReplPort_terminate_broadcast
 .text.etSystemProtocolConjReplPort_terminate
                0x08005bc4       0x44 C:\data\workspaces\github\de.protos.demos\src\HexagonCANDemo\etrice.runtime.c\Debug\libHexagonCANDemo.etrice.runtime.c.a(etSystemProtocol.o)
                0x08005bc4                etSystemProtocolConjReplPort_terminate
 .text.etSystemProtocolConjReplPort_getReplication
                0x08005c08       0x1c C:\data\workspaces\github\de.protos.demos\src\HexagonCANDemo\etrice.runtime.c\Debug\libHexagonCANDemo.etrice.runtime.c.a(etSystemProtocol.o)
                0x08005c08                etSystemProtocolConjReplPort_getReplication
 .text.etSystemProtocol_getMessageString
                0x08005c24       0x38 C:\data\workspaces\github\de.protos.demos\src\HexagonCANDemo\etrice.runtime.c\Debug\libHexagonCANDemo.etrice.runtime.c.a(etSystemProtocol.o)
                0x08005c24                etSystemProtocol_getMessageString
 .text          0x08005c5c        0x0 C:\data\workspaces\github\de.protos.demos\src\HexagonCANDemo\etrice.runtime.c\Debug\libHexagonCANDemo.etrice.runtime.c.a(etMutex.o)
 .text.etMutex_construct
                0x08005c5c       0x14 C:\data\workspaces\github\de.protos.demos\src\HexagonCANDemo\etrice.runtime.c\Debug\libHexagonCANDemo.etrice.runtime.c.a(etMutex.o)
                0x08005c5c                etMutex_construct
 .text.etMutex_destruct
                0x08005c70       0x14 C:\data\workspaces\github\de.protos.demos\src\HexagonCANDemo\etrice.runtime.c\Debug\libHexagonCANDemo.etrice.runtime.c.a(etMutex.o)
                0x08005c70                etMutex_destruct
 .text.etMutex_enter
                0x08005c84       0x14 C:\data\workspaces\github\de.protos.demos\src\HexagonCANDemo\etrice.runtime.c\Debug\libHexagonCANDemo.etrice.runtime.c.a(etMutex.o)
                0x08005c84                etMutex_enter
 .text.etMutex_leave
                0x08005c98       0x14 C:\data\workspaces\github\de.protos.demos\src\HexagonCANDemo\etrice.runtime.c\Debug\libHexagonCANDemo.etrice.runtime.c.a(etMutex.o)
                0x08005c98                etMutex_leave
 .text          0x08005cac        0x0 C:\data\workspaces\github\de.protos.demos\src\HexagonCANDemo\etrice.runtime.c\Debug\libHexagonCANDemo.etrice.runtime.c.a(etMessageQueue.o)
 .text.etMessageQueue_init
                0x08005cac       0x3c C:\data\workspaces\github\de.protos.demos\src\HexagonCANDemo\etrice.runtime.c\Debug\libHexagonCANDemo.etrice.runtime.c.a(etMessageQueue.o)
                0x08005cac                etMessageQueue_init
 .text.etMessageQueue_push
                0x08005ce8       0x70 C:\data\workspaces\github\de.protos.demos\src\HexagonCANDemo\etrice.runtime.c\Debug\libHexagonCANDemo.etrice.runtime.c.a(etMessageQueue.o)
                0x08005ce8                etMessageQueue_push
 .text.etMessageQueue_pop
                0x08005d58       0x84 C:\data\workspaces\github\de.protos.demos\src\HexagonCANDemo\etrice.runtime.c\Debug\libHexagonCANDemo.etrice.runtime.c.a(etMessageQueue.o)
                0x08005d58                etMessageQueue_pop
 .text.etMessageQueue_getSize
                0x08005ddc       0x1c C:\data\workspaces\github\de.protos.demos\src\HexagonCANDemo\etrice.runtime.c\Debug\libHexagonCANDemo.etrice.runtime.c.a(etMessageQueue.o)
                0x08005ddc                etMessageQueue_getSize
 .text.etMessageQueue_getFirst
                0x08005df8       0x18 C:\data\workspaces\github\de.protos.demos\src\HexagonCANDemo\etrice.runtime.c\Debug\libHexagonCANDemo.etrice.runtime.c.a(etMessageQueue.o)
                0x08005df8                etMessageQueue_getFirst
 .text.etMessageQueue_getLast
                0x08005e10       0x18 C:\data\workspaces\github\de.protos.demos\src\HexagonCANDemo\etrice.runtime.c\Debug\libHexagonCANDemo.etrice.runtime.c.a(etMessageQueue.o)
                0x08005e10                etMessageQueue_getLast
 .text.etMessageQueue_isNotEmpty
                0x08005e28       0x24 C:\data\workspaces\github\de.protos.demos\src\HexagonCANDemo\etrice.runtime.c\Debug\libHexagonCANDemo.etrice.runtime.c.a(etMessageQueue.o)
                0x08005e28                etMessageQueue_isNotEmpty
 .text.etMessageQueue_getHighWaterMark
                0x08005e4c       0x1c C:\data\workspaces\github\de.protos.demos\src\HexagonCANDemo\etrice.runtime.c\Debug\libHexagonCANDemo.etrice.runtime.c.a(etMessageQueue.o)
                0x08005e4c                etMessageQueue_getHighWaterMark
 .text.etMessageQueue_getLowWaterMark
                0x08005e68       0x1c C:\data\workspaces\github\de.protos.demos\src\HexagonCANDemo\etrice.runtime.c\Debug\libHexagonCANDemo.etrice.runtime.c.a(etMessageQueue.o)
                0x08005e68                etMessageQueue_getLowWaterMark
 .text.etMessageQueue_resetLowWaterMark
                0x08005e84       0x1c C:\data\workspaces\github\de.protos.demos\src\HexagonCANDemo\etrice.runtime.c\Debug\libHexagonCANDemo.etrice.runtime.c.a(etMessageQueue.o)
                0x08005e84                etMessageQueue_resetLowWaterMark
 .text          0x08005ea0        0x0 c:/dave-3.1.10/arm-gcc/bin/../lib/gcc/arm-none-eabi/4.7.4/../../../../arm-none-eabi/lib/armv7e-m\libg.a(lib_a-fflush.o)
 .text._fflush_r
                0x08005ea0      0x168 c:/dave-3.1.10/arm-gcc/bin/../lib/gcc/arm-none-eabi/4.7.4/../../../../arm-none-eabi/lib/armv7e-m\libg.a(lib_a-fflush.o)
                0x08005ea0                _fflush_r
 .text.fflush   0x08006008       0x24 c:/dave-3.1.10/arm-gcc/bin/../lib/gcc/arm-none-eabi/4.7.4/../../../../arm-none-eabi/lib/armv7e-m\libg.a(lib_a-fflush.o)
                0x08006008                fflush
 .text          0x0800602c        0x0 c:/dave-3.1.10/arm-gcc/bin/../lib/gcc/arm-none-eabi/4.7.4/../../../../arm-none-eabi/lib/armv7e-m\libg.a(lib_a-fgets.o)
 .text._fgets_r
                0x0800602c       0xb4 c:/dave-3.1.10/arm-gcc/bin/../lib/gcc/arm-none-eabi/4.7.4/../../../../arm-none-eabi/lib/armv7e-m\libg.a(lib_a-fgets.o)
                0x0800602c                _fgets_r
 .text.fgets    0x080060e0       0x1c c:/dave-3.1.10/arm-gcc/bin/../lib/gcc/arm-none-eabi/4.7.4/../../../../arm-none-eabi/lib/armv7e-m\libg.a(lib_a-fgets.o)
                0x080060e0                fgets
 .text          0x080060fc        0x0 c:/dave-3.1.10/arm-gcc/bin/../lib/gcc/arm-none-eabi/4.7.4/../../../../arm-none-eabi/lib/armv7e-m\libg.a(lib_a-findfp.o)
 .text.__fp_lock
                0x080060fc        0x4 c:/dave-3.1.10/arm-gcc/bin/../lib/gcc/arm-none-eabi/4.7.4/../../../../arm-none-eabi/lib/armv7e-m\libg.a(lib_a-findfp.o)
 .text.__fp_unlock
                0x08006100        0x4 c:/dave-3.1.10/arm-gcc/bin/../lib/gcc/arm-none-eabi/4.7.4/../../../../arm-none-eabi/lib/armv7e-m\libg.a(lib_a-findfp.o)
 .text._cleanup_r
                0x08006104        0xc c:/dave-3.1.10/arm-gcc/bin/../lib/gcc/arm-none-eabi/4.7.4/../../../../arm-none-eabi/lib/armv7e-m\libg.a(lib_a-findfp.o)
                0x08006104                _cleanup_r
 .text.std.isra.0
                0x08006110       0x50 c:/dave-3.1.10/arm-gcc/bin/../lib/gcc/arm-none-eabi/4.7.4/../../../../arm-none-eabi/lib/armv7e-m\libg.a(lib_a-findfp.o)
 .text.__sfmoreglue
                0x08006160       0x2c c:/dave-3.1.10/arm-gcc/bin/../lib/gcc/arm-none-eabi/4.7.4/../../../../arm-none-eabi/lib/armv7e-m\libg.a(lib_a-findfp.o)
                0x08006160                __sfmoreglue
 .text._cleanup
                0x0800618c       0x10 c:/dave-3.1.10/arm-gcc/bin/../lib/gcc/arm-none-eabi/4.7.4/../../../../arm-none-eabi/lib/armv7e-m\libg.a(lib_a-findfp.o)
                0x0800618c                _cleanup
 .text.__sinit  0x0800619c       0x4c c:/dave-3.1.10/arm-gcc/bin/../lib/gcc/arm-none-eabi/4.7.4/../../../../arm-none-eabi/lib/armv7e-m\libg.a(lib_a-findfp.o)
                0x0800619c                __sinit
 .text.__sfp    0x080061e8       0xa4 c:/dave-3.1.10/arm-gcc/bin/../lib/gcc/arm-none-eabi/4.7.4/../../../../arm-none-eabi/lib/armv7e-m\libg.a(lib_a-findfp.o)
                0x080061e8                __sfp
 .text.__sfp_lock_acquire
                0x0800628c        0x4 c:/dave-3.1.10/arm-gcc/bin/../lib/gcc/arm-none-eabi/4.7.4/../../../../arm-none-eabi/lib/armv7e-m\libg.a(lib_a-findfp.o)
                0x0800628c                __sfp_lock_acquire
 .text.__sfp_lock_release
                0x08006290        0x4 c:/dave-3.1.10/arm-gcc/bin/../lib/gcc/arm-none-eabi/4.7.4/../../../../arm-none-eabi/lib/armv7e-m\libg.a(lib_a-findfp.o)
                0x08006290                __sfp_lock_release
 .text.__sinit_lock_acquire
                0x08006294        0x4 c:/dave-3.1.10/arm-gcc/bin/../lib/gcc/arm-none-eabi/4.7.4/../../../../arm-none-eabi/lib/armv7e-m\libg.a(lib_a-findfp.o)
                0x08006294                __sinit_lock_acquire
 .text.__sinit_lock_release
                0x08006298        0x4 c:/dave-3.1.10/arm-gcc/bin/../lib/gcc/arm-none-eabi/4.7.4/../../../../arm-none-eabi/lib/armv7e-m\libg.a(lib_a-findfp.o)
                0x08006298                __sinit_lock_release
 .text.__fp_lock_all
                0x0800629c       0x18 c:/dave-3.1.10/arm-gcc/bin/../lib/gcc/arm-none-eabi/4.7.4/../../../../arm-none-eabi/lib/armv7e-m\libg.a(lib_a-findfp.o)
                0x0800629c                __fp_lock_all
 .text.__fp_unlock_all
                0x080062b4       0x18 c:/dave-3.1.10/arm-gcc/bin/../lib/gcc/arm-none-eabi/4.7.4/../../../../arm-none-eabi/lib/armv7e-m\libg.a(lib_a-findfp.o)
                0x080062b4                __fp_unlock_all
 .text          0x080062cc        0x0 c:/dave-3.1.10/arm-gcc/bin/../lib/gcc/arm-none-eabi/4.7.4/../../../../arm-none-eabi/lib/armv7e-m\libg.a(lib_a-freer.o)
 .text._malloc_trim_r
                0x080062cc       0x98 c:/dave-3.1.10/arm-gcc/bin/../lib/gcc/arm-none-eabi/4.7.4/../../../../arm-none-eabi/lib/armv7e-m\libg.a(lib_a-freer.o)
                0x080062cc                _malloc_trim_r
 .text._free_r  0x08006364      0x194 c:/dave-3.1.10/arm-gcc/bin/../lib/gcc/arm-none-eabi/4.7.4/../../../../arm-none-eabi/lib/armv7e-m\libg.a(lib_a-freer.o)
                0x08006364                _free_r
 .text          0x080064f8        0x0 c:/dave-3.1.10/arm-gcc/bin/../lib/gcc/arm-none-eabi/4.7.4/../../../../arm-none-eabi/lib/armv7e-m\libg.a(lib_a-fwalk.o)
 .text._fwalk   0x080064f8       0xb8 c:/dave-3.1.10/arm-gcc/bin/../lib/gcc/arm-none-eabi/4.7.4/../../../../arm-none-eabi/lib/armv7e-m\libg.a(lib_a-fwalk.o)
                0x080064f8                _fwalk
 .text._fwalk_reent
                0x080065b0       0xc0 c:/dave-3.1.10/arm-gcc/bin/../lib/gcc/arm-none-eabi/4.7.4/../../../../arm-none-eabi/lib/armv7e-m\libg.a(lib_a-fwalk.o)
                0x080065b0                _fwalk_reent
 .text          0x08006670        0x0 c:/dave-3.1.10/arm-gcc/bin/../lib/gcc/arm-none-eabi/4.7.4/../../../../arm-none-eabi/lib/armv7e-m\libg.a(lib_a-impure.o)
 .text          0x08006670        0x0 c:/dave-3.1.10/arm-gcc/bin/../lib/gcc/arm-none-eabi/4.7.4/../../../../arm-none-eabi/lib/armv7e-m\libg.a(lib_a-init.o)
 .text.__libc_init_array
                0x08006670       0x94 c:/dave-3.1.10/arm-gcc/bin/../lib/gcc/arm-none-eabi/4.7.4/../../../../arm-none-eabi/lib/armv7e-m\libg.a(lib_a-init.o)
                0x08006670                __libc_init_array
 .text          0x08006704        0x0 c:/dave-3.1.10/arm-gcc/bin/../lib/gcc/arm-none-eabi/4.7.4/../../../../arm-none-eabi/lib/armv7e-m\libg.a(lib_a-mallocr.o)
 .text._malloc_r
                0x08006704      0x55c c:/dave-3.1.10/arm-gcc/bin/../lib/gcc/arm-none-eabi/4.7.4/../../../../arm-none-eabi/lib/armv7e-m\libg.a(lib_a-mallocr.o)
                0x08006704                _malloc_r
 .text          0x08006c60        0x0 c:/dave-3.1.10/arm-gcc/bin/../lib/gcc/arm-none-eabi/4.7.4/../../../../arm-none-eabi/lib/armv7e-m\libg.a(lib_a-memchr.o)
 .text.memchr   0x08006c60      0x140 c:/dave-3.1.10/arm-gcc/bin/../lib/gcc/arm-none-eabi/4.7.4/../../../../arm-none-eabi/lib/armv7e-m\libg.a(lib_a-memchr.o)
                0x08006c60                memchr
 .text          0x08006da0        0x0 c:/dave-3.1.10/arm-gcc/bin/../lib/gcc/arm-none-eabi/4.7.4/../../../../arm-none-eabi/lib/armv7e-m\libg.a(lib_a-memcpy.o)
 .text.memcpy   0x08006da0      0x144 c:/dave-3.1.10/arm-gcc/bin/../lib/gcc/arm-none-eabi/4.7.4/../../../../arm-none-eabi/lib/armv7e-m\libg.a(lib_a-memcpy.o)
                0x08006da0                memcpy
 .text          0x08006ee4        0x0 c:/dave-3.1.10/arm-gcc/bin/../lib/gcc/arm-none-eabi/4.7.4/../../../../arm-none-eabi/lib/armv7e-m\libg.a(lib_a-memset.o)
 .text.memset   0x08006ee4      0x12c c:/dave-3.1.10/arm-gcc/bin/../lib/gcc/arm-none-eabi/4.7.4/../../../../arm-none-eabi/lib/armv7e-m\libg.a(lib_a-memset.o)
                0x08006ee4                memset
 .text          0x08007010        0x0 c:/dave-3.1.10/arm-gcc/bin/../lib/gcc/arm-none-eabi/4.7.4/../../../../arm-none-eabi/lib/armv7e-m\libg.a(lib_a-mlock.o)
 .text.__malloc_lock
                0x08007010        0x4 c:/dave-3.1.10/arm-gcc/bin/../lib/gcc/arm-none-eabi/4.7.4/../../../../arm-none-eabi/lib/armv7e-m\libg.a(lib_a-mlock.o)
                0x08007010                __malloc_lock
 .text.__malloc_unlock
                0x08007014        0x4 c:/dave-3.1.10/arm-gcc/bin/../lib/gcc/arm-none-eabi/4.7.4/../../../../arm-none-eabi/lib/armv7e-m\libg.a(lib_a-mlock.o)
                0x08007014                __malloc_unlock
 .text          0x08007018        0x0 c:/dave-3.1.10/arm-gcc/bin/../lib/gcc/arm-none-eabi/4.7.4/../../../../arm-none-eabi/lib/armv7e-m\libg.a(lib_a-puts.o)
 .text._puts_r  0x08007018       0x68 c:/dave-3.1.10/arm-gcc/bin/../lib/gcc/arm-none-eabi/4.7.4/../../../../arm-none-eabi/lib/armv7e-m\libg.a(lib_a-puts.o)
                0x08007018                _puts_r
 .text.puts     0x08007080       0x10 c:/dave-3.1.10/arm-gcc/bin/../lib/gcc/arm-none-eabi/4.7.4/../../../../arm-none-eabi/lib/armv7e-m\libg.a(lib_a-puts.o)
                0x08007080                puts
 .text          0x08007090        0x0 c:/dave-3.1.10/arm-gcc/bin/../lib/gcc/arm-none-eabi/4.7.4/../../../../arm-none-eabi/lib/armv7e-m\libg.a(lib_a-refill.o)
 .text.lflush   0x08007090       0x14 c:/dave-3.1.10/arm-gcc/bin/../lib/gcc/arm-none-eabi/4.7.4/../../../../arm-none-eabi/lib/armv7e-m\libg.a(lib_a-refill.o)
 .text.__srefill_r
                0x080070a4      0x110 c:/dave-3.1.10/arm-gcc/bin/../lib/gcc/arm-none-eabi/4.7.4/../../../../arm-none-eabi/lib/armv7e-m\libg.a(lib_a-refill.o)
                0x080070a4                __srefill_r
 .text          0x080071b4        0x0 c:/dave-3.1.10/arm-gcc/bin/../lib/gcc/arm-none-eabi/4.7.4/../../../../arm-none-eabi/lib/armv7e-m\libg.a(lib_a-sbrkr.o)
 .text._sbrk_r  0x080071b4       0x24 c:/dave-3.1.10/arm-gcc/bin/../lib/gcc/arm-none-eabi/4.7.4/../../../../arm-none-eabi/lib/armv7e-m\libg.a(lib_a-sbrkr.o)
                0x080071b4                _sbrk_r
 .text          0x080071d8        0x0 c:/dave-3.1.10/arm-gcc/bin/../lib/gcc/arm-none-eabi/4.7.4/../../../../arm-none-eabi/lib/armv7e-m\libg.a(lib_a-stdio.o)
 .text.__sread  0x080071d8       0x24 c:/dave-3.1.10/arm-gcc/bin/../lib/gcc/arm-none-eabi/4.7.4/../../../../arm-none-eabi/lib/armv7e-m\libg.a(lib_a-stdio.o)
                0x080071d8                __sread
 .text.__seofread
                0x080071fc        0x4 c:/dave-3.1.10/arm-gcc/bin/../lib/gcc/arm-none-eabi/4.7.4/../../../../arm-none-eabi/lib/armv7e-m\libg.a(lib_a-stdio.o)
                0x080071fc                __seofread
 .text.__swrite
                0x08007200       0x44 c:/dave-3.1.10/arm-gcc/bin/../lib/gcc/arm-none-eabi/4.7.4/../../../../arm-none-eabi/lib/armv7e-m\libg.a(lib_a-stdio.o)
                0x08007200                __swrite
 .text.__sseek  0x08007244       0x24 c:/dave-3.1.10/arm-gcc/bin/../lib/gcc/arm-none-eabi/4.7.4/../../../../arm-none-eabi/lib/armv7e-m\libg.a(lib_a-stdio.o)
                0x08007244                __sseek
 .text.__sclose
                0x08007268        0x8 c:/dave-3.1.10/arm-gcc/bin/../lib/gcc/arm-none-eabi/4.7.4/../../../../arm-none-eabi/lib/armv7e-m\libg.a(lib_a-stdio.o)
                0x08007268                __sclose
 .text          0x08007270        0x0 c:/dave-3.1.10/arm-gcc/bin/../lib/gcc/arm-none-eabi/4.7.4/../../../../arm-none-eabi/lib/armv7e-m\libg.a(lib_a-strcmp.o)
 .text.strcmp   0x08007270       0x80 c:/dave-3.1.10/arm-gcc/bin/../lib/gcc/arm-none-eabi/4.7.4/../../../../arm-none-eabi/lib/armv7e-m\libg.a(lib_a-strcmp.o)
                0x08007270                strcmp
 .text.strcmp_unaligned
                0x080072f0      0x15c c:/dave-3.1.10/arm-gcc/bin/../lib/gcc/arm-none-eabi/4.7.4/../../../../arm-none-eabi/lib/armv7e-m\libg.a(lib_a-strcmp.o)
 .text          0x0800744c        0x0 c:/dave-3.1.10/arm-gcc/bin/../lib/gcc/arm-none-eabi/4.7.4/../../../../arm-none-eabi/lib/armv7e-m\libg.a(lib_a-strlen.o)
 .text.strlen   0x0800744c       0x60 c:/dave-3.1.10/arm-gcc/bin/../lib/gcc/arm-none-eabi/4.7.4/../../../../arm-none-eabi/lib/armv7e-m\libg.a(lib_a-strlen.o)
                0x0800744c                strlen
 .text          0x080074ac        0x0 c:/dave-3.1.10/arm-gcc/bin/../lib/gcc/arm-none-eabi/4.7.4/../../../../arm-none-eabi/lib/armv7e-m\libg.a(lib_a-strncmp.o)
 .text.strncmp  0x080074ac      0x120 c:/dave-3.1.10/arm-gcc/bin/../lib/gcc/arm-none-eabi/4.7.4/../../../../arm-none-eabi/lib/armv7e-m\libg.a(lib_a-strncmp.o)
                0x080074ac                strncmp
 .text          0x080075cc        0x0 c:/dave-3.1.10/arm-gcc/bin/../lib/gcc/arm-none-eabi/4.7.4/../../../../arm-none-eabi/lib/armv7e-m\libg.a(lib_a-writer.o)
 .text._write_r
                0x080075cc       0x28 c:/dave-3.1.10/arm-gcc/bin/../lib/gcc/arm-none-eabi/4.7.4/../../../../arm-none-eabi/lib/armv7e-m\libg.a(lib_a-writer.o)
                0x080075cc                _write_r
 .text          0x080075f4        0x0 c:/dave-3.1.10/arm-gcc/bin/../lib/gcc/arm-none-eabi/4.7.4/../../../../arm-none-eabi/lib/armv7e-m\libg.a(lib_a-closer.o)
 .text._close_r
                0x080075f4       0x24 c:/dave-3.1.10/arm-gcc/bin/../lib/gcc/arm-none-eabi/4.7.4/../../../../arm-none-eabi/lib/armv7e-m\libg.a(lib_a-closer.o)
                0x080075f4                _close_r
 .text          0x08007618        0x0 c:/dave-3.1.10/arm-gcc/bin/../lib/gcc/arm-none-eabi/4.7.4/../../../../arm-none-eabi/lib/armv7e-m\libg.a(lib_a-fclose.o)
 .text._fclose_r
                0x08007618       0x94 c:/dave-3.1.10/arm-gcc/bin/../lib/gcc/arm-none-eabi/4.7.4/../../../../arm-none-eabi/lib/armv7e-m\libg.a(lib_a-fclose.o)
                0x08007618                _fclose_r
 .text.fclose   0x080076ac       0x10 c:/dave-3.1.10/arm-gcc/bin/../lib/gcc/arm-none-eabi/4.7.4/../../../../arm-none-eabi/lib/armv7e-m\libg.a(lib_a-fclose.o)
                0x080076ac                fclose
 .text          0x080076bc        0x0 c:/dave-3.1.10/arm-gcc/bin/../lib/gcc/arm-none-eabi/4.7.4/../../../../arm-none-eabi/lib/armv7e-m\libg.a(lib_a-fvwrite.o)
 .text.__sfvwrite_r
                0x080076bc      0x314 c:/dave-3.1.10/arm-gcc/bin/../lib/gcc/arm-none-eabi/4.7.4/../../../../arm-none-eabi/lib/armv7e-m\libg.a(lib_a-fvwrite.o)
                0x080076bc                __sfvwrite_r
 .text          0x080079d0        0x0 c:/dave-3.1.10/arm-gcc/bin/../lib/gcc/arm-none-eabi/4.7.4/../../../../arm-none-eabi/lib/armv7e-m\libg.a(lib_a-lseekr.o)
 .text._lseek_r
                0x080079d0       0x28 c:/dave-3.1.10/arm-gcc/bin/../lib/gcc/arm-none-eabi/4.7.4/../../../../arm-none-eabi/lib/armv7e-m\libg.a(lib_a-lseekr.o)
                0x080079d0                _lseek_r
 .text          0x080079f8        0x0 c:/dave-3.1.10/arm-gcc/bin/../lib/gcc/arm-none-eabi/4.7.4/../../../../arm-none-eabi/lib/armv7e-m\libg.a(lib_a-makebuf.o)
 .text.__smakebuf_r
                0x080079f8       0xe8 c:/dave-3.1.10/arm-gcc/bin/../lib/gcc/arm-none-eabi/4.7.4/../../../../arm-none-eabi/lib/armv7e-m\libg.a(lib_a-makebuf.o)
                0x080079f8                __smakebuf_r
 .text          0x08007ae0        0x0 c:/dave-3.1.10/arm-gcc/bin/../lib/gcc/arm-none-eabi/4.7.4/../../../../arm-none-eabi/lib/armv7e-m\libg.a(lib_a-memmove.o)
 .text.memmove  0x08007ae0      0x198 c:/dave-3.1.10/arm-gcc/bin/../lib/gcc/arm-none-eabi/4.7.4/../../../../arm-none-eabi/lib/armv7e-m\libg.a(lib_a-memmove.o)
                0x08007ae0                memmove
 .text          0x08007c78        0x0 c:/dave-3.1.10/arm-gcc/bin/../lib/gcc/arm-none-eabi/4.7.4/../../../../arm-none-eabi/lib/armv7e-m\libg.a(lib_a-readr.o)
 .text._read_r  0x08007c78       0x28 c:/dave-3.1.10/arm-gcc/bin/../lib/gcc/arm-none-eabi/4.7.4/../../../../arm-none-eabi/lib/armv7e-m\libg.a(lib_a-readr.o)
                0x08007c78                _read_r
 .text          0x08007ca0        0x0 c:/dave-3.1.10/arm-gcc/bin/../lib/gcc/arm-none-eabi/4.7.4/../../../../arm-none-eabi/lib/armv7e-m\libg.a(lib_a-reallocr.o)
 .text._realloc_r
                0x08007ca0      0x3dc c:/dave-3.1.10/arm-gcc/bin/../lib/gcc/arm-none-eabi/4.7.4/../../../../arm-none-eabi/lib/armv7e-m\libg.a(lib_a-reallocr.o)
                0x08007ca0                _realloc_r
 .text          0x0800807c        0x0 c:/dave-3.1.10/arm-gcc/bin/../lib/gcc/arm-none-eabi/4.7.4/../../../../arm-none-eabi/lib/armv7e-m\libg.a(lib_a-reent.o)
 .text.cleanup_glue
                0x0800807c       0x1c c:/dave-3.1.10/arm-gcc/bin/../lib/gcc/arm-none-eabi/4.7.4/../../../../arm-none-eabi/lib/armv7e-m\libg.a(lib_a-reent.o)
                0x0800807c                cleanup_glue
 .text._reclaim_reent
                0x08008098       0x8c c:/dave-3.1.10/arm-gcc/bin/../lib/gcc/arm-none-eabi/4.7.4/../../../../arm-none-eabi/lib/armv7e-m\libg.a(lib_a-reent.o)
                0x08008098                _reclaim_reent
 .text._wrapup_reent
                0x08008124       0x74 c:/dave-3.1.10/arm-gcc/bin/../lib/gcc/arm-none-eabi/4.7.4/../../../../arm-none-eabi/lib/armv7e-m\libg.a(lib_a-reent.o)
                0x08008124                _wrapup_reent
 .text          0x08008198        0x0 c:/dave-3.1.10/arm-gcc/bin/../lib/gcc/arm-none-eabi/4.7.4/../../../../arm-none-eabi/lib/armv7e-m\libg.a(lib_a-wsetup.o)
 .text.__swsetup_r
                0x08008198       0xc4 c:/dave-3.1.10/arm-gcc/bin/../lib/gcc/arm-none-eabi/4.7.4/../../../../arm-none-eabi/lib/armv7e-m\libg.a(lib_a-wsetup.o)
                0x08008198                __swsetup_r
 .text          0x0800825c        0x0 c:/dave-3.1.10/arm-gcc/bin/../lib/gcc/arm-none-eabi/4.7.4/../../../../arm-none-eabi/lib/armv7e-m\libg.a(lib_a-fstatr.o)
 .text._fstat_r
                0x0800825c       0x28 c:/dave-3.1.10/arm-gcc/bin/../lib/gcc/arm-none-eabi/4.7.4/../../../../arm-none-eabi/lib/armv7e-m\libg.a(lib_a-fstatr.o)
                0x0800825c                _fstat_r
 .text          0x08008284        0x0 c:/dave-3.1.10/arm-gcc/bin/../lib/gcc/arm-none-eabi/4.7.4/../../../../arm-none-eabi/lib/armv7e-m\libg.a(lib_a-isattyr.o)
 .text._isatty_r
                0x08008284       0x24 c:/dave-3.1.10/arm-gcc/bin/../lib/gcc/arm-none-eabi/4.7.4/../../../../arm-none-eabi/lib/armv7e-m\libg.a(lib_a-isattyr.o)
                0x08008284                _isatty_r
 *(.glue*)
 .glue_7        0x00000000        0x0 linker stubs
 .glue_7t       0x00000000        0x0 linker stubs
 *(.v4*)
 .v4_bx         0x00000000        0x0 linker stubs
 *(.vfp11_veneer)
 .vfp11_veneer  0x00000000        0x0 linker stubs
 *(.init)
                0x080082a8                __preinit_array_start = .
 *(.preinit_array)
                0x080082a8                __preinit_array_end = .
                0x080082a8                __init_array_start = .
 *(SORT(.init_array.*))
 *(.init_array)
                0x080082a8                __init_array_end = .
 *crtbegin.o(.ctors)
 *(EXCLUDE_FILE(*crtend.o) .ctors)
 *(SORT(.ctors.*))
 *crtend.o(.ctors)
 *(.fini)
                0x080082a8                __fini_array_start = .
 *(.fini_array)
 *(SORT(.fini_array.*))
                0x080082a8                __fini_array_end = .
 *crtbegin.o(.dtors)
 *(EXCLUDE_FILE(*crtend.o) .dtors)
 *(SORT(.dtors.*))
 *crtend.o(.dtors)
                0x080082a8                __extab_start = .
 *(.ARM.extab* .gnu.linkonce.armextab.*)
 .ARM.extab.Xmc4500.reset
                0x080082a8        0x0 Startup/startup_XMC4500.o
 .ARM.extab.Xmc4500.postreset
                0x080082a8        0x0 Startup/startup_XMC4500.o
                0x080082a8                . = ALIGN (0x4)
                0x080082a8                __extab_end = ABSOLUTE (.)

.iplt           0x080082a8        0x0 load address 0x0c0082a8
 .iplt          0x00000000        0x0 src-gen/room/basic/service/timing/ATimingService.o

.ARM.exidx      0x080082a8       0x10 load address 0x0c0082a8
                0x080082a8                __exidx_start = .
 *(.ARM.exidx* .gnu.linkonce.armexidx.*)
 .ARM.exidx.Xmc4500.reset
                0x080082a8        0x8 Startup/startup_XMC4500.o
 .ARM.exidx.Xmc4500.postreset
                0x080082b0        0x8 Startup/startup_XMC4500.o
                0x080082b8                . = ALIGN (0x4)
                0x080082b8                __exidx_end = ABSOLUTE (.)

.rodata         0x080082b8      0x298 load address 0x0c0082b8
 *(.rodata .rodata.*)
 .rodata        0x080082b8      0x14c src-gen/HexagonCANDemo/nodeRef1_main.o
 .rodata        0x08008404       0x58 src-gen/HexagonCANDemo/nodeRef1_main_Runner.o
 .rodata        0x0800845c       0x10 Dave/Generated/src/CAN001/CAN001_Conf.o
                0x0800845c                CAN001_Handle0
 .rodata        0x0800846c       0x94 C:\data\workspaces\github\de.protos.demos\src\HexagonCANDemo\etrice.runtime.c\Debug\libHexagonCANDemo.etrice.runtime.c.a(etMessageService.o)
 .rodata        0x08008500       0x44 C:\data\workspaces\github\de.protos.demos\src\HexagonCANDemo\etrice.runtime.c\Debug\libHexagonCANDemo.etrice.runtime.c.a(etSystemProtocol.o)
 .rodata.str1.4
                0x08008544        0x2 c:/dave-3.1.10/arm-gcc/bin/../lib/gcc/arm-none-eabi/4.7.4/../../../../arm-none-eabi/lib/armv7e-m\libg.a(lib_a-impure.o)
                                  0x4 (size before relaxing)
 *fill*         0x08008546        0x2 00
 .rodata._global_impure_ptr
                0x08008548        0x4 c:/dave-3.1.10/arm-gcc/bin/../lib/gcc/arm-none-eabi/4.7.4/../../../../arm-none-eabi/lib/armv7e-m\libg.a(lib_a-impure.o)
                0x08008548                _global_impure_ptr
 .rodata.str1.4
                0x0800854c        0x4 c:/dave-3.1.10/arm-gcc/bin/../lib/gcc/arm-none-eabi/4.7.4/../../../../arm-none-eabi/lib/armv7e-m\libg.a(lib_a-puts.o)
 *(.gnu.linkonce.r*)

.rel.dyn        0x08008550        0x0 load address 0x0c008550
 .rel.iplt      0x00000000        0x0 src-gen/room/basic/service/timing/ATimingService.o
                0x08008550                . = ALIGN (0x10)
                0x0c008550                eROData = (. | 0x4000000)

Stack           0x10000000      0x800
                0x10000800                . = (. + stack_size)
 *fill*         0x10000000      0x800 00
                0x10000800                __Xmc4500_stack = .

.data3          0x10000800        0x0
                0x10000800                __data3_start = .
 *(.data3)
                0x10000800                __data3_end = .
                0x00000000                __data3_size = (__data3_end - __data3_start)

.data           0x20000000      0x9c4 load address 0x0c008550
                0x20000000                __Xmc4500_sData = .
 *(.data)
 .data          0x20000000        0x0 src-gen/room/basic/service/timing/ATimingService.o
 .data          0x20000000        0x0 src-gen/room/basic/service/timing/PTimer.o
 .data          0x20000000        0x0 src-gen/room/basic/service/can/ACANService.o
 .data          0x20000000        0x0 src-gen/room/basic/service/can/DCANData.o
 .data          0x20000000        0x0 src-gen/room/basic/service/can/PCANRx.o
 .data          0x20000000        0x0 src-gen/room/basic/service/can/PCANTx.o
 .data          0x20000000        0x0 src-gen/HexagonCANDemo/AMrPing.o
 .data          0x20000000        0x0 src-gen/HexagonCANDemo/AMrPong.o
 .data          0x20000000        0x0 src-gen/HexagonCANDemo/Application.o
 .data          0x20000000        0x0 src-gen/HexagonCANDemo/PPingPong.o
 .data          0x20000000       0x94 src-gen/HexagonCANDemo/nodeRef1_main.o
 .data          0x20000094        0x0 src-gen/HexagonCANDemo/nodeRef1_main_Runner.o
 .data          0x20000094        0x0 StartDaveTimer.o
 .data          0x20000094        0x0 pclCANService.o
 .data          0x20000094        0x0 Startup/startup_XMC4500.o
 .data          0x20000094        0x4 Startup/system_XMC4500.o
                0x20000094                SystemCoreClock
 .data          0x20000098        0x0 Lib/System_LibcStubs.o
 .data          0x20000098        0x0 Dave/Generated/src/SYSTM001/SYSTM001.o
 .data          0x20000098        0x0 Dave/Generated/src/RESET001/RESET001.o
 .data          0x20000098        0x0 Dave/Generated/src/LIBS/CCU8PWMLIB.o
 .data          0x20000098        0x0 Dave/Generated/src/LIBS/MOTORLIB.o
 .data          0x20000098        0x0 Dave/Generated/src/DAVESupport/DAVE3.o
 .data          0x20000098        0x0 Dave/Generated/src/DAVESupport/MULTIPLEXER.o
 .data          0x20000098        0x0 Dave/Generated/src/CLK001/CLK001.o
 .data          0x20000098        0x0 Dave/Generated/src/CANGLOBAL/CANGLOBAL.o
 .data          0x20000098        0x0 Dave/Generated/src/CAN001/CAN001.o
 .data          0x20000098       0xf0 Dave/Generated/src/CAN001/CAN001_Conf.o
                0x20000098                CAN001_MessageHandle0_1
                0x200000b0                CAN001_MessageHandle0_2
                0x200000c8                CAN001_MessageHandle0_3
                0x200000e0                CAN001_MessageHandle0_4
                0x200000f8                CAN001_MessageHandle0_5
                0x20000110                CAN001_MessageHandle0_6
                0x20000128                CAN001_MessageHandle0_7
                0x20000140                CAN001_MessageHandle0_8
                0x20000158                CAN001_MessageHandle0_9
                0x20000170                CAN001_MessageHandle0_10
 .data          0x20000188        0x0 C:\data\workspaces\github\de.protos.demos\src\HexagonCANDemo\etrice.runtime.c\Debug\libHexagonCANDemo.etrice.runtime.c.a(etLogger.o)
 .data          0x20000188        0x0 C:\data\workspaces\github\de.protos.demos\src\HexagonCANDemo\etrice.runtime.c\Debug\libHexagonCANDemo.etrice.runtime.c.a(etPlatformLifecycle.o)
 .data          0x20000188        0x0 C:\data\workspaces\github\de.protos.demos\src\HexagonCANDemo\etrice.runtime.c\Debug\libHexagonCANDemo.etrice.runtime.c.a(etSema.o)
 .data          0x20000188        0x0 C:\data\workspaces\github\de.protos.demos\src\HexagonCANDemo\etrice.runtime.c\Debug\libHexagonCANDemo.etrice.runtime.c.a(etThread.o)
 .data          0x20000188        0x0 C:\data\workspaces\github\de.protos.demos\src\HexagonCANDemo\etrice.runtime.c\Debug\libHexagonCANDemo.etrice.runtime.c.a(etTime.o)
 .data          0x20000188        0x0 C:\data\workspaces\github\de.protos.demos\src\HexagonCANDemo\etrice.runtime.c\Debug\libHexagonCANDemo.etrice.runtime.c.a(etTimer.o)
 .data          0x20000188        0x0 C:\data\workspaces\github\de.protos.demos\src\HexagonCANDemo\etrice.runtime.c\Debug\libHexagonCANDemo.etrice.runtime.c.a(etRuntime.o)
 .data          0x20000188        0x0 C:\data\workspaces\github\de.protos.demos\src\HexagonCANDemo\etrice.runtime.c\Debug\libHexagonCANDemo.etrice.runtime.c.a(etActor.o)
 .data          0x20000188        0x0 C:\data\workspaces\github\de.protos.demos\src\HexagonCANDemo\etrice.runtime.c\Debug\libHexagonCANDemo.etrice.runtime.c.a(etPort.o)
 .data          0x20000188        0x0 C:\data\workspaces\github\de.protos.demos\src\HexagonCANDemo\etrice.runtime.c\Debug\libHexagonCANDemo.etrice.runtime.c.a(etMessageService.o)
 .data          0x20000188        0x0 C:\data\workspaces\github\de.protos.demos\src\HexagonCANDemo\etrice.runtime.c\Debug\libHexagonCANDemo.etrice.runtime.c.a(etSystemProtocol.o)
 .data          0x20000188        0x0 C:\data\workspaces\github\de.protos.demos\src\HexagonCANDemo\etrice.runtime.c\Debug\libHexagonCANDemo.etrice.runtime.c.a(etMutex.o)
 .data          0x20000188        0x0 C:\data\workspaces\github\de.protos.demos\src\HexagonCANDemo\etrice.runtime.c\Debug\libHexagonCANDemo.etrice.runtime.c.a(etMessageQueue.o)
 .data          0x20000188        0x0 c:/dave-3.1.10/arm-gcc/bin/../lib/gcc/arm-none-eabi/4.7.4/../../../../arm-none-eabi/lib/armv7e-m\libg.a(lib_a-fflush.o)
 .data          0x20000188        0x0 c:/dave-3.1.10/arm-gcc/bin/../lib/gcc/arm-none-eabi/4.7.4/../../../../arm-none-eabi/lib/armv7e-m\libg.a(lib_a-fgets.o)
 .data          0x20000188        0x0 c:/dave-3.1.10/arm-gcc/bin/../lib/gcc/arm-none-eabi/4.7.4/../../../../arm-none-eabi/lib/armv7e-m\libg.a(lib_a-findfp.o)
 .data          0x20000188        0x0 c:/dave-3.1.10/arm-gcc/bin/../lib/gcc/arm-none-eabi/4.7.4/../../../../arm-none-eabi/lib/armv7e-m\libg.a(lib_a-freer.o)
 .data          0x20000188        0x0 c:/dave-3.1.10/arm-gcc/bin/../lib/gcc/arm-none-eabi/4.7.4/../../../../arm-none-eabi/lib/armv7e-m\libg.a(lib_a-fwalk.o)
 .data          0x20000188        0x0 c:/dave-3.1.10/arm-gcc/bin/../lib/gcc/arm-none-eabi/4.7.4/../../../../arm-none-eabi/lib/armv7e-m\libg.a(lib_a-impure.o)
 .data          0x20000188        0x0 c:/dave-3.1.10/arm-gcc/bin/../lib/gcc/arm-none-eabi/4.7.4/../../../../arm-none-eabi/lib/armv7e-m\libg.a(lib_a-init.o)
 .data          0x20000188        0x0 c:/dave-3.1.10/arm-gcc/bin/../lib/gcc/arm-none-eabi/4.7.4/../../../../arm-none-eabi/lib/armv7e-m\libg.a(lib_a-mallocr.o)
 .data          0x20000188        0x0 c:/dave-3.1.10/arm-gcc/bin/../lib/gcc/arm-none-eabi/4.7.4/../../../../arm-none-eabi/lib/armv7e-m\libg.a(lib_a-memchr.o)
 .data          0x20000188        0x0 c:/dave-3.1.10/arm-gcc/bin/../lib/gcc/arm-none-eabi/4.7.4/../../../../arm-none-eabi/lib/armv7e-m\libg.a(lib_a-memcpy.o)
 .data          0x20000188        0x0 c:/dave-3.1.10/arm-gcc/bin/../lib/gcc/arm-none-eabi/4.7.4/../../../../arm-none-eabi/lib/armv7e-m\libg.a(lib_a-memset.o)
 .data          0x20000188        0x0 c:/dave-3.1.10/arm-gcc/bin/../lib/gcc/arm-none-eabi/4.7.4/../../../../arm-none-eabi/lib/armv7e-m\libg.a(lib_a-mlock.o)
 .data          0x20000188        0x0 c:/dave-3.1.10/arm-gcc/bin/../lib/gcc/arm-none-eabi/4.7.4/../../../../arm-none-eabi/lib/armv7e-m\libg.a(lib_a-puts.o)
 .data          0x20000188        0x0 c:/dave-3.1.10/arm-gcc/bin/../lib/gcc/arm-none-eabi/4.7.4/../../../../arm-none-eabi/lib/armv7e-m\libg.a(lib_a-refill.o)
 .data          0x20000188        0x0 c:/dave-3.1.10/arm-gcc/bin/../lib/gcc/arm-none-eabi/4.7.4/../../../../arm-none-eabi/lib/armv7e-m\libg.a(lib_a-sbrkr.o)
 .data          0x20000188        0x0 c:/dave-3.1.10/arm-gcc/bin/../lib/gcc/arm-none-eabi/4.7.4/../../../../arm-none-eabi/lib/armv7e-m\libg.a(lib_a-stdio.o)
 .data          0x20000188        0x0 c:/dave-3.1.10/arm-gcc/bin/../lib/gcc/arm-none-eabi/4.7.4/../../../../arm-none-eabi/lib/armv7e-m\libg.a(lib_a-strcmp.o)
 .data          0x20000188        0x0 c:/dave-3.1.10/arm-gcc/bin/../lib/gcc/arm-none-eabi/4.7.4/../../../../arm-none-eabi/lib/armv7e-m\libg.a(lib_a-strlen.o)
 .data          0x20000188        0x0 c:/dave-3.1.10/arm-gcc/bin/../lib/gcc/arm-none-eabi/4.7.4/../../../../arm-none-eabi/lib/armv7e-m\libg.a(lib_a-strncmp.o)
 .data          0x20000188        0x0 c:/dave-3.1.10/arm-gcc/bin/../lib/gcc/arm-none-eabi/4.7.4/../../../../arm-none-eabi/lib/armv7e-m\libg.a(lib_a-writer.o)
 .data          0x20000188        0x0 c:/dave-3.1.10/arm-gcc/bin/../lib/gcc/arm-none-eabi/4.7.4/../../../../arm-none-eabi/lib/armv7e-m\libg.a(lib_a-closer.o)
 .data          0x20000188        0x0 c:/dave-3.1.10/arm-gcc/bin/../lib/gcc/arm-none-eabi/4.7.4/../../../../arm-none-eabi/lib/armv7e-m\libg.a(lib_a-fclose.o)
 .data          0x20000188        0x0 c:/dave-3.1.10/arm-gcc/bin/../lib/gcc/arm-none-eabi/4.7.4/../../../../arm-none-eabi/lib/armv7e-m\libg.a(lib_a-fvwrite.o)
 .data          0x20000188        0x0 c:/dave-3.1.10/arm-gcc/bin/../lib/gcc/arm-none-eabi/4.7.4/../../../../arm-none-eabi/lib/armv7e-m\libg.a(lib_a-lseekr.o)
 .data          0x20000188        0x0 c:/dave-3.1.10/arm-gcc/bin/../lib/gcc/arm-none-eabi/4.7.4/../../../../arm-none-eabi/lib/armv7e-m\libg.a(lib_a-makebuf.o)
 .data          0x20000188        0x0 c:/dave-3.1.10/arm-gcc/bin/../lib/gcc/arm-none-eabi/4.7.4/../../../../arm-none-eabi/lib/armv7e-m\libg.a(lib_a-memmove.o)
 .data          0x20000188        0x0 c:/dave-3.1.10/arm-gcc/bin/../lib/gcc/arm-none-eabi/4.7.4/../../../../arm-none-eabi/lib/armv7e-m\libg.a(lib_a-readr.o)
 .data          0x20000188        0x0 c:/dave-3.1.10/arm-gcc/bin/../lib/gcc/arm-none-eabi/4.7.4/../../../../arm-none-eabi/lib/armv7e-m\libg.a(lib_a-reallocr.o)
 .data          0x20000188        0x0 c:/dave-3.1.10/arm-gcc/bin/../lib/gcc/arm-none-eabi/4.7.4/../../../../arm-none-eabi/lib/armv7e-m\libg.a(lib_a-reent.o)
 .data          0x20000188        0x0 c:/dave-3.1.10/arm-gcc/bin/../lib/gcc/arm-none-eabi/4.7.4/../../../../arm-none-eabi/lib/armv7e-m\libg.a(lib_a-wsetup.o)