   1              		.syntax unified
   2              		.cpu cortex-m4
   3              		.eabi_attribute 27, 3
   4              		.fpu fpv4-sp-d16
   5              		.eabi_attribute 20, 1
   6              		.eabi_attribute 21, 1
   7              		.eabi_attribute 23, 3
   8              		.eabi_attribute 24, 1
   9              		.eabi_attribute 25, 1
  10              		.eabi_attribute 26, 1
  11              		.eabi_attribute 30, 6
  12              		.eabi_attribute 34, 1
  13              		.eabi_attribute 18, 4
  14              		.thumb
  15              		.file	"nodeRef1_main_Runner.c"
  16              		.text
  17              	.Ltext0:
  18              		.cfi_sections	.debug_frame
  19              		.section	.rodata
  20              		.align	2
  21              	.LC0:
  22 0000 2D686561 		.ascii	"-headless\000"
  22      646C6573 
  22      7300
  23 000a 0000     		.align	2
  24              	.LC1:
  25 000c 2D72756E 		.ascii	"-run_as_test\000"
  25      5F61735F 
  25      74657374 
  25      00
  26 0019 000000   		.align	2
  27              	.LC2:
  28 001c 2A2A2A20 		.ascii	"***   T H E   B E G I N   ***\000"
  28      20205420 
  28      48204520 
  28      20204220 
  28      45204720 
  29 003a 0000     		.align	2
  30              	.LC3:
  31 003c 2A2A2A20 		.ascii	"***   T H E   E N D   ***\000"
  31      20205420 
  31      48204520 
  31      20204520 
  31      4E204420 
  32 0056 0000     		.section	.text.main,"ax",%progbits
  33              		.align	2
  34              		.global	main
  35              		.thumb
  36              		.thumb_func
  38              	main:
  39              	.LFB0:
  40              		.file 1 "C:/data/workspaces/github/de.protos.demos/src/HexagonCANDemo/etrice.HexagonCANDemo.demo/s
   1:C:/data/workspaces/github/de.protos.demos/src/HexagonCANDemo/etrice.HexagonCANDemo.demo/src-gen-st/HexagonCANDemo\nodeRef1_main_Runner.c **** /**
   2:C:/data/workspaces/github/de.protos.demos/src/HexagonCANDemo/etrice.HexagonCANDemo.demo/src-gen-st/HexagonCANDemo\nodeRef1_main_Runner.c ****  * @author generated by eTrice
   3:C:/data/workspaces/github/de.protos.demos/src/HexagonCANDemo/etrice.HexagonCANDemo.demo/src-gen-st/HexagonCANDemo\nodeRef1_main_Runner.c ****  *
   4:C:/data/workspaces/github/de.protos.demos/src/HexagonCANDemo/etrice.HexagonCANDemo.demo/src-gen-st/HexagonCANDemo\nodeRef1_main_Runner.c ****  * this class contains the main function running Node nodeRef1 with SubSystem main
   5:C:/data/workspaces/github/de.protos.demos/src/HexagonCANDemo/etrice.HexagonCANDemo.demo/src-gen-st/HexagonCANDemo\nodeRef1_main_Runner.c ****  * it instantiates Node nodeRef1 with SubSystem main and starts and ends the lifecycle
   6:C:/data/workspaces/github/de.protos.demos/src/HexagonCANDemo/etrice.HexagonCANDemo.demo/src-gen-st/HexagonCANDemo\nodeRef1_main_Runner.c ****  */
   7:C:/data/workspaces/github/de.protos.demos/src/HexagonCANDemo/etrice.HexagonCANDemo.demo/src-gen-st/HexagonCANDemo\nodeRef1_main_Runner.c **** 
   8:C:/data/workspaces/github/de.protos.demos/src/HexagonCANDemo/etrice.HexagonCANDemo.demo/src-gen-st/HexagonCANDemo\nodeRef1_main_Runner.c **** #include <string.h>
   9:C:/data/workspaces/github/de.protos.demos/src/HexagonCANDemo/etrice.HexagonCANDemo.demo/src-gen-st/HexagonCANDemo\nodeRef1_main_Runner.c **** 
  10:C:/data/workspaces/github/de.protos.demos/src/HexagonCANDemo/etrice.HexagonCANDemo.demo/src-gen-st/HexagonCANDemo\nodeRef1_main_Runner.c **** #include "nodeRef1_main.h"
  11:C:/data/workspaces/github/de.protos.demos/src/HexagonCANDemo/etrice.HexagonCANDemo.demo/src-gen-st/HexagonCANDemo\nodeRef1_main_Runner.c **** 
  12:C:/data/workspaces/github/de.protos.demos/src/HexagonCANDemo/etrice.HexagonCANDemo.demo/src-gen-st/HexagonCANDemo\nodeRef1_main_Runner.c **** #include "debugging/etLogger.h"
  13:C:/data/workspaces/github/de.protos.demos/src/HexagonCANDemo/etrice.HexagonCANDemo.demo/src-gen-st/HexagonCANDemo\nodeRef1_main_Runner.c **** #include "debugging/etMSCLogger.h"
  14:C:/data/workspaces/github/de.protos.demos/src/HexagonCANDemo/etrice.HexagonCANDemo.demo/src-gen-st/HexagonCANDemo\nodeRef1_main_Runner.c **** #include "debugging/etDataLogger.h"
  15:C:/data/workspaces/github/de.protos.demos/src/HexagonCANDemo/etrice.HexagonCANDemo.demo/src-gen-st/HexagonCANDemo\nodeRef1_main_Runner.c **** 
  16:C:/data/workspaces/github/de.protos.demos/src/HexagonCANDemo/etrice.HexagonCANDemo.demo/src-gen-st/HexagonCANDemo\nodeRef1_main_Runner.c **** #include "osal/etPlatformLifecycle.h"
  17:C:/data/workspaces/github/de.protos.demos/src/HexagonCANDemo/etrice.HexagonCANDemo.demo/src-gen-st/HexagonCANDemo\nodeRef1_main_Runner.c **** 
  18:C:/data/workspaces/github/de.protos.demos/src/HexagonCANDemo/etrice.HexagonCANDemo.demo/src-gen-st/HexagonCANDemo\nodeRef1_main_Runner.c **** /**
  19:C:/data/workspaces/github/de.protos.demos/src/HexagonCANDemo/etrice.HexagonCANDemo.demo/src-gen-st/HexagonCANDemo\nodeRef1_main_Runner.c ****  * main function
  20:C:/data/workspaces/github/de.protos.demos/src/HexagonCANDemo/etrice.HexagonCANDemo.demo/src-gen-st/HexagonCANDemo\nodeRef1_main_Runner.c ****  * creates component and starts and stops the lifecycle
  21:C:/data/workspaces/github/de.protos.demos/src/HexagonCANDemo/etrice.HexagonCANDemo.demo/src-gen-st/HexagonCANDemo\nodeRef1_main_Runner.c ****  */
  22:C:/data/workspaces/github/de.protos.demos/src/HexagonCANDemo/etrice.HexagonCANDemo.demo/src-gen-st/HexagonCANDemo\nodeRef1_main_Runner.c **** 
  23:C:/data/workspaces/github/de.protos.demos/src/HexagonCANDemo/etrice.HexagonCANDemo.demo/src-gen-st/HexagonCANDemo\nodeRef1_main_Runner.c **** int main(int argc, char** argv) {
  41              		.loc 1 23 0
  42              		.cfi_startproc
  43              		@ args = 0, pretend = 0, frame = 16
  44              		@ frame_needed = 1, uses_anonymous_args = 0
  45 0000 80B5     		push	{r7, lr}
  46              	.LCFI0:
  47              		.cfi_def_cfa_offset 8
  48              		.cfi_offset 7, -8
  49              		.cfi_offset 14, -4
  50 0002 84B0     		sub	sp, sp, #16
  51              	.LCFI1:
  52              		.cfi_def_cfa_offset 24
  53 0004 00AF     		add	r7, sp, #0
  54              	.LCFI2:
  55              		.cfi_def_cfa_register 7
  56 0006 7860     		str	r0, [r7, #4]
  57 0008 3960     		str	r1, [r7, #0]
  24:C:/data/workspaces/github/de.protos.demos/src/HexagonCANDemo/etrice.HexagonCANDemo.demo/src-gen-st/HexagonCANDemo\nodeRef1_main_Runner.c **** 	etBool runAsTest = ET_FALSE;
  58              		.loc 1 24 0
  59 000a 4FF00003 		mov	r3, #0
  60 000e FB73     		strb	r3, [r7, #15]
  25:C:/data/workspaces/github/de.protos.demos/src/HexagonCANDemo/etrice.HexagonCANDemo.demo/src-gen-st/HexagonCANDemo\nodeRef1_main_Runner.c **** 
  26:C:/data/workspaces/github/de.protos.demos/src/HexagonCANDemo/etrice.HexagonCANDemo.demo/src-gen-st/HexagonCANDemo\nodeRef1_main_Runner.c **** 	if (argc>1 && strcmp(argv[1], "-headless")==0)
  61              		.loc 1 26 0
  62 0010 7B68     		ldr	r3, [r7, #4]
  63 0012 012B     		cmp	r3, #1
  64 0014 10DD     		ble	.L2
  65              		.loc 1 26 0 is_stmt 0 discriminator 1
  66 0016 3B68     		ldr	r3, [r7, #0]
  67 0018 03F10403 		add	r3, r3, #4
  68 001c 1B68     		ldr	r3, [r3, #0]
  69 001e 1846     		mov	r0, r3
  70 0020 40F20001 		movw	r1, #:lower16:.LC0
  71 0024 C0F20001 		movt	r1, #:upper16:.LC0
  72 0028 FFF7FEFF 		bl	strcmp
  73 002c 0346     		mov	r3, r0
  74 002e 002B     		cmp	r3, #0
  75 0030 02D1     		bne	.L2
  27:C:/data/workspaces/github/de.protos.demos/src/HexagonCANDemo/etrice.HexagonCANDemo.demo/src-gen-st/HexagonCANDemo\nodeRef1_main_Runner.c **** 		runAsTest = ET_TRUE;
  76              		.loc 1 27 0 is_stmt 1
  77 0032 4FF00103 		mov	r3, #1
  78 0036 FB73     		strb	r3, [r7, #15]
  79              	.L2:
  28:C:/data/workspaces/github/de.protos.demos/src/HexagonCANDemo/etrice.HexagonCANDemo.demo/src-gen-st/HexagonCANDemo\nodeRef1_main_Runner.c **** 	if (argc>1 && strcmp(argv[1], "-run_as_test")==0)
  80              		.loc 1 28 0
  81 0038 7B68     		ldr	r3, [r7, #4]
  82 003a 012B     		cmp	r3, #1
  83 003c 10DD     		ble	.L3
  84              		.loc 1 28 0 is_stmt 0 discriminator 1
  85 003e 3B68     		ldr	r3, [r7, #0]
  86 0040 03F10403 		add	r3, r3, #4
  87 0044 1B68     		ldr	r3, [r3, #0]
  88 0046 1846     		mov	r0, r3
  89 0048 40F20001 		movw	r1, #:lower16:.LC1
  90 004c C0F20001 		movt	r1, #:upper16:.LC1
  91 0050 FFF7FEFF 		bl	strcmp
  92 0054 0346     		mov	r3, r0
  93 0056 002B     		cmp	r3, #0
  94 0058 02D1     		bne	.L3
  29:C:/data/workspaces/github/de.protos.demos/src/HexagonCANDemo/etrice.HexagonCANDemo.demo/src-gen-st/HexagonCANDemo\nodeRef1_main_Runner.c **** 		runAsTest = ET_TRUE;
  95              		.loc 1 29 0 is_stmt 1
  96 005a 4FF00103 		mov	r3, #1
  97 005e FB73     		strb	r3, [r7, #15]
  98              	.L3:
  30:C:/data/workspaces/github/de.protos.demos/src/HexagonCANDemo/etrice.HexagonCANDemo.demo/src-gen-st/HexagonCANDemo\nodeRef1_main_Runner.c **** 
  31:C:/data/workspaces/github/de.protos.demos/src/HexagonCANDemo/etrice.HexagonCANDemo.demo/src-gen-st/HexagonCANDemo\nodeRef1_main_Runner.c **** 	etUserEntry(); /* platform specific */
  99              		.loc 1 31 0
 100 0060 FFF7FEFF 		bl	etUserEntry
  32:C:/data/workspaces/github/de.protos.demos/src/HexagonCANDemo/etrice.HexagonCANDemo.demo/src-gen-st/HexagonCANDemo\nodeRef1_main_Runner.c **** 	
  33:C:/data/workspaces/github/de.protos.demos/src/HexagonCANDemo/etrice.HexagonCANDemo.demo/src-gen-st/HexagonCANDemo\nodeRef1_main_Runner.c **** 	etLogger_logInfo("***   T H E   B E G I N   ***");
 101              		.loc 1 33 0
 102 0064 40F20000 		movw	r0, #:lower16:.LC2
 103 0068 C0F20000 		movt	r0, #:upper16:.LC2
 104 006c FFF7FEFF 		bl	etLogger_logInfo
  34:C:/data/workspaces/github/de.protos.demos/src/HexagonCANDemo/etrice.HexagonCANDemo.demo/src-gen-st/HexagonCANDemo\nodeRef1_main_Runner.c **** 	ET_MSC_LOGGER_OPEN("main");
  35:C:/data/workspaces/github/de.protos.demos/src/HexagonCANDemo/etrice.HexagonCANDemo.demo/src-gen-st/HexagonCANDemo\nodeRef1_main_Runner.c **** 
  36:C:/data/workspaces/github/de.protos.demos/src/HexagonCANDemo/etrice.HexagonCANDemo.demo/src-gen-st/HexagonCANDemo\nodeRef1_main_Runner.c **** 	/* startup sequence  of lifecycle */
  37:C:/data/workspaces/github/de.protos.demos/src/HexagonCANDemo/etrice.HexagonCANDemo.demo/src-gen-st/HexagonCANDemo\nodeRef1_main_Runner.c **** 	nodeRef1_main_init(); 		/* lifecycle init */
 105              		.loc 1 37 0
 106 0070 FFF7FEFF 		bl	nodeRef1_main_init
  38:C:/data/workspaces/github/de.protos.demos/src/HexagonCANDemo/etrice.HexagonCANDemo.demo/src-gen-st/HexagonCANDemo\nodeRef1_main_Runner.c **** 	nodeRef1_main_start(); 	/* lifecycle start */
 107              		.loc 1 38 0
 108 0074 FFF7FEFF 		bl	nodeRef1_main_start
  39:C:/data/workspaces/github/de.protos.demos/src/HexagonCANDemo/etrice.HexagonCANDemo.demo/src-gen-st/HexagonCANDemo\nodeRef1_main_Runner.c **** 
  40:C:/data/workspaces/github/de.protos.demos/src/HexagonCANDemo/etrice.HexagonCANDemo.demo/src-gen-st/HexagonCANDemo\nodeRef1_main_Runner.c **** 	etUserPreRun(); /* platform specific */
 109              		.loc 1 40 0
 110 0078 FFF7FEFF 		bl	etUserPreRun
  41:C:/data/workspaces/github/de.protos.demos/src/HexagonCANDemo/etrice.HexagonCANDemo.demo/src-gen-st/HexagonCANDemo\nodeRef1_main_Runner.c **** 
  42:C:/data/workspaces/github/de.protos.demos/src/HexagonCANDemo/etrice.HexagonCANDemo.demo/src-gen-st/HexagonCANDemo\nodeRef1_main_Runner.c **** 	/* run Scheduler */
  43:C:/data/workspaces/github/de.protos.demos/src/HexagonCANDemo/etrice.HexagonCANDemo.demo/src-gen-st/HexagonCANDemo\nodeRef1_main_Runner.c **** 	nodeRef1_main_run(runAsTest);
 111              		.loc 1 43 0
 112 007c FB7B     		ldrb	r3, [r7, #15]	@ zero_extendqisi2
 113 007e 1846     		mov	r0, r3
 114 0080 FFF7FEFF 		bl	nodeRef1_main_run
  44:C:/data/workspaces/github/de.protos.demos/src/HexagonCANDemo/etrice.HexagonCANDemo.demo/src-gen-st/HexagonCANDemo\nodeRef1_main_Runner.c **** 
  45:C:/data/workspaces/github/de.protos.demos/src/HexagonCANDemo/etrice.HexagonCANDemo.demo/src-gen-st/HexagonCANDemo\nodeRef1_main_Runner.c **** 	etUserPostRun(); /* platform specific */
 115              		.loc 1 45 0
 116 0084 FFF7FEFF 		bl	etUserPostRun
  46:C:/data/workspaces/github/de.protos.demos/src/HexagonCANDemo/etrice.HexagonCANDemo.demo/src-gen-st/HexagonCANDemo\nodeRef1_main_Runner.c **** 
  47:C:/data/workspaces/github/de.protos.demos/src/HexagonCANDemo/etrice.HexagonCANDemo.demo/src-gen-st/HexagonCANDemo\nodeRef1_main_Runner.c **** 	/* shutdown sequence of lifecycle */
  48:C:/data/workspaces/github/de.protos.demos/src/HexagonCANDemo/etrice.HexagonCANDemo.demo/src-gen-st/HexagonCANDemo\nodeRef1_main_Runner.c **** 	nodeRef1_main_stop(); 		/* lifecycle stop */
 117              		.loc 1 48 0
 118 0088 FFF7FEFF 		bl	nodeRef1_main_stop
  49:C:/data/workspaces/github/de.protos.demos/src/HexagonCANDemo/etrice.HexagonCANDemo.demo/src-gen-st/HexagonCANDemo\nodeRef1_main_Runner.c **** 	nodeRef1_main_destroy(); 	/* lifecycle destroy */
 119              		.loc 1 49 0
 120 008c FFF7FEFF 		bl	nodeRef1_main_destroy
  50:C:/data/workspaces/github/de.protos.demos/src/HexagonCANDemo/etrice.HexagonCANDemo.demo/src-gen-st/HexagonCANDemo\nodeRef1_main_Runner.c **** 
  51:C:/data/workspaces/github/de.protos.demos/src/HexagonCANDemo/etrice.HexagonCANDemo.demo/src-gen-st/HexagonCANDemo\nodeRef1_main_Runner.c **** 	ET_MSC_LOGGER_CLOSE
  52:C:/data/workspaces/github/de.protos.demos/src/HexagonCANDemo/etrice.HexagonCANDemo.demo/src-gen-st/HexagonCANDemo\nodeRef1_main_Runner.c **** 	etLogger_logInfo("***   T H E   E N D   ***");
 121              		.loc 1 52 0
 122 0090 40F20000 		movw	r0, #:lower16:.LC3
 123 0094 C0F20000 		movt	r0, #:upper16:.LC3
 124 0098 FFF7FEFF 		bl	etLogger_logInfo
  53:C:/data/workspaces/github/de.protos.demos/src/HexagonCANDemo/etrice.HexagonCANDemo.demo/src-gen-st/HexagonCANDemo\nodeRef1_main_Runner.c **** 
  54:C:/data/workspaces/github/de.protos.demos/src/HexagonCANDemo/etrice.HexagonCANDemo.demo/src-gen-st/HexagonCANDemo\nodeRef1_main_Runner.c **** 	etUserExit(); /* platform specific */
 125              		.loc 1 54 0
 126 009c FFF7FEFF 		bl	etUserExit
  55:C:/data/workspaces/github/de.protos.demos/src/HexagonCANDemo/etrice.HexagonCANDemo.demo/src-gen-st/HexagonCANDemo\nodeRef1_main_Runner.c **** 
  56:C:/data/workspaces/github/de.protos.demos/src/HexagonCANDemo/etrice.HexagonCANDemo.demo/src-gen-st/HexagonCANDemo\nodeRef1_main_Runner.c **** 	return 0;
 127              		.loc 1 56 0
 128 00a0 4FF00003 		mov	r3, #0
  57:C:/data/workspaces/github/de.protos.demos/src/HexagonCANDemo/etrice.HexagonCANDemo.demo/src-gen-st/HexagonCANDemo\nodeRef1_main_Runner.c **** }
 129              		.loc 1 57 0
 130 00a4 1846     		mov	r0, r3
 131 00a6 07F11007 		add	r7, r7, #16
 132 00aa BD46     		mov	sp, r7
 133 00ac 80BD     		pop	{r7, pc}
 134              		.cfi_endproc
 135              	.LFE0:
 137 00ae 00BF     		.text
 138              	.Letext0:
 139              		.file 2 "C:\\data\\workspaces\\github\\de.protos.demos\\src\\HexagonCANDemo\\etrice.runtime.c\\etR
DEFINED SYMBOLS
                            *ABS*:00000000 nodeRef1_main_Runner.c
C:\Users\TJung\AppData\Local\Temp\ccpkyQkW.s:20     .rodata:00000000 $d
C:\Users\TJung\AppData\Local\Temp\ccpkyQkW.s:21     .rodata:00000000 .LC0
C:\Users\TJung\AppData\Local\Temp\ccpkyQkW.s:24     .rodata:0000000c .LC1
C:\Users\TJung\AppData\Local\Temp\ccpkyQkW.s:27     .rodata:0000001c .LC2
C:\Users\TJung\AppData\Local\Temp\ccpkyQkW.s:30     .rodata:0000003c .LC3
C:\Users\TJung\AppData\Local\Temp\ccpkyQkW.s:33     .text.main:00000000 $t
C:\Users\TJung\AppData\Local\Temp\ccpkyQkW.s:38     .text.main:00000000 main
                     .debug_frame:00000010 $d
                           .group:00000000 wm4.1.59b7826cf76cfe2eff811cea0f220ee8
                           .group:00000000 wm4.newlib.h.8.a9901dc52d1357e3e94003403d43f8b5
                           .group:00000000 wm4.features.h.22.b72b3baab2bb2eab3661375590100b6b
                           .group:00000000 wm4.config.h.193.5fb8ef056cdff92dec3dee9552839d8c
                           .group:00000000 wm4._ansi.h.23.7aefdac4826acebbfc9f3822a0aeb14c
                           .group:00000000 wm4._default_types.h.6.5e12cd604db8ce00b62bb2f02708eaf3
                           .group:00000000 wm4.lock.h.2.9bc98482741e5e2a9450b12934a684ea
                           .group:00000000 wm4.stddef.h.349.31f4c5baff3fa2689010b32028da9c47
                           .group:00000000 wm4.reent.h.16.9e42f0e588b85e70b2bf6572af57ce64
                           .group:00000000 wm4.stddef.h.187.9e651b6b8b16e149c1353259404973ea
                           .group:00000000 wm4.string.h.17.f8d12df81104836a3f2a5d589ae830d8
                           .group:00000000 wm4.stdio.h.27.f2ac352bab34f31f9f478442827b2ba6
                           .group:00000000 wm4.stddef.h.235.d9f4f80b8c4429535175712282cda6a6
                           .group:00000000 wm4.stdarg.h.34.3a23a216c0c293b3d2ea2e89281481e6
                           .group:00000000 wm4.types.h.23.0d949686bbcadd1621462d4fa1f884f9
                           .group:00000000 wm4.stddef.h.40.cf962ebbec441b3ac67502735f0765db
                           .group:00000000 wm4.types.h.2.e9cec8c90ab35f77d9f499e06ae02400
                           .group:00000000 wm4.types.h.80.1f2c84c0d57dd52dd9936095d9ac218e
                           .group:00000000 wm4.stdio.h.2.4aa87247282eca6c8f36f9de33d8df1a
                           .group:00000000 wm4.stdio.h.63.dfdea6580b080784d08faace69b6ed76
                           .group:00000000 wm4.etDatatypes.h.46.d01c3a9ad02b6611beb80ccd6973b180
                           .group:00000000 wm4.etRuntimeConfig.h.22.f3896c5e01c5c01380e7f5e574077970
                           .group:00000000 wm4.etMSCLogger.h.141.92ef314402d3b770bc37bd8efd7aeec4
                           .group:00000000 wm4.etDataLogger.h.24.5658ba618540d9d1deee126df529d311

UNDEFINED SYMBOLS
strcmp
etUserEntry
etLogger_logInfo
nodeRef1_main_init
nodeRef1_main_start
etUserPreRun
nodeRef1_main_run
etUserPostRun
nodeRef1_main_stop
nodeRef1_main_destroy
etUserExit
